[1mApache Maven 3.8.7[m
Maven home: /usr/share/maven
Java version: 21.0.10, vendor: Ubuntu, runtime: /usr/lib/jvm/java-21-openjdk-amd64
Default locale: en_US, platform encoding: UTF-8
OS name: "linux", version: "6.17.0-14-generic", arch: "amd64", family: "unix"
[[1;36mDEBUG[m] Created new class realm maven.api
[[1;36mDEBUG[m] Importing foreign packages into class realm maven.api
[[1;36mDEBUG[m]   Imported: javax.annotation.* < plexus.core
[[1;36mDEBUG[m]   Imported: javax.annotation.security.* < plexus.core
[[1;36mDEBUG[m]   Imported: javax.inject.* < plexus.core
[[1;36mDEBUG[m]   Imported: org.apache.maven.* < plexus.core
[[1;36mDEBUG[m]   Imported: org.apache.maven.artifact < plexus.core
[[1;36mDEBUG[m]   Imported: org.apache.maven.classrealm < plexus.core
[[1;36mDEBUG[m]   Imported: org.apache.maven.cli < plexus.core
[[1;36mDEBUG[m]   Imported: org.apache.maven.configuration < plexus.core
[[1;36mDEBUG[m]   Imported: org.apache.maven.exception < plexus.core
[[1;36mDEBUG[m]   Imported: org.apache.maven.execution < plexus.core
[[1;36mDEBUG[m]   Imported: org.apache.maven.execution.scope < plexus.core
[[1;36mDEBUG[m]   Imported: org.apache.maven.lifecycle < plexus.core
[[1;36mDEBUG[m]   Imported: org.apache.maven.model < plexus.core
[[1;36mDEBUG[m]   Imported: org.apache.maven.monitor < plexus.core
[[1;36mDEBUG[m]   Imported: org.apache.maven.plugin < plexus.core
[[1;36mDEBUG[m]   Imported: org.apache.maven.profiles < plexus.core
[[1;36mDEBUG[m]   Imported: org.apache.maven.project < plexus.core
[[1;36mDEBUG[m]   Imported: org.apache.maven.reporting < plexus.core
[[1;36mDEBUG[m]   Imported: org.apache.maven.repository < plexus.core
[[1;36mDEBUG[m]   Imported: org.apache.maven.rtinfo < plexus.core
[[1;36mDEBUG[m]   Imported: org.apache.maven.settings < plexus.core
[[1;36mDEBUG[m]   Imported: org.apache.maven.toolchain < plexus.core
[[1;36mDEBUG[m]   Imported: org.apache.maven.usability < plexus.core
[[1;36mDEBUG[m]   Imported: org.apache.maven.wagon.* < plexus.core
[[1;36mDEBUG[m]   Imported: org.apache.maven.wagon.authentication < plexus.core
[[1;36mDEBUG[m]   Imported: org.apache.maven.wagon.authorization < plexus.core
[[1;36mDEBUG[m]   Imported: org.apache.maven.wagon.events < plexus.core
[[1;36mDEBUG[m]   Imported: org.apache.maven.wagon.observers < plexus.core
[[1;36mDEBUG[m]   Imported: org.apache.maven.wagon.proxy < plexus.core
[[1;36mDEBUG[m]   Imported: org.apache.maven.wagon.repository < plexus.core
[[1;36mDEBUG[m]   Imported: org.apache.maven.wagon.resource < plexus.core
[[1;36mDEBUG[m]   Imported: org.codehaus.classworlds < plexus.core
[[1;36mDEBUG[m]   Imported: org.codehaus.plexus.* < plexus.core
[[1;36mDEBUG[m]   Imported: org.codehaus.plexus.classworlds < plexus.core
[[1;36mDEBUG[m]   Imported: org.codehaus.plexus.component < plexus.core
[[1;36mDEBUG[m]   Imported: org.codehaus.plexus.configuration < plexus.core
[[1;36mDEBUG[m]   Imported: org.codehaus.plexus.container < plexus.core
[[1;36mDEBUG[m]   Imported: org.codehaus.plexus.context < plexus.core
[[1;36mDEBUG[m]   Imported: org.codehaus.plexus.lifecycle < plexus.core
[[1;36mDEBUG[m]   Imported: org.codehaus.plexus.logging < plexus.core
[[1;36mDEBUG[m]   Imported: org.codehaus.plexus.personality < plexus.core
[[1;36mDEBUG[m]   Imported: org.codehaus.plexus.util.xml.Xpp3Dom < plexus.core
[[1;36mDEBUG[m]   Imported: org.codehaus.plexus.util.xml.pull.XmlPullParser < plexus.core
[[1;36mDEBUG[m]   Imported: org.codehaus.plexus.util.xml.pull.XmlPullParserException < plexus.core
[[1;36mDEBUG[m]   Imported: org.codehaus.plexus.util.xml.pull.XmlSerializer < plexus.core
[[1;36mDEBUG[m]   Imported: org.eclipse.aether.* < plexus.core
[[1;36mDEBUG[m]   Imported: org.eclipse.aether.artifact < plexus.core
[[1;36mDEBUG[m]   Imported: org.eclipse.aether.collection < plexus.core
[[1;36mDEBUG[m]   Imported: org.eclipse.aether.deployment < plexus.core
[[1;36mDEBUG[m]   Imported: org.eclipse.aether.graph < plexus.core
[[1;36mDEBUG[m]   Imported: org.eclipse.aether.impl < plexus.core
[[1;36mDEBUG[m]   Imported: org.eclipse.aether.installation < plexus.core
[[1;36mDEBUG[m]   Imported: org.eclipse.aether.internal.impl < plexus.core
[[1;36mDEBUG[m]   Imported: org.eclipse.aether.metadata < plexus.core
[[1;36mDEBUG[m]   Imported: org.eclipse.aether.repository < plexus.core
[[1;36mDEBUG[m]   Imported: org.eclipse.aether.resolution < plexus.core
[[1;36mDEBUG[m]   Imported: org.eclipse.aether.spi < plexus.core
[[1;36mDEBUG[m]   Imported: org.eclipse.aether.transfer < plexus.core
[[1;36mDEBUG[m]   Imported: org.eclipse.aether.version < plexus.core
[[1;36mDEBUG[m]   Imported: org.fusesource.jansi.* < plexus.core
[[1;36mDEBUG[m]   Imported: org.slf4j.* < plexus.core
[[1;36mDEBUG[m]   Imported: org.slf4j.event.* < plexus.core
[[1;36mDEBUG[m]   Imported: org.slf4j.helpers.* < plexus.core
[[1;36mDEBUG[m]   Imported: org.slf4j.spi.* < plexus.core
[[1;36mDEBUG[m] Populating class realm maven.api
[[1;34mINFO[m] Error stacktraces are turned on.
[[1;36mDEBUG[m] Message scheme: color
[[1;36mDEBUG[m] Message styles: [1;36mdebug[m [1;34minfo[m [1;33mwarning[m [1;31merror[m [1;32msuccess[m [1;31mfailure[m [1mstrong[m [32mmojo[m [36mproject[m
[[1;36mDEBUG[m] Reading global settings from /usr/share/maven/conf/settings.xml
[[1;36mDEBUG[m] Reading user settings from /home/ubutnu/.m2/settings.xml
[[1;36mDEBUG[m] Reading global toolchains from /usr/share/maven/conf/toolchains.xml
[[1;36mDEBUG[m] Reading user toolchains from /home/ubutnu/.m2/toolchains.xml
[[1;36mDEBUG[m] Using local repository at /home/ubutnu/.m2/repository
[[1;36mDEBUG[m] Using manager EnhancedLocalRepositoryManager with priority 10.0 for /home/ubutnu/.m2/repository
[[1;34mINFO[m] Scanning for projects...
[[1;36mDEBUG[m] Extension realms for project com.ai4kb:backend:jar:0.0.1-SNAPSHOT: (none)
[[1;36mDEBUG[m] Looking up lifecycle mappings for packaging jar from ClassRealm[plexus.core, parent: null]
[[1;36mDEBUG[m] Extension realms for project org.springframework.boot:spring-boot-starter-parent:pom:3.2.2: (none)
[[1;36mDEBUG[m] Looking up lifecycle mappings for packaging pom from ClassRealm[plexus.core, parent: null]
[[1;36mDEBUG[m] Extension realms for project org.springframework.boot:spring-boot-dependencies:pom:3.2.2: (none)
[[1;36mDEBUG[m] Looking up lifecycle mappings for packaging pom from ClassRealm[plexus.core, parent: null]
[[1;36mDEBUG[m] === REACTOR BUILD PLAN ================================================
[[1;36mDEBUG[m] Project: com.ai4kb:backend:jar:0.0.1-SNAPSHOT
[[1;36mDEBUG[m] Tasks:   [clean, compile]
[[1;36mDEBUG[m] Style:   Regular
[[1;36mDEBUG[m] =======================================================================
[[1;34mINFO[m] 
[[1;34mINFO[m] [1m-------------------------< [0;36mcom.ai4kb:backend[0;1m >--------------------------[m
[[1;34mINFO[m] [1mBuilding backend 0.0.1-SNAPSHOT[m
[[1;34mINFO[m] [1m--------------------------------[ jar ]---------------------------------[m
[[1;36mDEBUG[m] Lifecycle default -> [validate, initialize, generate-sources, process-sources, generate-resources, process-resources, compile, process-classes, generate-test-sources, process-test-sources, generate-test-resources, process-test-resources, test-compile, process-test-classes, test, prepare-package, package, pre-integration-test, integration-test, post-integration-test, verify, install, deploy]
[[1;36mDEBUG[m] Lifecycle clean -> [pre-clean, clean, post-clean]
[[1;36mDEBUG[m] Lifecycle site -> [pre-site, site, post-site, site-deploy]
[[1;36mDEBUG[m] Lifecycle default -> [validate, initialize, generate-sources, process-sources, generate-resources, process-resources, compile, process-classes, generate-test-sources, process-test-sources, generate-test-resources, process-test-resources, test-compile, process-test-classes, test, prepare-package, package, pre-integration-test, integration-test, post-integration-test, verify, install, deploy]
[[1;36mDEBUG[m] Lifecycle clean -> [pre-clean, clean, post-clean]
[[1;36mDEBUG[m] Lifecycle site -> [pre-site, site, post-site, site-deploy]
[[1;36mDEBUG[m] Lifecycle default -> [validate, initialize, generate-sources, process-sources, generate-resources, process-resources, compile, process-classes, generate-test-sources, process-test-sources, generate-test-resources, process-test-resources, test-compile, process-test-classes, test, prepare-package, package, pre-integration-test, integration-test, post-integration-test, verify, install, deploy]
[[1;36mDEBUG[m] Lifecycle clean -> [pre-clean, clean, post-clean]
[[1;36mDEBUG[m] Lifecycle site -> [pre-site, site, post-site, site-deploy]
[[1;36mDEBUG[m] Lifecycle default -> [validate, initialize, generate-sources, process-sources, generate-resources, process-resources, compile, process-classes, generate-test-sources, process-test-sources, generate-test-resources, process-test-resources, test-compile, process-test-classes, test, prepare-package, package, pre-integration-test, integration-test, post-integration-test, verify, install, deploy]
[[1;36mDEBUG[m] Lifecycle clean -> [pre-clean, clean, post-clean]
[[1;36mDEBUG[m] Lifecycle site -> [pre-site, site, post-site, site-deploy]
[[1;36mDEBUG[m] Lifecycle default -> [validate, initialize, generate-sources, process-sources, generate-resources, process-resources, compile, process-classes, generate-test-sources, process-test-sources, generate-test-resources, process-test-resources, test-compile, process-test-classes, test, prepare-package, package, pre-integration-test, integration-test, post-integration-test, verify, install, deploy]
[[1;36mDEBUG[m] Lifecycle clean -> [pre-clean, clean, post-clean]
[[1;36mDEBUG[m] Lifecycle site -> [pre-site, site, post-site, site-deploy]
[[1;36mDEBUG[m] === PROJECT BUILD PLAN ================================================
[[1;36mDEBUG[m] Project:       com.ai4kb:backend:0.0.1-SNAPSHOT
[[1;36mDEBUG[m] Dependencies (collect): []
[[1;36mDEBUG[m] Dependencies (resolve): [compile]
[[1;36mDEBUG[m] Repositories (dependencies): [central (https://repo.maven.apache.org/maven2, default, releases)]
[[1;36mDEBUG[m] Repositories (plugins)     : [central (https://repo.maven.apache.org/maven2, default, releases)]
[[1;36mDEBUG[m] -----------------------------------------------------------------------
[[1;36mDEBUG[m] Goal:          org.apache.maven.plugins:maven-clean-plugin:3.3.2:clean (default-clean)
[[1;36mDEBUG[m] Style:         Regular
[[1;36mDEBUG[m] Configuration: <?xml version="1.0" encoding="UTF-8"?>
<configuration>
  <directory default-value="${project.build.directory}"/>
  <excludeDefaultDirectories default-value="false">${maven.clean.excludeDefaultDirectories}</excludeDefaultDirectories>
  <failOnError default-value="true">${maven.clean.failOnError}</failOnError>
  <fast default-value="false">${maven.clean.fast}</fast>
  <fastDir>${maven.clean.fastDir}</fastDir>
  <fastMode default-value="background">${maven.clean.fastMode}</fastMode>
  <followSymLinks default-value="false">${maven.clean.followSymLinks}</followSymLinks>
  <outputDirectory default-value="${project.build.outputDirectory}"/>
  <reportDirectory default-value="${project.build.outputDirectory}"/>
  <retryOnError default-value="true">${maven.clean.retryOnError}</retryOnError>
  <session default-value="${session}"/>
  <skip default-value="false">${maven.clean.skip}</skip>
  <testOutputDirectory default-value="${project.build.testOutputDirectory}"/>
  <verbose>${maven.clean.verbose}</verbose>
</configuration>
[[1;36mDEBUG[m] -----------------------------------------------------------------------
[[1;36mDEBUG[m] Goal:          org.apache.maven.plugins:maven-resources-plugin:3.3.1:resources (default-resources)
[[1;36mDEBUG[m] Style:         Regular
[[1;36mDEBUG[m] Configuration: <?xml version="1.0" encoding="UTF-8"?>
<configuration>
  <addDefaultExcludes default-value="true"/>
  <buildFilters default-value="${project.build.filters}"/>
  <delimiters>
    <delimiter>@</delimiter>
  </delimiters>
  <encoding default-value="${project.build.sourceEncoding}"/>
  <escapeWindowsPaths default-value="true"/>
  <fileNameFiltering default-value="false"/>
  <includeEmptyDirs default-value="false"/>
  <outputDirectory default-value="${project.build.outputDirectory}"/>
  <overwrite default-value="false"/>
  <project default-value="${project}"/>
  <propertiesEncoding>UTF-8</propertiesEncoding>
  <resources default-value="${project.resources}"/>
  <session default-value="${session}"/>
  <skip default-value="false">${maven.resources.skip}</skip>
  <supportMultiLineFiltering default-value="false"/>
  <useBuildFilters default-value="true"/>
  <useDefaultDelimiters default-value="true">false</useDefaultDelimiters>
</configuration>
[[1;36mDEBUG[m] -----------------------------------------------------------------------
[[1;36mDEBUG[m] Goal:          org.apache.maven.plugins:maven-compiler-plugin:3.13.0:compile (default-compile)
[[1;36mDEBUG[m] Style:         Regular
[[1;36mDEBUG[m] Configuration: <?xml version="1.0" encoding="UTF-8"?>
<configuration>
  <annotationProcessorPaths>
    <path>
      <groupId>org.projectlombok</groupId>
      <artifactId>lombok</artifactId>
      <version>1.18.32</version>
    </path>
  </annotationProcessorPaths>
  <annotationProcessorPathsUseDepMgmt default-value="false"/>
  <basedir default-value="${basedir}"/>
  <buildDirectory default-value="${project.build.directory}"/>
  <compilePath default-value="${project.compileClasspathElements}"/>
  <compileSourceRoots default-value="${project.compileSourceRoots}"/>
  <compilerId default-value="javac">${maven.compiler.compilerId}</compilerId>
  <compilerReuseStrategy default-value="${reuseCreated}">${maven.compiler.compilerReuseStrategy}</compilerReuseStrategy>
  <compilerVersion>${maven.compiler.compilerVersion}</compilerVersion>
  <createMissingPackageInfoClass default-value="true">${maven.compiler.createMissingPackageInfoClass}</createMissingPackageInfoClass>
  <debug default-value="true">${maven.compiler.debug}</debug>
  <debugFileName default-value="javac"/>
  <debuglevel>${maven.compiler.debuglevel}</debuglevel>
  <enablePreview default-value="false">${maven.compiler.enablePreview}</enablePreview>
  <encoding default-value="${project.build.sourceEncoding}">${encoding}</encoding>
  <executable>${maven.compiler.executable}</executable>
  <failOnError default-value="true">${maven.compiler.failOnError}</failOnError>
  <failOnWarning default-value="false">${maven.compiler.failOnWarning}</failOnWarning>
  <fileExtensions default-value="class,jar"/>
  <forceJavacCompilerUse default-value="false">${maven.compiler.forceJavacCompilerUse}</forceJavacCompilerUse>
  <forceLegacyJavacApi default-value="false">${maven.compiler.forceLegacyJavacApi}</forceLegacyJavacApi>
  <fork default-value="false">${maven.compiler.fork}</fork>
  <generatedSourcesDirectory default-value="${project.build.directory}/generated-sources/annotations"/>
  <implicit>${maven.compiler.implicit}</implicit>
  <maxmem>${maven.compiler.maxmem}</maxmem>
  <meminitial>${maven.compiler.meminitial}</meminitial>
  <mojoExecution default-value="${mojoExecution}"/>
  <optimize default-value="false">${maven.compiler.optimize}</optimize>
  <outputDirectory default-value="${project.build.outputDirectory}">${maven.compiler.outputDirectory}</outputDirectory>
  <outputTimestamp default-value="${project.build.outputTimestamp}"/>
  <parameters default-value="false">true</parameters>
  <proc>${maven.compiler.proc}</proc>
  <project default-value="${project}"/>
  <projectArtifact default-value="${project.artifact}"/>
  <release>${maven.compiler.release}</release>
  <session default-value="${session}"/>
  <showCompilationChanges default-value="false">${maven.compiler.showCompilationChanges}</showCompilationChanges>
  <showDeprecation default-value="false">${maven.compiler.showDeprecation}</showDeprecation>
  <showWarnings default-value="true">${maven.compiler.showWarnings}</showWarnings>
  <skipMain>${maven.main.skip}</skipMain>
  <skipMultiThreadWarning default-value="false">${maven.compiler.skipMultiThreadWarning}</skipMultiThreadWarning>
  <source default-value="1.8">21</source>
  <staleMillis default-value="0">${lastModGranularityMs}</staleMillis>
  <target default-value="1.8">21</target>
  <useIncrementalCompilation default-value="true">${maven.compiler.useIncrementalCompilation}</useIncrementalCompilation>
  <verbose default-value="false">${maven.compiler.verbose}</verbose>
</configuration>
[[1;36mDEBUG[m] =======================================================================
[[1;36mDEBUG[m] Using mirror maven-default-http-blocker (http://0.0.0.0/) for ow2-snapshot (http://repository.ow2.org/nexus/content/repositories/snapshots).
[[1;36mDEBUG[m] Using mirror maven-default-http-blocker (http://0.0.0.0/) for vaadin-snapshots (http://oss.sonatype.org/content/repositories/vaadin-snapshots/).
[[1;36mDEBUG[m] Using mirror maven-default-http-blocker (http://0.0.0.0/) for vaadin-releases (http://oss.sonatype.org/content/repositories/vaadin-releases/).
[[1;36mDEBUG[m] Dependency collection stats {ConflictMarker.analyzeTime=1052997, ConflictMarker.markTime=368486, ConflictMarker.nodeCount=276, ConflictIdSorter.graphTime=575145, ConflictIdSorter.topsortTime=252422, ConflictIdSorter.conflictIdCount=111, ConflictIdSorter.conflictIdCycleCount=0, ConflictResolver.totalTime=7762422, ConflictResolver.conflictItemCount=256, DefaultDependencyCollector.collectTime=211266150, DefaultDependencyCollector.transformTime=11318483}
[[1;36mDEBUG[m] com.ai4kb:backend:jar:0.0.1-SNAPSHOT
[[1;36mDEBUG[m]    org.springframework.boot:spring-boot-starter-web:jar:3.2.2:compile
[[1;36mDEBUG[m]       org.springframework.boot:spring-boot-starter:jar:3.2.2:compile (version managed from 3.2.2)
[[1;36mDEBUG[m]          org.springframework.boot:spring-boot:jar:3.2.2:compile (version managed from 3.2.2)
[[1;36mDEBUG[m]          org.springframework.boot:spring-boot-starter-logging:jar:3.2.2:compile (version managed from 3.2.2)
[[1;36mDEBUG[m]             ch.qos.logback:logback-classic:jar:1.4.14:compile (version managed from 1.4.14)
[[1;36mDEBUG[m]                ch.qos.logback:logback-core:jar:1.4.14:compile (version managed from 1.4.14)
[[1;36mDEBUG[m]             org.apache.logging.log4j:log4j-to-slf4j:jar:2.21.1:compile (version managed from 2.21.1)
[[1;36mDEBUG[m]                org.apache.logging.log4j:log4j-api:jar:2.21.1:compile (version managed from 2.21.1)
[[1;36mDEBUG[m]             org.slf4j:jul-to-slf4j:jar:2.0.11:compile (version managed from 2.0.11)
[[1;36mDEBUG[m]          jakarta.annotation:jakarta.annotation-api:jar:2.1.1:compile (version managed from 2.1.1)
[[1;36mDEBUG[m]          org.yaml:snakeyaml:jar:2.2:compile (version managed from 2.2)
[[1;36mDEBUG[m]       org.springframework.boot:spring-boot-starter-json:jar:3.2.2:compile (version managed from 3.2.2)
[[1;36mDEBUG[m]          com.fasterxml.jackson.core:jackson-databind:jar:2.15.3:compile (version managed from 2.15.3)
[[1;36mDEBUG[m]             com.fasterxml.jackson.core:jackson-annotations:jar:2.15.3:compile (version managed from 2.15.3)
[[1;36mDEBUG[m]             com.fasterxml.jackson.core:jackson-core:jar:2.15.3:compile (version managed from 2.15.3)
[[1;36mDEBUG[m]          com.fasterxml.jackson.datatype:jackson-datatype-jdk8:jar:2.15.3:compile (version managed from 2.15.3)
[[1;36mDEBUG[m]          com.fasterxml.jackson.datatype:jackson-datatype-jsr310:jar:2.15.3:compile (version managed from 2.15.3)
[[1;36mDEBUG[m]          com.fasterxml.jackson.module:jackson-module-parameter-names:jar:2.15.3:compile (version managed from 2.15.3)
[[1;36mDEBUG[m]       org.springframework.boot:spring-boot-starter-tomcat:jar:3.2.2:compile (version managed from 3.2.2)
[[1;36mDEBUG[m]          org.apache.tomcat.embed:tomcat-embed-core:jar:10.1.18:compile (version managed from 10.1.18)
[[1;36mDEBUG[m]          org.apache.tomcat.embed:tomcat-embed-el:jar:10.1.18:compile (version managed from 10.1.18)
[[1;36mDEBUG[m]          org.apache.tomcat.embed:tomcat-embed-websocket:jar:10.1.18:compile (version managed from 10.1.18)
[[1;36mDEBUG[m]       org.springframework:spring-web:jar:6.1.3:compile (version managed from 6.1.3)
[[1;36mDEBUG[m]          org.springframework:spring-beans:jar:6.1.3:compile (version managed from 6.1.3)
[[1;36mDEBUG[m]          io.micrometer:micrometer-observation:jar:1.12.2:compile (version managed from 1.12.2)
[[1;36mDEBUG[m]             io.micrometer:micrometer-commons:jar:1.12.2:compile (version managed from 1.12.2)
[[1;36mDEBUG[m]       org.springframework:spring-webmvc:jar:6.1.3:compile (version managed from 6.1.3)
[[1;36mDEBUG[m]          org.springframework:spring-aop:jar:6.1.3:compile (version managed from 6.1.3)
[[1;36mDEBUG[m]          org.springframework:spring-context:jar:6.1.3:compile (version managed from 6.1.3)
[[1;36mDEBUG[m]          org.springframework:spring-expression:jar:6.1.3:compile (version managed from 6.1.3)
[[1;36mDEBUG[m]    org.springframework.boot:spring-boot-starter-webflux:jar:3.2.2:compile
[[1;36mDEBUG[m]       org.springframework.boot:spring-boot-starter-reactor-netty:jar:3.2.2:compile (version managed from 3.2.2)
[[1;36mDEBUG[m]          io.projectreactor.netty:reactor-netty-http:jar:1.1.15:compile (version managed from 1.1.15)
[[1;36mDEBUG[m]             io.netty:netty-codec-http:jar:4.1.105.Final:compile (version managed from 4.1.104.Final)
[[1;36mDEBUG[m]             io.netty:netty-codec-http2:jar:4.1.105.Final:compile (version managed from 4.1.104.Final)
[[1;36mDEBUG[m]             io.netty:netty-resolver-dns:jar:4.1.105.Final:compile (version managed from 4.1.104.Final)
[[1;36mDEBUG[m]                io.netty:netty-codec-dns:jar:4.1.105.Final:compile (version managed from 4.1.105.Final)
[[1;36mDEBUG[m]             io.netty:netty-resolver-dns-native-macos:jar:osx-x86_64:4.1.105.Final:compile (version managed from 4.1.104.Final)
[[1;36mDEBUG[m]                io.netty:netty-resolver-dns-classes-macos:jar:4.1.105.Final:compile (version managed from 4.1.105.Final)
[[1;36mDEBUG[m]             io.netty:netty-transport-native-epoll:jar:linux-x86_64:4.1.105.Final:compile (version managed from 4.1.104.Final)
[[1;36mDEBUG[m]                io.netty:netty-transport-classes-epoll:jar:4.1.105.Final:compile (version managed from 4.1.105.Final)
[[1;36mDEBUG[m]             io.projectreactor.netty:reactor-netty-core:jar:1.1.15:compile (version managed from 1.1.15)
[[1;36mDEBUG[m]                io.netty:netty-handler-proxy:jar:4.1.105.Final:compile (version managed from 4.1.104.Final)
[[1;36mDEBUG[m]                   io.netty:netty-codec-socks:jar:4.1.105.Final:compile (version managed from 4.1.105.Final)
[[1;36mDEBUG[m]       org.springframework:spring-webflux:jar:6.1.3:compile (version managed from 6.1.3)
[[1;36mDEBUG[m]    com.baomidou:mybatis-plus-spring-boot3-starter:jar:3.5.5:compile
[[1;36mDEBUG[m]       com.baomidou:mybatis-plus:jar:3.5.5:compile
[[1;36mDEBUG[m]          com.baomidou:mybatis-plus-core:jar:3.5.5:compile
[[1;36mDEBUG[m]          com.baomidou:mybatis-plus-annotation:jar:3.5.5:compile
[[1;36mDEBUG[m]          com.baomidou:mybatis-plus-extension:jar:3.5.5:compile
[[1;36mDEBUG[m]          org.mybatis:mybatis:jar:3.5.15:compile
[[1;36mDEBUG[m]          com.github.jsqlparser:jsqlparser:jar:4.6:compile
[[1;36mDEBUG[m]       org.mybatis:mybatis-spring:jar:3.0.3:compile
[[1;36mDEBUG[m]       com.baomidou:mybatis-plus-spring-boot-autoconfigure:jar:3.5.5:compile
[[1;36mDEBUG[m]       org.springframework.boot:spring-boot-autoconfigure:jar:3.2.2:compile (version managed from 3.2.0)
[[1;36mDEBUG[m]       org.springframework.boot:spring-boot-starter-jdbc:jar:3.2.2:compile (version managed from 3.2.0)
[[1;36mDEBUG[m]          com.zaxxer:HikariCP:jar:5.0.1:compile (version managed from 5.0.1)
[[1;36mDEBUG[m]          org.springframework:spring-jdbc:jar:6.1.3:compile (version managed from 6.1.3)
[[1;36mDEBUG[m]    com.mysql:mysql-connector-j:jar:8.3.0:runtime (exclusions managed from [com.google.protobuf:protobuf-java:*:*])
[[1;36mDEBUG[m]    org.projectlombok:lombok:jar:1.18.32:compile (optional)
[[1;36mDEBUG[m]    cn.hutool:hutool-all:jar:5.8.25:compile
[[1;36mDEBUG[m]    org.springframework.boot:spring-boot-starter-data-redis:jar:3.2.2:compile
[[1;36mDEBUG[m]       io.lettuce:lettuce-core:jar:6.3.1.RELEASE:compile (version managed from 6.3.1.RELEASE)
[[1;36mDEBUG[m]          io.netty:netty-common:jar:4.1.105.Final:compile (version managed from 4.1.104.Final)
[[1;36mDEBUG[m]          io.netty:netty-handler:jar:4.1.105.Final:compile (version managed from 4.1.104.Final)
[[1;36mDEBUG[m]             io.netty:netty-resolver:jar:4.1.105.Final:compile (version managed from 4.1.105.Final)
[[1;36mDEBUG[m]             io.netty:netty-buffer:jar:4.1.105.Final:compile (version managed from 4.1.105.Final)
[[1;36mDEBUG[m]             io.netty:netty-transport-native-unix-common:jar:4.1.105.Final:compile (version managed from 4.1.105.Final)
[[1;36mDEBUG[m]             io.netty:netty-codec:jar:4.1.105.Final:compile (version managed from 4.1.105.Final)
[[1;36mDEBUG[m]          io.netty:netty-transport:jar:4.1.105.Final:compile (version managed from 4.1.104.Final)
[[1;36mDEBUG[m]       org.springframework.data:spring-data-redis:jar:3.2.2:compile (version managed from 3.2.2)
[[1;36mDEBUG[m]          org.springframework.data:spring-data-keyvalue:jar:3.2.2:compile (version managed from 3.2.2)
[[1;36mDEBUG[m]             org.springframework.data:spring-data-commons:jar:3.2.2:compile (version managed from 3.2.2)
[[1;36mDEBUG[m]          org.springframework:spring-tx:jar:6.1.3:compile (version managed from 6.1.3)
[[1;36mDEBUG[m]          org.springframework:spring-oxm:jar:6.1.3:compile (version managed from 6.1.3)
[[1;36mDEBUG[m]          org.springframework:spring-context-support:jar:6.1.3:compile (version managed from 6.1.3)
[[1;36mDEBUG[m]          org.slf4j:slf4j-api:jar:2.0.11:compile (version managed from 2.0.2)
[[1;36mDEBUG[m]    org.springframework.boot:spring-boot-starter-test:jar:3.2.2:test
[[1;36mDEBUG[m]       org.springframework.boot:spring-boot-test:jar:3.2.2:test (version managed from 3.2.2)
[[1;36mDEBUG[m]       org.springframework.boot:spring-boot-test-autoconfigure:jar:3.2.2:test (version managed from 3.2.2)
[[1;36mDEBUG[m]       com.jayway.jsonpath:json-path:jar:2.8.0:test (version managed from 2.8.0)
[[1;36mDEBUG[m]       jakarta.xml.bind:jakarta.xml.bind-api:jar:4.0.1:test (version managed from 4.0.1)
[[1;36mDEBUG[m]          jakarta.activation:jakarta.activation-api:jar:2.1.2:test (version managed from 2.1.2)
[[1;36mDEBUG[m]       net.minidev:json-smart:jar:2.5.0:test (version managed from 2.5.0)
[[1;36mDEBUG[m]          net.minidev:accessors-smart:jar:2.5.0:test
[[1;36mDEBUG[m]             org.ow2.asm:asm:jar:9.3:test
[[1;36mDEBUG[m]       org.assertj:assertj-core:jar:3.24.2:test (version managed from 3.24.2)
[[1;36mDEBUG[m]          net.bytebuddy:byte-buddy:jar:1.14.11:test (version managed from 1.12.21)
[[1;36mDEBUG[m]       org.awaitility:awaitility:jar:4.2.0:test (version managed from 4.2.0)
[[1;36mDEBUG[m]       org.hamcrest:hamcrest:jar:2.2:test (version managed from 2.2)
[[1;36mDEBUG[m]       org.junit.jupiter:junit-jupiter:jar:5.10.1:test (version managed from 5.10.1)
[[1;36mDEBUG[m]          org.junit.jupiter:junit-jupiter-api:jar:5.10.1:test (version managed from 5.10.1)
[[1;36mDEBUG[m]             org.opentest4j:opentest4j:jar:1.3.0:test
[[1;36mDEBUG[m]             org.junit.platform:junit-platform-commons:jar:1.10.1:test (version managed from 1.10.1)
[[1;36mDEBUG[m]             org.apiguardian:apiguardian-api:jar:1.1.2:test
[[1;36mDEBUG[m]          org.junit.jupiter:junit-jupiter-params:jar:5.10.1:test (version managed from 5.10.1)
[[1;36mDEBUG[m]          org.junit.jupiter:junit-jupiter-engine:jar:5.10.1:test (version managed from 5.10.1)
[[1;36mDEBUG[m]             org.junit.platform:junit-platform-engine:jar:1.10.1:test (version managed from 1.10.1)
[[1;36mDEBUG[m]       org.mockito:mockito-core:jar:5.7.0:test (version managed from 5.7.0)
[[1;36mDEBUG[m]          net.bytebuddy:byte-buddy-agent:jar:1.14.11:test (version managed from 1.14.9)
[[1;36mDEBUG[m]          org.objenesis:objenesis:jar:3.3:test
[[1;36mDEBUG[m]       org.mockito:mockito-junit-jupiter:jar:5.7.0:test (version managed from 5.7.0)
[[1;36mDEBUG[m]       org.skyscreamer:jsonassert:jar:1.5.1:test (version managed from 1.5.1)
[[1;36mDEBUG[m]          com.vaadin.external.google:android-json:jar:0.0.20131108.vaadin1:test
[[1;36mDEBUG[m]       org.springframework:spring-core:jar:6.1.3:compile (version managed from 6.1.3)
[[1;36mDEBUG[m]          org.springframework:spring-jcl:jar:6.1.3:compile (version managed from 6.1.3)
[[1;36mDEBUG[m]       org.springframework:spring-test:jar:6.1.3:test (version managed from 6.1.3)
[[1;36mDEBUG[m]       org.xmlunit:xmlunit-core:jar:2.9.1:test (version managed from 2.9.1)
[[1;36mDEBUG[m]    io.projectreactor:reactor-test:jar:3.6.2:test
[[1;36mDEBUG[m]       io.projectreactor:reactor-core:jar:3.6.2:compile (version managed from 3.6.2)
[[1;36mDEBUG[m]          org.reactivestreams:reactive-streams:jar:1.0.4:compile (version managed from 1.0.4)
[[1;34mINFO[m] 
[[1;34mINFO[m] [1m--- [0;32mmaven-clean-plugin:3.3.2:clean[m [1m(default-clean)[m @ [36mbackend[0;1m ---[m
[[1;36mDEBUG[m] Dependency collection stats {ConflictMarker.analyzeTime=89542, ConflictMarker.markTime=59372, ConflictMarker.nodeCount=2, ConflictIdSorter.graphTime=65534, ConflictIdSorter.topsortTime=8972, ConflictIdSorter.conflictIdCount=2, ConflictIdSorter.conflictIdCycleCount=0, ConflictResolver.totalTime=95002, ConflictResolver.conflictItemCount=2, DefaultDependencyCollector.collectTime=4890590, DefaultDependencyCollector.transformTime=354402}
[[1;36mDEBUG[m] org.apache.maven.plugins:maven-clean-plugin:jar:3.3.2
[[1;36mDEBUG[m]    org.codehaus.plexus:plexus-utils:jar:4.0.0:compile
[[1;36mDEBUG[m] Created new class realm plugin>org.apache.maven.plugins:maven-clean-plugin:3.3.2
[[1;36mDEBUG[m] Importing foreign packages into class realm plugin>org.apache.maven.plugins:maven-clean-plugin:3.3.2
[[1;36mDEBUG[m]   Imported:  < maven.api
[[1;36mDEBUG[m] Populating class realm plugin>org.apache.maven.plugins:maven-clean-plugin:3.3.2
[[1;36mDEBUG[m]   Included: org.apache.maven.plugins:maven-clean-plugin:jar:3.3.2
[[1;36mDEBUG[m]   Included: org.codehaus.plexus:plexus-utils:jar:4.0.0
[[1;36mDEBUG[m] Configuring mojo org.apache.maven.plugins:maven-clean-plugin:3.3.2:clean from plugin realm ClassRealm[plugin>org.apache.maven.plugins:maven-clean-plugin:3.3.2, parent: jdk.internal.loader.ClassLoaders$AppClassLoader@639fee48]
[[1;36mDEBUG[m] Configuring mojo 'org.apache.maven.plugins:maven-clean-plugin:3.3.2:clean' with basic configurator -->
[[1;36mDEBUG[m]   (f) directory = /home/ubutnu/code/AI4LocalKnowledgeBase/backend/target
[[1;36mDEBUG[m]   (f) excludeDefaultDirectories = false
[[1;36mDEBUG[m]   (f) failOnError = true
[[1;36mDEBUG[m]   (f) fast = false
[[1;36mDEBUG[m]   (f) fastMode = background
[[1;36mDEBUG[m]   (f) followSymLinks = false
[[1;36mDEBUG[m]   (f) outputDirectory = /home/ubutnu/code/AI4LocalKnowledgeBase/backend/target/classes
[[1;36mDEBUG[m]   (f) reportDirectory = /home/ubutnu/code/AI4LocalKnowledgeBase/backend/target/classes
[[1;36mDEBUG[m]   (f) retryOnError = true
[[1;36mDEBUG[m]   (f) session = org.apache.maven.execution.MavenSession@4f8b4bd0
[[1;36mDEBUG[m]   (f) skip = false
[[1;36mDEBUG[m]   (f) testOutputDirectory = /home/ubutnu/code/AI4LocalKnowledgeBase/backend/target/test-classes
[[1;36mDEBUG[m] -- end configuration --
[[1;34mINFO[m] Deleting /home/ubutnu/code/AI4LocalKnowledgeBase/backend/target
[[1;34mINFO[m] Deleting file /home/ubutnu/code/AI4LocalKnowledgeBase/backend/target/maven-status/maven-compiler-plugin/compile/default-compile/createdFiles.lst
[[1;34mINFO[m] Deleting file /home/ubutnu/code/AI4LocalKnowledgeBase/backend/target/maven-status/maven-compiler-plugin/compile/default-compile/inputFiles.lst
[[1;34mINFO[m] Deleting directory /home/ubutnu/code/AI4LocalKnowledgeBase/backend/target/maven-status/maven-compiler-plugin/compile/default-compile
[[1;34mINFO[m] Deleting directory /home/ubutnu/code/AI4LocalKnowledgeBase/backend/target/maven-status/maven-compiler-plugin/compile
[[1;34mINFO[m] Deleting directory /home/ubutnu/code/AI4LocalKnowledgeBase/backend/target/maven-status/maven-compiler-plugin
[[1;34mINFO[m] Deleting directory /home/ubutnu/code/AI4LocalKnowledgeBase/backend/target/maven-status
[[1;34mINFO[m] Deleting file /home/ubutnu/code/AI4LocalKnowledgeBase/backend/target/classes/application.yml
[[1;34mINFO[m] Deleting directory /home/ubutnu/code/AI4LocalKnowledgeBase/backend/target/classes
[[1;34mINFO[m] Deleting directory /home/ubutnu/code/AI4LocalKnowledgeBase/backend/target/generated-sources/annotations
[[1;34mINFO[m] Deleting directory /home/ubutnu/code/AI4LocalKnowledgeBase/backend/target/generated-sources
[[1;34mINFO[m] Deleting directory /home/ubutnu/code/AI4LocalKnowledgeBase/backend/target
[[1;36mDEBUG[m] Skipping non-existing directory /home/ubutnu/code/AI4LocalKnowledgeBase/backend/target/classes
[[1;36mDEBUG[m] Skipping non-existing directory /home/ubutnu/code/AI4LocalKnowledgeBase/backend/target/test-classes
[[1;36mDEBUG[m] Skipping non-existing directory /home/ubutnu/code/AI4LocalKnowledgeBase/backend/target/classes
[[1;34mINFO[m] 
[[1;34mINFO[m] [1m--- [0;32mmaven-resources-plugin:3.3.1:resources[m [1m(default-resources)[m @ [36mbackend[0;1m ---[m
[[1;36mDEBUG[m] Dependency collection stats {ConflictMarker.analyzeTime=39741, ConflictMarker.markTime=17029, ConflictMarker.nodeCount=13, ConflictIdSorter.graphTime=24295, ConflictIdSorter.topsortTime=11609, ConflictIdSorter.conflictIdCount=9, ConflictIdSorter.conflictIdCycleCount=0, ConflictResolver.totalTime=169450, ConflictResolver.conflictItemCount=13, DefaultDependencyCollector.collectTime=20466073, DefaultDependencyCollector.transformTime=282375}
[[1;36mDEBUG[m] org.apache.maven.plugins:maven-resources-plugin:jar:3.3.1
[[1;36mDEBUG[m]    org.codehaus.plexus:plexus-interpolation:jar:1.26:runtime
[[1;36mDEBUG[m]    org.codehaus.plexus:plexus-utils:jar:3.5.1:compile
[[1;36mDEBUG[m]    org.apache.maven.shared:maven-filtering:jar:3.3.1:compile
[[1;36mDEBUG[m]       javax.inject:javax.inject:jar:1:compile
[[1;36mDEBUG[m]       org.slf4j:slf4j-api:jar:1.7.36:compile
[[1;36mDEBUG[m]       org.sonatype.plexus:plexus-build-api:jar:0.0.7:compile
[[1;36mDEBUG[m]    commons-io:commons-io:jar:2.11.0:compile
[[1;36mDEBUG[m]    org.apache.commons:commons-lang3:jar:3.12.0:compile
[[1;36mDEBUG[m] Created new class realm plugin>org.apache.maven.plugins:maven-resources-plugin:3.3.1
[[1;36mDEBUG[m] Importing foreign packages into class realm plugin>org.apache.maven.plugins:maven-resources-plugin:3.3.1
[[1;36mDEBUG[m]   Imported:  < maven.api
[[1;36mDEBUG[m] Populating class realm plugin>org.apache.maven.plugins:maven-resources-plugin:3.3.1
[[1;36mDEBUG[m]   Included: org.apache.maven.plugins:maven-resources-plugin:jar:3.3.1
[[1;36mDEBUG[m]   Included: org.codehaus.plexus:plexus-interpolation:jar:1.26
[[1;36mDEBUG[m]   Included: org.codehaus.plexus:plexus-utils:jar:3.5.1
[[1;36mDEBUG[m]   Included: org.apache.maven.shared:maven-filtering:jar:3.3.1
[[1;36mDEBUG[m]   Included: org.sonatype.plexus:plexus-build-api:jar:0.0.7
[[1;36mDEBUG[m]   Included: commons-io:commons-io:jar:2.11.0
[[1;36mDEBUG[m]   Included: org.apache.commons:commons-lang3:jar:3.12.0
[[1;36mDEBUG[m] Configuring mojo org.apache.maven.plugins:maven-resources-plugin:3.3.1:resources from plugin realm ClassRealm[plugin>org.apache.maven.plugins:maven-resources-plugin:3.3.1, parent: jdk.internal.loader.ClassLoaders$AppClassLoader@639fee48]
[[1;36mDEBUG[m] Configuring mojo 'org.apache.maven.plugins:maven-resources-plugin:3.3.1:resources' with basic configurator -->
[[1;36mDEBUG[m]   (f) addDefaultExcludes = true
[[1;36mDEBUG[m]   (f) buildFilters = []
[[1;36mDEBUG[m]   (s) delimiters = [@]
[[1;36mDEBUG[m]   (f) encoding = UTF-8
[[1;36mDEBUG[m]   (f) escapeWindowsPaths = true
[[1;36mDEBUG[m]   (f) fileNameFiltering = false
[[1;36mDEBUG[m]   (s) includeEmptyDirs = false
[[1;36mDEBUG[m]   (s) outputDirectory = /home/ubutnu/code/AI4LocalKnowledgeBase/backend/target/classes
[[1;36mDEBUG[m]   (s) overwrite = false
[[1;36mDEBUG[m]   (f) project = MavenProject: com.ai4kb:backend:0.0.1-SNAPSHOT @ /home/ubutnu/code/AI4LocalKnowledgeBase/backend/pom.xml
[[1;36mDEBUG[m]   (f) propertiesEncoding = UTF-8
[[1;36mDEBUG[m]   (s) resources = [Resource {targetPath: null, filtering: true, FileSet {directory: /home/ubutnu/code/AI4LocalKnowledgeBase/backend/src/main/resources, PatternSet [includes: {**/application*.yml, **/application*.yaml, **/application*.properties}, excludes: {}]}}, Resource {targetPath: null, filtering: false, FileSet {directory: /home/ubutnu/code/AI4LocalKnowledgeBase/backend/src/main/resources, PatternSet [includes: {}, excludes: {**/application*.yml, **/application*.yaml, **/application*.properties}]}}]
[[1;36mDEBUG[m]   (f) session = org.apache.maven.execution.MavenSession@4f8b4bd0
[[1;36mDEBUG[m]   (f) skip = false
[[1;36mDEBUG[m]   (f) supportMultiLineFiltering = false
[[1;36mDEBUG[m]   (f) useBuildFilters = true
[[1;36mDEBUG[m]   (s) useDefaultDelimiters = false
[[1;36mDEBUG[m] -- end configuration --
[[1;36mDEBUG[m] properties used:
[[1;36mDEBUG[m] activemq.version: 5.18.3
[[1;36mDEBUG[m] angus-mail.version: 2.0.2
[[1;36mDEBUG[m] artemis.version: 2.31.2
[[1;36mDEBUG[m] aspectj.version: 1.9.21
[[1;36mDEBUG[m] assertj.version: 3.24.2
[[1;36mDEBUG[m] awaitility.version: 4.2.0
[[1;36mDEBUG[m] brave.version: 5.16.0
[[1;36mDEBUG[m] build-helper-maven-plugin.version: 3.4.0
[[1;36mDEBUG[m] byte-buddy.version: 1.14.11
[[1;36mDEBUG[m] cache2k.version: 2.6.1.Final
[[1;36mDEBUG[m] caffeine.version: 3.1.8
[[1;36mDEBUG[m] cassandra-driver.version: 4.17.0
[[1;36mDEBUG[m] classmate.version: 1.6.0
[[1;36mDEBUG[m] classworlds.conf: /usr/share/maven/bin/m2.conf
[[1;36mDEBUG[m] commons-codec.version: 1.16.0
[[1;36mDEBUG[m] commons-dbcp2.version: 2.10.0
[[1;36mDEBUG[m] commons-lang3.version: 3.13.0
[[1;36mDEBUG[m] commons-pool.version: 1.6
[[1;36mDEBUG[m] commons-pool2.version: 2.12.0
[[1;36mDEBUG[m] couchbase-client.version: 3.4.11
[[1;36mDEBUG[m] crac.version: 1.4.0
[[1;36mDEBUG[m] db2-jdbc.version: 11.5.9.0
[[1;36mDEBUG[m] dependency-management-plugin.version: 1.1.4
[[1;36mDEBUG[m] derby.version: 10.16.1.1
[[1;36mDEBUG[m] dropwizard-metrics.version: 4.2.23
[[1;36mDEBUG[m] ehcache3.version: 3.10.8
[[1;36mDEBUG[m] elasticsearch-client.version: 8.10.4
[[1;36mDEBUG[m] env.AHA_RUNTIME_DIR: /home/ubutnu/.trae-server/socks/2298103/1f480cb
[[1;36mDEBUG[m] env.AI_AGENT: TRAE
[[1;36mDEBUG[m] env.ALL_PROXY: socks5h://127.0.0.1:7890
[[1;36mDEBUG[m] env.ANTHROPIC_DEFAULT_HAIKU_MODEL: glm-4.5-air
[[1;36mDEBUG[m] env.ANTHROPIC_DEFAULT_OPUS_MODEL: glm-4.7
[[1;36mDEBUG[m] env.ANTHROPIC_DEFAULT_SONNET_MODEL: glm-4.7
[[1;36mDEBUG[m] env.API_TIMEOUT_MS: 3000000
[[1;36mDEBUG[m] env.ARCH: x86_64
[[1;36mDEBUG[m] env.BROWSER: /home/ubutnu/.trae-server/bin/stable-1f480cb458689c853d116d959b80bf2e3d961481-debian10/bin/helpers/browser.sh
[[1;36mDEBUG[m] env.BUNDLED_DEBUGPY_PATH: /home/ubutnu/.trae-server/extensions/ms-python.debugpy-2025.18.0-linux-x64/bundled/libs/debugpy
[[1;36mDEBUG[m] env.COLORTERM: truecolor
[[1;36mDEBUG[m] env.CONDA_DEFAULT_ENV: base
[[1;36mDEBUG[m] env.CONDA_EXE: /home/ubutnu/miniconda3/bin/conda
[[1;36mDEBUG[m] env.CONDA_PREFIX: /home/ubutnu/miniconda3
[[1;36mDEBUG[m] env.CONDA_PROMPT_MODIFIER: (base) 
[[1;36mDEBUG[m] env.CONDA_PYTHON_EXE: /home/ubutnu/miniconda3/bin/python
[[1;36mDEBUG[m] env.CONDA_SHLVL: 1
[[1;36mDEBUG[m] env.DBUS_SESSION_BUS_ADDRESS: unix:path=/run/user/1000/bus
[[1;36mDEBUG[m] env.DEBUGINFOD_URLS: https://debuginfod.ubuntu.com 
[[1;36mDEBUG[m] env.DISTRO_COMMIT: 1f480cb458689c853d116d959b80bf2e3d961481
[[1;36mDEBUG[m] env.DISTRO_QUALITY: stable
[[1;36mDEBUG[m] env.DISTRO_VERSION: 1.107.1
[[1;36mDEBUG[m] env.DISTRO_VSCODIUM_RELEASE: 
[[1;36mDEBUG[m] env.DOWNLOAD_RETRY_COUNT: 0
[[1;36mDEBUG[m] env.EXTRACT_RETRY_COUNT: 0
[[1;36mDEBUG[m] env.FILESYSTEM_CASE_SENSITIVE: true
[[1;36mDEBUG[m] env.GIT_ASKPASS: /home/ubutnu/.trae-server/bin/stable-1f480cb458689c853d116d959b80bf2e3d961481-debian10/extensions/git/dist/askpass.sh
[[1;36mDEBUG[m] env.GIT_PAGER: 
[[1;36mDEBUG[m] env.HISTCONTROL: ignorespace
[[1;36mDEBUG[m] env.HOME: /home/ubutnu
[[1;36mDEBUG[m] env.HTTPS_PROXY: http://127.0.0.1:7890
[[1;36mDEBUG[m] env.HTTP_PROXY: http://127.0.0.1:7890
[[1;36mDEBUG[m] env.LANG: en_US.UTF-8
[[1;36mDEBUG[m] env.LESSCLOSE: /usr/bin/lesspipe %s %s
[[1;36mDEBUG[m] env.LESSOPEN: | /usr/bin/lesspipe %s
[[1;36mDEBUG[m] env.LOGNAME: ubutnu
[[1;36mDEBUG[m] env.LS_COLORS: rs=0:di=01;34:ln=01;36:mh=00:pi=40;33:so=01;35:do=01;35:bd=40;33;01:cd=40;33;01:or=40;31;01:mi=00:su=37;41:sg=30;43:ca=00:tw=30;42:ow=34;42:st=37;44:ex=01;32:*.tar=01;31:*.tgz=01;31:*.arc=01;31:*.arj=01;31:*.taz=01;31:*.lha=01;31:*.lz4=01;31:*.lzh=01;31:*.lzma=01;31:*.tlz=01;31:*.txz=01;31:*.tzo=01;31:*.t7z=01;31:*.zip=01;31:*.z=01;31:*.dz=01;31:*.gz=01;31:*.lrz=01;31:*.lz=01;31:*.lzo=01;31:*.xz=01;31:*.zst=01;31:*.tzst=01;31:*.bz2=01;31:*.bz=01;31:*.tbz=01;31:*.tbz2=01;31:*.tz=01;31:*.deb=01;31:*.rpm=01;31:*.jar=01;31:*.war=01;31:*.ear=01;31:*.sar=01;31:*.rar=01;31:*.alz=01;31:*.ace=01;31:*.zoo=01;31:*.cpio=01;31:*.7z=01;31:*.rz=01;31:*.cab=01;31:*.wim=01;31:*.swm=01;31:*.dwm=01;31:*.esd=01;31:*.avif=01;35:*.jpg=01;35:*.jpeg=01;35:*.mjpg=01;35:*.mjpeg=01;35:*.gif=01;35:*.bmp=01;35:*.pbm=01;35:*.pgm=01;35:*.ppm=01;35:*.tga=01;35:*.xbm=01;35:*.xpm=01;35:*.tif=01;35:*.tiff=01;35:*.png=01;35:*.svg=01;35:*.svgz=01;35:*.mng=01;35:*.pcx=01;35:*.mov=01;35:*.mpg=01;35:*.mpeg=01;35:*.m2v=01;35:*.mkv=01;35:*.webm=01;35:*.webp=01;35:*.ogm=01;35:*.mp4=01;35:*.m4v=01;35:*.mp4v=01;35:*.vob=01;35:*.qt=01;35:*.nuv=01;35:*.wmv=01;35:*.asf=01;35:*.rm=01;35:*.rmvb=01;35:*.flc=01;35:*.avi=01;35:*.fli=01;35:*.flv=01;35:*.gl=01;35:*.dl=01;35:*.xcf=01;35:*.xwd=01;35:*.yuv=01;35:*.cgm=01;35:*.emf=01;35:*.ogv=01;35:*.ogx=01;35:*.aac=00;36:*.au=00;36:*.flac=00;36:*.m4a=00;36:*.mid=00;36:*.midi=00;36:*.mka=00;36:*.mp3=00;36:*.mpc=00;36:*.ogg=00;36:*.ra=00;36:*.wav=00;36:*.oga=00;36:*.opus=00;36:*.spx=00;36:*.xspf=00;36:*~=00;90:*#=00;90:*.bak=00;90:*.crdownload=00;90:*.dpkg-dist=00;90:*.dpkg-new=00;90:*.dpkg-old=00;90:*.dpkg-tmp=00;90:*.old=00;90:*.orig=00;90:*.part=00;90:*.rej=00;90:*.rpmnew=00;90:*.rpmorig=00;90:*.rpmsave=00;90:*.swp=00;90:*.tmp=00;90:*.ucf-dist=00;90:*.ucf-new=00;90:*.ucf-old=00;90:
[[1;36mDEBUG[m] env.MANAGER_LOGS_DIR: /home/ubutnu/.trae-server/manager-logs/1773624675834_525719
[[1;36mDEBUG[m] env.MAVEN_CMD_LINE_ARGS:  -X clean compile
[[1;36mDEBUG[m] env.MAVEN_PROJECTBASEDIR: /home/ubutnu/code/AI4LocalKnowledgeBase/backend
[[1;36mDEBUG[m] env.NO_PROXY: localhost,127.0.0.1,::1
[[1;36mDEBUG[m] env.NO_USE_FETCH: 
[[1;36mDEBUG[m] env.NVM_BIN: /home/ubutnu/.nvm/versions/node/v24.14.0/bin
[[1;36mDEBUG[m] env.NVM_CD_FLAGS: 
[[1;36mDEBUG[m] env.NVM_DIR: /home/ubutnu/.nvm
[[1;36mDEBUG[m] env.NVM_INC: /home/ubutnu/.nvm/versions/node/v24.14.0/include/node
[[1;36mDEBUG[m] env.OLDPWD: /home/ubutnu/code/AI4LocalKnowledgeBase/backend
[[1;36mDEBUG[m] env.OS_RELEASE_ID: ubuntu
[[1;36mDEBUG[m] env.PAGER: 
[[1;36mDEBUG[m] env.PATH: \home\ubutnu/.trae-server/tools/trae-gopls/current:\home\ubutnu/.trae-server/sdks/workspaces/b9858599/versions/node/current:\home\ubutnu/.trae-server/sdks/versions/node/current:\home\ubutnu/.trae-server/tools/trae-gopls/current:\home\ubutnu/.trae-server/sdks/workspaces/b9858599/versions/node/current:\home\ubutnu/.trae-server/sdks/versions/node/current:/home/ubutnu/.trae-server/bin/stable-1f480cb458689c853d116d959b80bf2e3d961481-debian10/bin/remote-cli:/home/ubutnu/.nvm/versions/node/v24.14.0/bin:/home/ubutnu/miniconda3/bin:/home/ubutnu/miniconda3/condabin:/usr/local/sbin:/usr/local/bin:/usr/sbin:/usr/bin:/sbin:/bin:/usr/games:/usr/local/games:/snap/bin:/home/ubutnu/.trae-server/extensions/ms-python.debugpy-2025.18.0-linux-x64/bundled/scripts/noConfigScripts:/home/ubutnu/.trae-server/extensions/vscjava.vscode-java-debug-0.58.5-universal/bundled/scripts/noConfigScripts
[[1;36mDEBUG[m] env.PLATFORM: linux
[[1;36mDEBUG[m] env.PS1: \n(TraeAI-5) \w [$?] $ 
[[1;36mDEBUG[m] env.PWD: /home/ubutnu/code/AI4LocalKnowledgeBase/backend
[[1;36mDEBUG[m] env.PYDEVD_DISABLE_FILE_VALIDATION: 1
[[1;36mDEBUG[m] env.PYTHONSTARTUP: /home/ubutnu/.trae-server/data/User/workspaceStorage/b9858599a600ae8530374488106120e2/ms-python.python/pythonrc.py
[[1;36mDEBUG[m] env.PYTHON_BASIC_REPL: 1
[[1;36mDEBUG[m] env.REMOTE_VERSION: 1123097864962_4
[[1;36mDEBUG[m] env.SAFE_RM_ALLOWED_PATH: /home/ubutnu/code/ai4localknowledgebase:/home/ubutnu/code/ai4localknowledgebase
[[1;36mDEBUG[m] env.SAFE_RM_AUTO_ADD_TEMP: 1
[[1;36mDEBUG[m] env.SAFE_RM_DENIED_PATH: /home/ubutnu/code/ai4localknowledgebase/.vscode:/home/ubutnu/code/ai4localknowledgebase/.vscode:/home/ubutnu/code/ai4localknowledgebase/.trae:/home/ubutnu/code/ai4localknowledgebase/.trae:/home/ubutnu/code/ai4localknowledgebase/.git:/home/ubutnu/code/ai4localknowledgebase/.git
[[1;36mDEBUG[m] env.SAFE_RM_PROTECTION_FLAG: /tmp/safe-rm-protection-flag-30c6bed0-fbe1-4567-a758-c7159598b519
[[1;36mDEBUG[m] env.SAFE_RM_SOURCE_FLAG: /tmp/safe-rm-source-flag-0765812c-d1d3-40ad-873c-aebbf7e87719
[[1;36mDEBUG[m] env.SCRIPT_ID: 40a7f54753ebd96c6e5210ca
[[1;36mDEBUG[m] env.SERVER_APP_NAME: Trae
[[1;36mDEBUG[m] env.SERVER_APP_QUALITY: stable
[[1;36mDEBUG[m] env.SERVER_APP_VERSION: 
[[1;36mDEBUG[m] env.SERVER_ARCH: x64
[[1;36mDEBUG[m] env.SERVER_DATA_DIR: /home/ubutnu/.trae-server
[[1;36mDEBUG[m] env.SERVER_DIR: /home/ubutnu/.trae-server/bin/stable-1f480cb458689c853d116d959b80bf2e3d961481-debian10
[[1;36mDEBUG[m] env.SERVER_DOWNLOAD_PREFIX: https://lf-cdn.trae.com.cn/obj/trae-com-cn/pkg/server/releases/stable/1f480cb458689c853d116d959b80bf2e3d961481/linux-debian10/
[[1;36mDEBUG[m] env.SERVER_EXTENSIONS_DIR: /home/ubutnu/.trae-server/extensions
[[1;36mDEBUG[m] env.SERVER_HOST: 127.0.0.1
[[1;36mDEBUG[m] env.SERVER_INITIAL_EXTENSIONS: 
[[1;36mDEBUG[m] env.SERVER_LISTEN_FLAG: --port=0
[[1;36mDEBUG[m] env.SERVER_LOGFILE: /home/ubutnu/.trae-server/.stable-1f480cb458689c853d116d959b80bf2e3d961481.log
[[1;36mDEBUG[m] env.SERVER_LOGS_DIR: /home/ubutnu/.trae-server/logs
[[1;36mDEBUG[m] env.SERVER_PACKAGE_NAME: Trae-linux-x64-1123097864962_4.tar.gz
[[1;36mDEBUG[m] env.SERVER_PIDFILE: /home/ubutnu/.trae-server/.stable-1f480cb458689c853d116d959b80bf2e3d961481.pid
[[1;36mDEBUG[m] env.SERVER_SCRIPT: /home/ubutnu/.trae-server/bin/stable-1f480cb458689c853d116d959b80bf2e3d961481-debian10/index_trae.js
[[1;36mDEBUG[m] env.SERVER_SCRIPT_PRODUCT: /home/ubutnu/.trae-server/bin/stable-1f480cb458689c853d116d959b80bf2e3d961481-debian10/product.json
[[1;36mDEBUG[m] env.SERVER_TOKENFILE: /home/ubutnu/.trae-server/.stable-1f480cb458689c853d116d959b80bf2e3d961481.token
[[1;36mDEBUG[m] env.SHELL: /bin/bash
[[1;36mDEBUG[m] env.SHLVL: 2
[[1;36mDEBUG[m] env.SSH_CLIENT: 10.0.34.125 49223 222
[[1;36mDEBUG[m] env.SSH_CONNECTION: 10.0.34.125 49223 10.0.19.250 222
[[1;36mDEBUG[m] env.TERM: xterm-256color
[[1;36mDEBUG[m] env.TERM_PRODUCT: Trae
[[1;36mDEBUG[m] env.TERM_PROGRAM: vscode
[[1;36mDEBUG[m] env.TERM_PROGRAM_VERSION: 1.107.1
[[1;36mDEBUG[m] env.TMP_DIR: /run/user/1000
[[1;36mDEBUG[m] env.TRAE_AI_SHELL_ID: 5
[[1;36mDEBUG[m] env.TRAE_BRAND_NAME: Trae
[[1;36mDEBUG[m] env.TRAE_DETECT_COUNTRY_CODE: 
[[1;36mDEBUG[m] env.TRAE_DETECT_REGION: CN
[[1;36mDEBUG[m] env.TRAE_JWT_TOKEN_PATH: /home/ubutnu/.trae/trae-jwt-token
[[1;36mDEBUG[m] env.TRAE_REMOTE_EXTENSION_REGION: cn
[[1;36mDEBUG[m] env.TRAE_REMOTE_SKIP_REMOTE_CHECK: 
[[1;36mDEBUG[m] env.TRAE_RESOLVE_TYPE: ssh
[[1;36mDEBUG[m] env.TRAE_SANDBOX_CLI_PATH: /home/ubutnu/.trae-server/bin/stable-1f480cb458689c853d116d959b80bf2e3d961481-debian10/modules/sandbox/trae-sandbox
[[1;36mDEBUG[m] env.TRAE_SANDBOX_CONFIG_NAME: 6980041ef5ba94b0009e22cb
[[1;36mDEBUG[m] env.TRAE_SANDBOX_LOG_DIR: /home/ubutnu/.trae-server/manager-logs/1773624675834_525719/Modular
[[1;36mDEBUG[m] env.TRAE_SANDBOX_SOURCE_FLAG_PATH: /tmp/sandbox-source-flag-27c006e3-a373-4f35-bc8c-ccda495eb031
[[1;36mDEBUG[m] env.TRAE_SANDBOX_STORAGE_PATH: /home/ubutnu/.trae-server/ai-agent/sandbox
[[1;36mDEBUG[m] env.TRAE_SANDBOX_TRACE_FILE: /tmp/trae_sandbox_trace_c667f205-b884-4af4-b653-1ad22f7809a8.jsonl
[[1;36mDEBUG[m] env.TRAE_STORE_REGION: SG
[[1;36mDEBUG[m] env.USER: ubutnu
[[1;36mDEBUG[m] env.VSCODE_DEBUGPY_ADAPTER_ENDPOINTS: /home/ubutnu/.trae-server/extensions/ms-python.debugpy-2025.18.0-linux-x64/.noConfigDebugAdapterEndpoints/endpoint-310aeee2fac78f39.txt
[[1;36mDEBUG[m] env.VSCODE_GIT_ASKPASS_EXTRA_ARGS: 
[[1;36mDEBUG[m] env.VSCODE_GIT_ASKPASS_MAIN: /home/ubutnu/.trae-server/bin/stable-1f480cb458689c853d116d959b80bf2e3d961481-debian10/extensions/git/dist/askpass-main.js
[[1;36mDEBUG[m] env.VSCODE_GIT_ASKPASS_NODE: /home/ubutnu/.trae-server/bin/stable-1f480cb458689c853d116d959b80bf2e3d961481-debian10/node
[[1;36mDEBUG[m] env.VSCODE_GIT_IPC_HANDLE: /run/user/1000/vscode-git-bfa4a2668e.sock
[[1;36mDEBUG[m] env.VSCODE_IPC_HOOK_CLI: /run/user/1000/vscode-ipc-1a3995dd-8e49-4c1c-b3b9-404154731433.sock
[[1;36mDEBUG[m] env.VSCODE_JAVA_EXEC: /usr/lib/jvm/java-21-openjdk-amd64/bin/java
[[1;36mDEBUG[m] env.VSCODE_JDWP_ADAPTER_ENDPOINTS: /home/ubutnu/.trae-server/extensions/vscjava.vscode-java-debug-0.58.5-universal/.noConfigDebugAdapterEndpoints/endpoint-310aeee2fac78f39.txt
[[1;36mDEBUG[m] env.VSCODE_PYTHON_AUTOACTIVATE_GUARD: 1
[[1;36mDEBUG[m] env.XDG_DATA_DIRS: /usr/share/gnome:/usr/local/share:/usr/share:/var/lib/snapd/desktop
[[1;36mDEBUG[m] env.XDG_RUNTIME_DIR: /run/user/1000
[[1;36mDEBUG[m] env.XDG_SESSION_CLASS: user
[[1;36mDEBUG[m] env.XDG_SESSION_ID: 3825
[[1;36mDEBUG[m] env.XDG_SESSION_TYPE: tty
[[1;36mDEBUG[m] env._: /usr/bin/mvn
[[1;36mDEBUG[m] env._CE_CONDA: 
[[1;36mDEBUG[m] env._CE_M: 
[[1;36mDEBUG[m] env._CONDA_EXE: /home/ubutnu/miniconda3/bin/conda
[[1;36mDEBUG[m] env._CONDA_ROOT: /home/ubutnu/miniconda3
[[1;36mDEBUG[m] env.__trae_PS1: \n(TraeAI-5) \w [$?] $ 
[[1;36mDEBUG[m] env.all_proxy: socks5h://127.0.0.1:7890
[[1;36mDEBUG[m] env.http_proxy: http://127.0.0.1:7890
[[1;36mDEBUG[m] env.https_proxy: http://127.0.0.1:7890
[[1;36mDEBUG[m] env.no_proxy: localhost,127.0.0.1,::1
[[1;36mDEBUG[m] env.vscode_base_dir: /home/ubutnu/.trae-server
[[1;36mDEBUG[m] file.encoding: UTF-8
[[1;36mDEBUG[m] file.separator: /
[[1;36mDEBUG[m] flyway.version: 9.22.3
[[1;36mDEBUG[m] freemarker.version: 2.3.32
[[1;36mDEBUG[m] git-commit-id-maven-plugin.version: 6.0.0
[[1;36mDEBUG[m] glassfish-jaxb.version: 4.0.4
[[1;36mDEBUG[m] glassfish-jstl.version: 3.0.1
[[1;36mDEBUG[m] graphql-java.version: 21.3
[[1;36mDEBUG[m] groovy.version: 4.0.17
[[1;36mDEBUG[m] gson.version: 2.10.1
[[1;36mDEBUG[m] h2.version: 2.2.224
[[1;36mDEBUG[m] hamcrest.version: 2.2
[[1;36mDEBUG[m] hazelcast.version: 5.3.6
[[1;36mDEBUG[m] hibernate-validator.version: 8.0.1.Final
[[1;36mDEBUG[m] hibernate.version: 6.4.1.Final
[[1;36mDEBUG[m] hikaricp.version: 5.0.1
[[1;36mDEBUG[m] hsqldb.version: 2.7.2
[[1;36mDEBUG[m] htmlunit.version: 2.70.0
[[1;36mDEBUG[m] httpasyncclient.version: 4.1.5
[[1;36mDEBUG[m] httpclient5.version: 5.2.3
[[1;36mDEBUG[m] httpcore.version: 4.4.16
[[1;36mDEBUG[m] httpcore5.version: 5.2.4
[[1;36mDEBUG[m] infinispan.version: 14.0.21.Final
[[1;36mDEBUG[m] influxdb-java.version: 2.23
[[1;36mDEBUG[m] jackson-bom.version: 2.15.3
[[1;36mDEBUG[m] jakarta-activation.version: 2.1.2
[[1;36mDEBUG[m] jakarta-annotation.version: 2.1.1
[[1;36mDEBUG[m] jakarta-jms.version: 3.1.0
[[1;36mDEBUG[m] jakarta-json-bind.version: 3.0.0
[[1;36mDEBUG[m] jakarta-json.version: 2.1.3
[[1;36mDEBUG[m] jakarta-mail.version: 2.1.2
[[1;36mDEBUG[m] jakarta-management.version: 1.1.4
[[1;36mDEBUG[m] jakarta-persistence.version: 3.1.0
[[1;36mDEBUG[m] jakarta-servlet-jsp-jstl.version: 3.0.0
[[1;36mDEBUG[m] jakarta-servlet.version: 6.0.0
[[1;36mDEBUG[m] jakarta-transaction.version: 2.0.1
[[1;36mDEBUG[m] jakarta-validation.version: 3.0.2
[[1;36mDEBUG[m] jakarta-websocket.version: 2.1.1
[[1;36mDEBUG[m] jakarta-ws-rs.version: 3.1.0
[[1;36mDEBUG[m] jakarta-xml-bind.version: 4.0.1
[[1;36mDEBUG[m] jakarta-xml-soap.version: 3.0.1
[[1;36mDEBUG[m] jakarta-xml-ws.version: 4.0.1
[[1;36mDEBUG[m] janino.version: 3.1.11
[[1;36mDEBUG[m] jansi.mode: force
[[1;36mDEBUG[m] java.class.path: /usr/share/maven/boot/plexus-classworlds-2.x.jar
[[1;36mDEBUG[m] java.class.version: 65.0
[[1;36mDEBUG[m] java.home: /usr/lib/jvm/java-21-openjdk-amd64
[[1;36mDEBUG[m] java.io.tmpdir: /tmp
[[1;36mDEBUG[m] java.library.path: /usr/java/packages/lib:/usr/lib/x86_64-linux-gnu/jni:/lib/x86_64-linux-gnu:/usr/lib/x86_64-linux-gnu:/usr/lib/jni:/lib:/usr/lib
[[1;36mDEBUG[m] java.runtime.name: OpenJDK Runtime Environment
[[1;36mDEBUG[m] java.runtime.version: 21.0.10+7-Ubuntu-124.04
[[1;36mDEBUG[m] java.specification.name: Java Platform API Specification
[[1;36mDEBUG[m] java.specification.vendor: Oracle Corporation
[[1;36mDEBUG[m] java.specification.version: 21
[[1;36mDEBUG[m] java.vendor: Ubuntu
[[1;36mDEBUG[m] java.vendor.url: https://ubuntu.com/
[[1;36mDEBUG[m] java.vendor.url.bug: https://bugs.launchpad.net/ubuntu/+source/openjdk-21
[[1;36mDEBUG[m] java.version: 21.0.10
[[1;36mDEBUG[m] java.version.date: 2026-01-20
[[1;36mDEBUG[m] java.vm.compressedOopsMode: Zero based
[[1;36mDEBUG[m] java.vm.info: mixed mode, sharing
[[1;36mDEBUG[m] java.vm.name: OpenJDK 64-Bit Server VM
[[1;36mDEBUG[m] java.vm.specification.name: Java Virtual Machine Specification
[[1;36mDEBUG[m] java.vm.specification.vendor: Oracle Corporation
[[1;36mDEBUG[m] java.vm.specification.version: 21
[[1;36mDEBUG[m] java.vm.vendor: Ubuntu
[[1;36mDEBUG[m] java.vm.version: 21.0.10+7-Ubuntu-124.04
[[1;36mDEBUG[m] javax-cache.version: 1.1.1
[[1;36mDEBUG[m] javax-money.version: 1.1
[[1;36mDEBUG[m] jaxen.version: 2.0.0
[[1;36mDEBUG[m] jaybird.version: 5.0.3.java11
[[1;36mDEBUG[m] jboss-logging.version: 3.5.3.Final
[[1;36mDEBUG[m] jdk.debug: release
[[1;36mDEBUG[m] jdom2.version: 2.0.6.1
[[1;36mDEBUG[m] jedis.version: 5.0.2
[[1;36mDEBUG[m] jersey.version: 3.1.5
[[1;36mDEBUG[m] jetty-reactive-httpclient.version: 4.0.1
[[1;36mDEBUG[m] jetty.version: 12.0.5
[[1;36mDEBUG[m] jmustache.version: 1.15
[[1;36mDEBUG[m] jooq.version: 3.18.9
[[1;36mDEBUG[m] json-path.version: 2.8.0
[[1;36mDEBUG[m] json-smart.version: 2.5.0
[[1;36mDEBUG[m] jsonassert.version: 1.5.1
[[1;36mDEBUG[m] jtds.version: 1.3.1
[[1;36mDEBUG[m] junit-jupiter.version: 5.10.1
[[1;36mDEBUG[m] junit.version: 4.13.2
[[1;36mDEBUG[m] kafka.version: 3.6.1
[[1;36mDEBUG[m] kotlin-coroutines.version: 1.7.3
[[1;36mDEBUG[m] kotlin-serialization.version: 1.6.2
[[1;36mDEBUG[m] kotlin.version: 1.9.22
[[1;36mDEBUG[m] lettuce.version: 6.3.1.RELEASE
[[1;36mDEBUG[m] library.jansi.path: /usr/share/maven/lib/jansi-native
[[1;36mDEBUG[m] line.separator: 

[[1;36mDEBUG[m] liquibase.version: 4.24.0
[[1;36mDEBUG[m] log4j2.version: 2.21.1
[[1;36mDEBUG[m] logback.version: 1.4.14
[[1;36mDEBUG[m] lombok.version: 1.18.32
[[1;36mDEBUG[m] mariadb.version: 3.3.2
[[1;36mDEBUG[m] maven-antrun-plugin.version: 3.1.0
[[1;36mDEBUG[m] maven-assembly-plugin.version: 3.6.0
[[1;36mDEBUG[m] maven-clean-plugin.version: 3.3.2
[[1;36mDEBUG[m] maven-compiler-plugin.version: 3.11.0
[[1;36mDEBUG[m] maven-dependency-plugin.version: 3.6.1
[[1;36mDEBUG[m] maven-deploy-plugin.version: 3.1.1
[[1;36mDEBUG[m] maven-enforcer-plugin.version: 3.4.1
[[1;36mDEBUG[m] maven-failsafe-plugin.version: 3.1.2
[[1;36mDEBUG[m] maven-help-plugin.version: 3.4.0
[[1;36mDEBUG[m] maven-install-plugin.version: 3.1.1
[[1;36mDEBUG[m] maven-invoker-plugin.version: 3.6.0
[[1;36mDEBUG[m] maven-jar-plugin.version: 3.3.0
[[1;36mDEBUG[m] maven-javadoc-plugin.version: 3.6.3
[[1;36mDEBUG[m] maven-resources-plugin.version: 3.3.1
[[1;36mDEBUG[m] maven-shade-plugin.version: 3.5.1
[[1;36mDEBUG[m] maven-source-plugin.version: 3.3.0
[[1;36mDEBUG[m] maven-surefire-plugin.version: 3.1.2
[[1;36mDEBUG[m] maven-war-plugin.version: 3.4.0
[[1;36mDEBUG[m] maven.build.timestamp: 2026-03-20T10:10:08Z
[[1;36mDEBUG[m] maven.build.version: Apache Maven 3.8.7
[[1;36mDEBUG[m] maven.compiler.release: 21
[[1;36mDEBUG[m] maven.conf: /usr/share/maven/conf
[[1;36mDEBUG[m] maven.home: /usr/share/maven
[[1;36mDEBUG[m] maven.multiModuleProjectDirectory: /home/ubutnu/code/AI4LocalKnowledgeBase/backend
[[1;36mDEBUG[m] maven.version: 3.8.7
[[1;36mDEBUG[m] micrometer-tracing.version: 1.2.2
[[1;36mDEBUG[m] micrometer.version: 1.12.2
[[1;36mDEBUG[m] mockito.version: 5.7.0
[[1;36mDEBUG[m] mongodb.version: 4.11.1
[[1;36mDEBUG[m] mssql-jdbc.version: 12.4.2.jre11
[[1;36mDEBUG[m] mybatis-plus.version: 3.5.5
[[1;36mDEBUG[m] mysql.version: 8.3.0
[[1;36mDEBUG[m] native-build-tools-plugin.version: 0.9.28
[[1;36mDEBUG[m] native.encoding: UTF-8
[[1;36mDEBUG[m] nekohtml.version: 1.9.22
[[1;36mDEBUG[m] neo4j-java-driver.version: 5.15.0
[[1;36mDEBUG[m] netty.version: 4.1.105.Final
[[1;36mDEBUG[m] okhttp.version: 4.12.0
[[1;36mDEBUG[m] opentelemetry.version: 1.31.0
[[1;36mDEBUG[m] oracle-database.version: 21.9.0.0
[[1;36mDEBUG[m] oracle-r2dbc.version: 1.1.1
[[1;36mDEBUG[m] os.arch: amd64
[[1;36mDEBUG[m] os.name: Linux
[[1;36mDEBUG[m] os.version: 6.17.0-14-generic
[[1;36mDEBUG[m] path.separator: :
[[1;36mDEBUG[m] pooled-jms.version: 3.1.5
[[1;36mDEBUG[m] postgresql.version: 42.6.0
[[1;36mDEBUG[m] project.baseUri: file:/home/ubutnu/code/AI4LocalKnowledgeBase/backend/
[[1;36mDEBUG[m] project.build.sourceEncoding: UTF-8
[[1;36mDEBUG[m] project.reporting.outputEncoding: UTF-8
[[1;36mDEBUG[m] prometheus-client.version: 0.16.0
[[1;36mDEBUG[m] pulsar-reactive.version: 0.5.2
[[1;36mDEBUG[m] pulsar.version: 3.1.2
[[1;36mDEBUG[m] quartz.version: 2.3.2
[[1;36mDEBUG[m] querydsl.version: 5.0.0
[[1;36mDEBUG[m] r2dbc-h2.version: 1.0.0.RELEASE
[[1;36mDEBUG[m] r2dbc-mariadb.version: 1.1.4
[[1;36mDEBUG[m] r2dbc-mssql.version: 1.0.2.RELEASE
[[1;36mDEBUG[m] r2dbc-mysql.version: 1.0.6
[[1;36mDEBUG[m] r2dbc-pool.version: 1.0.1.RELEASE
[[1;36mDEBUG[m] r2dbc-postgresql.version: 1.0.4.RELEASE
[[1;36mDEBUG[m] r2dbc-proxy.version: 1.1.4.RELEASE
[[1;36mDEBUG[m] r2dbc-spi.version: 1.0.0.RELEASE
[[1;36mDEBUG[m] rabbit-amqp-client.version: 5.19.0
[[1;36mDEBUG[m] rabbit-stream-client.version: 0.14.0
[[1;36mDEBUG[m] reactive-streams.version: 1.0.4
[[1;36mDEBUG[m] reactor-bom.version: 2023.0.2
[[1;36mDEBUG[m] resource.delimiter: @
[[1;36mDEBUG[m] rest-assured.version: 5.3.2
[[1;36mDEBUG[m] rsocket.version: 1.1.3
[[1;36mDEBUG[m] rxjava3.version: 3.1.8
[[1;36mDEBUG[m] saaj-impl.version: 3.0.3
[[1;36mDEBUG[m] selenium-htmlunit.version: 4.13.0
[[1;36mDEBUG[m] selenium.version: 4.14.1
[[1;36mDEBUG[m] sendgrid.version: 4.9.3
[[1;36mDEBUG[m] slf4j.version: 2.0.11
[[1;36mDEBUG[m] snakeyaml.version: 2.2
[[1;36mDEBUG[m] spring-amqp.version: 3.1.1
[[1;36mDEBUG[m] spring-authorization-server.version: 1.2.1
[[1;36mDEBUG[m] spring-batch.version: 5.1.0
[[1;36mDEBUG[m] spring-data-bom.version: 2023.1.2
[[1;36mDEBUG[m] spring-framework.version: 6.1.3
[[1;36mDEBUG[m] spring-graphql.version: 1.2.4
[[1;36mDEBUG[m] spring-hateoas.version: 2.2.0
[[1;36mDEBUG[m] spring-integration.version: 6.2.1
[[1;36mDEBUG[m] spring-kafka.version: 3.1.1
[[1;36mDEBUG[m] spring-ldap.version: 3.2.1
[[1;36mDEBUG[m] spring-pulsar.version: 1.0.2
[[1;36mDEBUG[m] spring-restdocs.version: 3.0.1
[[1;36mDEBUG[m] spring-retry.version: 2.0.5
[[1;36mDEBUG[m] spring-security.version: 6.2.1
[[1;36mDEBUG[m] spring-session.version: 3.2.1
[[1;36mDEBUG[m] spring-ws.version: 4.0.10
[[1;36mDEBUG[m] sqlite-jdbc.version: 3.43.2.0
[[1;36mDEBUG[m] stderr.encoding: UTF-8
[[1;36mDEBUG[m] stdout.encoding: UTF-8
[[1;36mDEBUG[m] sun.arch.data.model: 64
[[1;36mDEBUG[m] sun.boot.library.path: /usr/lib/jvm/java-21-openjdk-amd64/lib
[[1;36mDEBUG[m] sun.cpu.endian: little
[[1;36mDEBUG[m] sun.io.unicode.encoding: UnicodeLittle
[[1;36mDEBUG[m] sun.java.command: org.codehaus.plexus.classworlds.launcher.Launcher -X clean compile
[[1;36mDEBUG[m] sun.java.launcher: SUN_STANDARD
[[1;36mDEBUG[m] sun.jnu.encoding: UTF-8
[[1;36mDEBUG[m] sun.management.compiler: HotSpot 64-Bit Tiered Compilers
[[1;36mDEBUG[m] testcontainers.version: 1.19.3
[[1;36mDEBUG[m] thymeleaf-extras-data-attribute.version: 2.0.1
[[1;36mDEBUG[m] thymeleaf-extras-springsecurity.version: 3.1.2.RELEASE
[[1;36mDEBUG[m] thymeleaf-layout-dialect.version: 3.3.0
[[1;36mDEBUG[m] thymeleaf.version: 3.1.2.RELEASE
[[1;36mDEBUG[m] tomcat.version: 10.1.18
[[1;36mDEBUG[m] unboundid-ldapsdk.version: 6.0.11
[[1;36mDEBUG[m] undertow.version: 2.3.10.Final
[[1;36mDEBUG[m] user.country: US
[[1;36mDEBUG[m] user.dir: /home/ubutnu/code/AI4LocalKnowledgeBase/backend
[[1;36mDEBUG[m] user.home: /home/ubutnu
[[1;36mDEBUG[m] user.language: en
[[1;36mDEBUG[m] user.name: ubutnu
[[1;36mDEBUG[m] versions-maven-plugin.version: 2.16.2
[[1;36mDEBUG[m] webjars-locator-core.version: 0.55
[[1;36mDEBUG[m] wsdl4j.version: 1.6.3
[[1;36mDEBUG[m] xml-maven-plugin.version: 1.1.0
[[1;36mDEBUG[m] xmlunit2.version: 2.9.1
[[1;36mDEBUG[m] yasson.version: 3.0.3
[[1;36mDEBUG[m] Using 'UTF-8' encoding to copy filtered resources.
[[1;36mDEBUG[m] Using 'UTF-8' encoding to copy filtered properties files.
[[1;36mDEBUG[m] resource with targetPath null
directory /home/ubutnu/code/AI4LocalKnowledgeBase/backend/src/main/resources
excludes []
includes [**/application*.yml, **/application*.yaml, **/application*.properties]
[[1;36mDEBUG[m] ignoreDelta true
[[1;34mINFO[m] Copying 1 resource from src/main/resources to target/classes
[[1;36mDEBUG[m] Copying file application.yml
[[1;36mDEBUG[m] file application.yml has a filtered file extension
[[1;36mDEBUG[m] Using 'UTF-8' encoding to copy filtered resource 'application.yml'.
[[1;36mDEBUG[m] filtering /home/ubutnu/code/AI4LocalKnowledgeBase/backend/src/main/resources/application.yml to /home/ubutnu/code/AI4LocalKnowledgeBase/backend/target/classes/application.yml
[[1;36mDEBUG[m] resource with targetPath null
directory /home/ubutnu/code/AI4LocalKnowledgeBase/backend/src/main/resources
excludes [**/application*.yml, **/application*.yaml, **/application*.properties]
includes []
[[1;36mDEBUG[m] ignoreDelta true
[[1;34mINFO[m] Copying 0 resource from src/main/resources to target/classes
[[1;36mDEBUG[m] no user filter components
[[1;34mINFO[m] 
[[1;34mINFO[m] [1m--- [0;32mmaven-compiler-plugin:3.13.0:compile[m [1m(default-compile)[m @ [36mbackend[0;1m ---[m
[[1;36mDEBUG[m] Using mirror maven-default-http-blocker (http://0.0.0.0/) for apache.snapshots (http://repository.apache.org/snapshots).
[[1;36mDEBUG[m] Dependency collection stats {ConflictMarker.analyzeTime=27065, ConflictMarker.markTime=19927, ConflictMarker.nodeCount=22, ConflictIdSorter.graphTime=9618, ConflictIdSorter.topsortTime=16104, ConflictIdSorter.conflictIdCount=14, ConflictIdSorter.conflictIdCycleCount=0, ConflictResolver.totalTime=163279, ConflictResolver.conflictItemCount=22, DefaultDependencyCollector.collectTime=14575880, DefaultDependencyCollector.transformTime=257257}
[[1;36mDEBUG[m] org.apache.maven.plugins:maven-compiler-plugin:jar:3.13.0
[[1;36mDEBUG[m]    org.apache.maven.shared:maven-shared-utils:jar:3.4.2:compile
[[1;36mDEBUG[m]       org.slf4j:slf4j-api:jar:1.7.36:compile
[[1;36mDEBUG[m]       commons-io:commons-io:jar:2.11.0:compile
[[1;36mDEBUG[m]    org.apache.maven.shared:maven-shared-incremental:jar:1.1:compile
[[1;36mDEBUG[m]    org.codehaus.plexus:plexus-java:jar:1.2.0:compile
[[1;36mDEBUG[m]       org.ow2.asm:asm:jar:9.6:compile
[[1;36mDEBUG[m]       com.thoughtworks.qdox:qdox:jar:2.0.3:compile
[[1;36mDEBUG[m]    org.codehaus.plexus:plexus-compiler-api:jar:2.15.0:compile
[[1;36mDEBUG[m]    org.codehaus.plexus:plexus-compiler-manager:jar:2.15.0:compile
[[1;36mDEBUG[m]       javax.inject:javax.inject:jar:1:compile
[[1;36mDEBUG[m]       org.codehaus.plexus:plexus-xml:jar:3.0.0:compile (version managed from default)
[[1;36mDEBUG[m]    org.codehaus.plexus:plexus-compiler-javac:jar:2.15.0:runtime
[[1;36mDEBUG[m]    org.codehaus.plexus:plexus-utils:jar:4.0.0:compile
[[1;36mDEBUG[m] Created new class realm plugin>org.apache.maven.plugins:maven-compiler-plugin:3.13.0
[[1;36mDEBUG[m] Importing foreign packages into class realm plugin>org.apache.maven.plugins:maven-compiler-plugin:3.13.0
[[1;36mDEBUG[m]   Imported:  < maven.api
[[1;36mDEBUG[m] Populating class realm plugin>org.apache.maven.plugins:maven-compiler-plugin:3.13.0
[[1;36mDEBUG[m]   Included: org.apache.maven.plugins:maven-compiler-plugin:jar:3.13.0
[[1;36mDEBUG[m]   Included: org.apache.maven.shared:maven-shared-utils:jar:3.4.2
[[1;36mDEBUG[m]   Included: commons-io:commons-io:jar:2.11.0
[[1;36mDEBUG[m]   Included: org.apache.maven.shared:maven-shared-incremental:jar:1.1
[[1;36mDEBUG[m]   Included: org.codehaus.plexus:plexus-java:jar:1.2.0
[[1;36mDEBUG[m]   Included: org.ow2.asm:asm:jar:9.6
[[1;36mDEBUG[m]   Included: com.thoughtworks.qdox:qdox:jar:2.0.3
[[1;36mDEBUG[m]   Included: org.codehaus.plexus:plexus-compiler-api:jar:2.15.0
[[1;36mDEBUG[m]   Included: org.codehaus.plexus:plexus-compiler-manager:jar:2.15.0
[[1;36mDEBUG[m]   Included: org.codehaus.plexus:plexus-xml:jar:3.0.0
[[1;36mDEBUG[m]   Included: org.codehaus.plexus:plexus-compiler-javac:jar:2.15.0
[[1;36mDEBUG[m]   Included: org.codehaus.plexus:plexus-utils:jar:4.0.0
[[1;36mDEBUG[m] Configuring mojo org.apache.maven.plugins:maven-compiler-plugin:3.13.0:compile from plugin realm ClassRealm[plugin>org.apache.maven.plugins:maven-compiler-plugin:3.13.0, parent: jdk.internal.loader.ClassLoaders$AppClassLoader@639fee48]
[[1;36mDEBUG[m] Configuring mojo 'org.apache.maven.plugins:maven-compiler-plugin:3.13.0:compile' with basic configurator -->
[[1;36mDEBUG[m]   (s) groupId = org.projectlombok
[[1;36mDEBUG[m]   (s) artifactId = lombok
[[1;36mDEBUG[m]   (s) version = 1.18.32
[[1;36mDEBUG[m]   (f) annotationProcessorPaths = [org.projectlombok:lombok:1.18.32.jar]
[[1;36mDEBUG[m]   (f) annotationProcessorPathsUseDepMgmt = false
[[1;36mDEBUG[m]   (f) basedir = /home/ubutnu/code/AI4LocalKnowledgeBase/backend
[[1;36mDEBUG[m]   (f) buildDirectory = /home/ubutnu/code/AI4LocalKnowledgeBase/backend/target
[[1;36mDEBUG[m]   (f) compilePath = [/home/ubutnu/code/AI4LocalKnowledgeBase/backend/target/classes, /home/ubutnu/.m2/repository/org/springframework/boot/spring-boot-starter-web/3.2.2/spring-boot-starter-web-3.2.2.jar, /home/ubutnu/.m2/repository/org/springframework/boot/spring-boot-starter/3.2.2/spring-boot-starter-3.2.2.jar, /home/ubutnu/.m2/repository/org/springframework/boot/spring-boot/3.2.2/spring-boot-3.2.2.jar, /home/ubutnu/.m2/repository/org/springframework/boot/spring-boot-starter-logging/3.2.2/spring-boot-starter-logging-3.2.2.jar, /home/ubutnu/.m2/repository/ch/qos/logback/logback-classic/1.4.14/logback-classic-1.4.14.jar, /home/ubutnu/.m2/repository/ch/qos/logback/logback-core/1.4.14/logback-core-1.4.14.jar, /home/ubutnu/.m2/repository/org/apache/logging/log4j/log4j-to-slf4j/2.21.1/log4j-to-slf4j-2.21.1.jar, /home/ubutnu/.m2/repository/org/apache/logging/log4j/log4j-api/2.21.1/log4j-api-2.21.1.jar, /home/ubutnu/.m2/repository/org/slf4j/jul-to-slf4j/2.0.11/jul-to-slf4j-2.0.11.jar, /home/ubutnu/.m2/repository/jakarta/annotation/jakarta.annotation-api/2.1.1/jakarta.annotation-api-2.1.1.jar, /home/ubutnu/.m2/repository/org/yaml/snakeyaml/2.2/snakeyaml-2.2.jar, /home/ubutnu/.m2/repository/org/springframework/boot/spring-boot-starter-json/3.2.2/spring-boot-starter-json-3.2.2.jar, /home/ubutnu/.m2/repository/com/fasterxml/jackson/core/jackson-databind/2.15.3/jackson-databind-2.15.3.jar, /home/ubutnu/.m2/repository/com/fasterxml/jackson/core/jackson-annotations/2.15.3/jackson-annotations-2.15.3.jar, /home/ubutnu/.m2/repository/com/fasterxml/jackson/core/jackson-core/2.15.3/jackson-core-2.15.3.jar, /home/ubutnu/.m2/repository/com/fasterxml/jackson/datatype/jackson-datatype-jdk8/2.15.3/jackson-datatype-jdk8-2.15.3.jar, /home/ubutnu/.m2/repository/com/fasterxml/jackson/datatype/jackson-datatype-jsr310/2.15.3/jackson-datatype-jsr310-2.15.3.jar, /home/ubutnu/.m2/repository/com/fasterxml/jackson/module/jackson-module-parameter-names/2.15.3/jackson-module-parameter-names-2.15.3.jar, /home/ubutnu/.m2/repository/org/springframework/boot/spring-boot-starter-tomcat/3.2.2/spring-boot-starter-tomcat-3.2.2.jar, /home/ubutnu/.m2/repository/org/apache/tomcat/embed/tomcat-embed-core/10.1.18/tomcat-embed-core-10.1.18.jar, /home/ubutnu/.m2/repository/org/apache/tomcat/embed/tomcat-embed-el/10.1.18/tomcat-embed-el-10.1.18.jar, /home/ubutnu/.m2/repository/org/apache/tomcat/embed/tomcat-embed-websocket/10.1.18/tomcat-embed-websocket-10.1.18.jar, /home/ubutnu/.m2/repository/org/springframework/spring-web/6.1.3/spring-web-6.1.3.jar, /home/ubutnu/.m2/repository/org/springframework/spring-beans/6.1.3/spring-beans-6.1.3.jar, /home/ubutnu/.m2/repository/io/micrometer/micrometer-observation/1.12.2/micrometer-observation-1.12.2.jar, /home/ubutnu/.m2/repository/io/micrometer/micrometer-commons/1.12.2/micrometer-commons-1.12.2.jar, /home/ubutnu/.m2/repository/org/springframework/spring-webmvc/6.1.3/spring-webmvc-6.1.3.jar, /home/ubutnu/.m2/repository/org/springframework/spring-aop/6.1.3/spring-aop-6.1.3.jar, /home/ubutnu/.m2/repository/org/springframework/spring-context/6.1.3/spring-context-6.1.3.jar, /home/ubutnu/.m2/repository/org/springframework/spring-expression/6.1.3/spring-expression-6.1.3.jar, /home/ubutnu/.m2/repository/org/springframework/boot/spring-boot-starter-webflux/3.2.2/spring-boot-starter-webflux-3.2.2.jar, /home/ubutnu/.m2/repository/org/springframework/boot/spring-boot-starter-reactor-netty/3.2.2/spring-boot-starter-reactor-netty-3.2.2.jar, /home/ubutnu/.m2/repository/io/projectreactor/netty/reactor-netty-http/1.1.15/reactor-netty-http-1.1.15.jar, /home/ubutnu/.m2/repository/io/netty/netty-codec-http/4.1.105.Final/netty-codec-http-4.1.105.Final.jar, /home/ubutnu/.m2/repository/io/netty/netty-codec-http2/4.1.105.Final/netty-codec-http2-4.1.105.Final.jar, /home/ubutnu/.m2/repository/io/netty/netty-resolver-dns/4.1.105.Final/netty-resolver-dns-4.1.105.Final.jar, /home/ubutnu/.m2/repository/io/netty/netty-codec-dns/4.1.105.Final/netty-codec-dns-4.1.105.Final.jar, /home/ubutnu/.m2/repository/io/netty/netty-resolver-dns-native-macos/4.1.105.Final/netty-resolver-dns-native-macos-4.1.105.Final-osx-x86_64.jar, /home/ubutnu/.m2/repository/io/netty/netty-resolver-dns-classes-macos/4.1.105.Final/netty-resolver-dns-classes-macos-4.1.105.Final.jar, /home/ubutnu/.m2/repository/io/netty/netty-transport-native-epoll/4.1.105.Final/netty-transport-native-epoll-4.1.105.Final-linux-x86_64.jar, /home/ubutnu/.m2/repository/io/netty/netty-transport-classes-epoll/4.1.105.Final/netty-transport-classes-epoll-4.1.105.Final.jar, /home/ubutnu/.m2/repository/io/projectreactor/netty/reactor-netty-core/1.1.15/reactor-netty-core-1.1.15.jar, /home/ubutnu/.m2/repository/io/netty/netty-handler-proxy/4.1.105.Final/netty-handler-proxy-4.1.105.Final.jar, /home/ubutnu/.m2/repository/io/netty/netty-codec-socks/4.1.105.Final/netty-codec-socks-4.1.105.Final.jar, /home/ubutnu/.m2/repository/org/springframework/spring-webflux/6.1.3/spring-webflux-6.1.3.jar, /home/ubutnu/.m2/repository/com/baomidou/mybatis-plus-spring-boot3-starter/3.5.5/mybatis-plus-spring-boot3-starter-3.5.5.jar, /home/ubutnu/.m2/repository/com/baomidou/mybatis-plus/3.5.5/mybatis-plus-3.5.5.jar, /home/ubutnu/.m2/repository/com/baomidou/mybatis-plus-core/3.5.5/mybatis-plus-core-3.5.5.jar, /home/ubutnu/.m2/repository/com/baomidou/mybatis-plus-annotation/3.5.5/mybatis-plus-annotation-3.5.5.jar, /home/ubutnu/.m2/repository/com/baomidou/mybatis-plus-extension/3.5.5/mybatis-plus-extension-3.5.5.jar, /home/ubutnu/.m2/repository/org/mybatis/mybatis/3.5.15/mybatis-3.5.15.jar, /home/ubutnu/.m2/repository/com/github/jsqlparser/jsqlparser/4.6/jsqlparser-4.6.jar, /home/ubutnu/.m2/repository/org/mybatis/mybatis-spring/3.0.3/mybatis-spring-3.0.3.jar, /home/ubutnu/.m2/repository/com/baomidou/mybatis-plus-spring-boot-autoconfigure/3.5.5/mybatis-plus-spring-boot-autoconfigure-3.5.5.jar, /home/ubutnu/.m2/repository/org/springframework/boot/spring-boot-autoconfigure/3.2.2/spring-boot-autoconfigure-3.2.2.jar, /home/ubutnu/.m2/repository/org/springframework/boot/spring-boot-starter-jdbc/3.2.2/spring-boot-starter-jdbc-3.2.2.jar, /home/ubutnu/.m2/repository/com/zaxxer/HikariCP/5.0.1/HikariCP-5.0.1.jar, /home/ubutnu/.m2/repository/org/springframework/spring-jdbc/6.1.3/spring-jdbc-6.1.3.jar, /home/ubutnu/.m2/repository/org/projectlombok/lombok/1.18.32/lombok-1.18.32.jar, /home/ubutnu/.m2/repository/cn/hutool/hutool-all/5.8.25/hutool-all-5.8.25.jar, /home/ubutnu/.m2/repository/org/springframework/boot/spring-boot-starter-data-redis/3.2.2/spring-boot-starter-data-redis-3.2.2.jar, /home/ubutnu/.m2/repository/io/lettuce/lettuce-core/6.3.1.RELEASE/lettuce-core-6.3.1.RELEASE.jar, /home/ubutnu/.m2/repository/io/netty/netty-common/4.1.105.Final/netty-common-4.1.105.Final.jar, /home/ubutnu/.m2/repository/io/netty/netty-handler/4.1.105.Final/netty-handler-4.1.105.Final.jar, /home/ubutnu/.m2/repository/io/netty/netty-resolver/4.1.105.Final/netty-resolver-4.1.105.Final.jar, /home/ubutnu/.m2/repository/io/netty/netty-buffer/4.1.105.Final/netty-buffer-4.1.105.Final.jar, /home/ubutnu/.m2/repository/io/netty/netty-transport-native-unix-common/4.1.105.Final/netty-transport-native-unix-common-4.1.105.Final.jar, /home/ubutnu/.m2/repository/io/netty/netty-codec/4.1.105.Final/netty-codec-4.1.105.Final.jar, /home/ubutnu/.m2/repository/io/netty/netty-transport/4.1.105.Final/netty-transport-4.1.105.Final.jar, /home/ubutnu/.m2/repository/org/springframework/data/spring-data-redis/3.2.2/spring-data-redis-3.2.2.jar, /home/ubutnu/.m2/repository/org/springframework/data/spring-data-keyvalue/3.2.2/spring-data-keyvalue-3.2.2.jar, /home/ubutnu/.m2/repository/org/springframework/data/spring-data-commons/3.2.2/spring-data-commons-3.2.2.jar, /home/ubutnu/.m2/repository/org/springframework/spring-tx/6.1.3/spring-tx-6.1.3.jar, /home/ubutnu/.m2/repository/org/springframework/spring-oxm/6.1.3/spring-oxm-6.1.3.jar, /home/ubutnu/.m2/repository/org/springframework/spring-context-support/6.1.3/spring-context-support-6.1.3.jar, /home/ubutnu/.m2/repository/org/slf4j/slf4j-api/2.0.11/slf4j-api-2.0.11.jar, /home/ubutnu/.m2/repository/org/springframework/spring-core/6.1.3/spring-core-6.1.3.jar, /home/ubutnu/.m2/repository/org/springframework/spring-jcl/6.1.3/spring-jcl-6.1.3.jar, /home/ubutnu/.m2/repository/io/projectreactor/reactor-core/3.6.2/reactor-core-3.6.2.jar, /home/ubutnu/.m2/repository/org/reactivestreams/reactive-streams/1.0.4/reactive-streams-1.0.4.jar]
[[1;36mDEBUG[m]   (f) compileSourceRoots = [/home/ubutnu/code/AI4LocalKnowledgeBase/backend/src/main/java]
[[1;36mDEBUG[m]   (f) compilerId = javac
[[1;36mDEBUG[m]   (f) createMissingPackageInfoClass = true
[[1;36mDEBUG[m]   (f) debug = true
[[1;36mDEBUG[m]   (f) debugFileName = javac
[[1;36mDEBUG[m]   (f) enablePreview = false
[[1;36mDEBUG[m]   (f) encoding = UTF-8
[[1;36mDEBUG[m]   (f) failOnError = true
[[1;36mDEBUG[m]   (f) failOnWarning = false
[[1;36mDEBUG[m]   (f) fileExtensions = [jar, class]
[[1;36mDEBUG[m]   (f) forceJavacCompilerUse = false
[[1;36mDEBUG[m]   (f) forceLegacyJavacApi = false
[[1;36mDEBUG[m]   (f) fork = false
[[1;36mDEBUG[m]   (f) generatedSourcesDirectory = /home/ubutnu/code/AI4LocalKnowledgeBase/backend/target/generated-sources/annotations
[[1;36mDEBUG[m]   (f) mojoExecution = org.apache.maven.plugins:maven-compiler-plugin:3.13.0:compile {execution: default-compile}
[[1;36mDEBUG[m]   (f) optimize = false
[[1;36mDEBUG[m]   (f) outputDirectory = /home/ubutnu/code/AI4LocalKnowledgeBase/backend/target/classes
[[1;36mDEBUG[m]   (f) parameters = true
[[1;36mDEBUG[m]   (f) project = MavenProject: com.ai4kb:backend:0.0.1-SNAPSHOT @ /home/ubutnu/code/AI4LocalKnowledgeBase/backend/pom.xml
[[1;36mDEBUG[m]   (f) projectArtifact = com.ai4kb:backend:jar:0.0.1-SNAPSHOT
[[1;36mDEBUG[m]   (s) release = 21
[[1;36mDEBUG[m]   (f) session = org.apache.maven.execution.MavenSession@4f8b4bd0
[[1;36mDEBUG[m]   (f) showCompilationChanges = false
[[1;36mDEBUG[m]   (f) showDeprecation = false
[[1;36mDEBUG[m]   (f) showWarnings = true
[[1;36mDEBUG[m]   (f) skipMultiThreadWarning = false
[[1;36mDEBUG[m]   (f) source = 21
[[1;36mDEBUG[m]   (f) staleMillis = 0
[[1;36mDEBUG[m]   (s) target = 21
[[1;36mDEBUG[m]   (f) useIncrementalCompilation = true
[[1;36mDEBUG[m]   (f) verbose = false
[[1;36mDEBUG[m] -- end configuration --
[[1;36mDEBUG[m] Using compiler 'javac'.
[[1;36mDEBUG[m] Adding /home/ubutnu/code/AI4LocalKnowledgeBase/backend/target/generated-sources/annotations to compile source roots:
  /home/ubutnu/code/AI4LocalKnowledgeBase/backend/src/main/java
[[1;36mDEBUG[m] New compile source roots:
  /home/ubutnu/code/AI4LocalKnowledgeBase/backend/src/main/java
  /home/ubutnu/code/AI4LocalKnowledgeBase/backend/target/generated-sources/annotations
[[1;36mDEBUG[m] Dependency collection stats {ConflictMarker.analyzeTime=15433, ConflictMarker.markTime=12821, ConflictMarker.nodeCount=2, ConflictIdSorter.graphTime=2544, ConflictIdSorter.topsortTime=5712, ConflictIdSorter.conflictIdCount=1, ConflictIdSorter.conflictIdCycleCount=0, ConflictResolver.totalTime=49696, ConflictResolver.conflictItemCount=1, DefaultDependencyCollector.collectTime=1796444, DefaultDependencyCollector.transformTime=98749}
[[1;36mDEBUG[m] CompilerReuseStrategy: reuseCreated
[[1;36mDEBUG[m] useIncrementalCompilation enabled
[[1;34mINFO[m] 	Stale source detected: /home/ubutnu/code/AI4LocalKnowledgeBase/backend/src/main/java/com/ai4kb/backend/user/mapper/UserMapper.java
[[1;34mINFO[m] 	Stale source detected: /home/ubutnu/code/AI4LocalKnowledgeBase/backend/src/main/java/com/ai4kb/backend/engine/controller/AgentController.java
[[1;34mINFO[m] 	Stale source detected: /home/ubutnu/code/AI4LocalKnowledgeBase/backend/src/main/java/com/ai4kb/backend/common/config/WebClientConfig.java
[[1;34mINFO[m] 	Stale source detected: /home/ubutnu/code/AI4LocalKnowledgeBase/backend/src/main/java/com/ai4kb/backend/rag/processor/ChatProcessor.java
[[1;34mINFO[m] 	Stale source detected: /home/ubutnu/code/AI4LocalKnowledgeBase/backend/src/main/java/com/ai4kb/backend/engine/model/ToolCallDraft.java
[[1;34mINFO[m] 	Stale source detected: /home/ubutnu/code/AI4LocalKnowledgeBase/backend/src/main/java/com/ai4kb/backend/user/mapper/PermissionMapper.java
[[1;34mINFO[m] 	Stale source detected: /home/ubutnu/code/AI4LocalKnowledgeBase/backend/src/main/java/com/ai4kb/backend/user/entity/Permission.java
[[1;34mINFO[m] 	Stale source detected: /home/ubutnu/code/AI4LocalKnowledgeBase/backend/src/main/java/com/ai4kb/backend/engine/config/RedisConfig.java
[[1;34mINFO[m] 	Stale source detected: /home/ubutnu/code/AI4LocalKnowledgeBase/backend/src/main/java/com/ai4kb/backend/engine/mapper/MemoryMapper.java
[[1;34mINFO[m] 	Stale source detected: /home/ubutnu/code/AI4LocalKnowledgeBase/backend/src/main/java/com/ai4kb/backend/engine/mapper/ToolResultMapper.java
[[1;34mINFO[m] 	Stale source detected: /home/ubutnu/code/AI4LocalKnowledgeBase/backend/src/main/java/com/ai4kb/backend/engine/model/openai/OpenAiChatResponse.java
[[1;34mINFO[m] 	Stale source detected: /home/ubutnu/code/AI4LocalKnowledgeBase/backend/src/main/java/com/ai4kb/backend/engine/entity/ToolResult.java
[[1;34mINFO[m] 	Stale source detected: /home/ubutnu/code/AI4LocalKnowledgeBase/backend/src/main/java/com/ai4kb/backend/engine/config/LlmConfigProperties.java
[[1;34mINFO[m] 	Stale source detected: /home/ubutnu/code/AI4LocalKnowledgeBase/backend/src/main/java/com/ai4kb/backend/engine/service/ConversationService.java
[[1;34mINFO[m] 	Stale source detected: /home/ubutnu/code/AI4LocalKnowledgeBase/backend/src/main/java/com/ai4kb/backend/engine/model/openai/OpenAiChatRequest.java
[[1;34mINFO[m] 	Stale source detected: /home/ubutnu/code/AI4LocalKnowledgeBase/backend/src/main/java/com/ai4kb/backend/user/entity/User.java
[[1;34mINFO[m] 	Stale source detected: /home/ubutnu/code/AI4LocalKnowledgeBase/backend/src/main/java/com/ai4kb/backend/common/client/RagFlowClient.java
[[1;34mINFO[m] 	Stale source detected: /home/ubutnu/code/AI4LocalKnowledgeBase/backend/src/main/java/com/ai4kb/backend/BackendApplication.java
[[1;34mINFO[m] 	Stale source detected: /home/ubutnu/code/AI4LocalKnowledgeBase/backend/src/main/java/com/ai4kb/backend/engine/model/ConversationState.java
[[1;34mINFO[m] 	Stale source detected: /home/ubutnu/code/AI4LocalKnowledgeBase/backend/src/main/java/com/ai4kb/backend/engine/entity/Memory.java
[[1;34mINFO[m] 	Stale source detected: /home/ubutnu/code/AI4LocalKnowledgeBase/backend/src/main/java/com/ai4kb/backend/rag/controller/ChatController.java
[[1;34mINFO[m] 	Stale source detected: /home/ubutnu/code/AI4LocalKnowledgeBase/backend/src/main/java/com/ai4kb/backend/knowledge/controller/DocumentController.java
[[1;34mINFO[m] 	Stale source detected: /home/ubutnu/code/AI4LocalKnowledgeBase/backend/src/main/java/com/ai4kb/backend/engine/service/EngineOrchestrator.java
[[1;34mINFO[m] 	Stale source detected: /home/ubutnu/code/AI4LocalKnowledgeBase/backend/src/main/java/com/ai4kb/backend/engine/service/LlmClient.java
[[1;34mINFO[m] 	Stale source detected: /home/ubutnu/code/AI4LocalKnowledgeBase/backend/src/main/java/com/ai4kb/backend/rag/processor/impl/MockAgentProcessor.java
[[1;34mINFO[m] 	Stale source detected: /home/ubutnu/code/AI4LocalKnowledgeBase/backend/src/main/java/com/ai4kb/backend/admin/controller/AdminController.java
[[1;34mINFO[m] 	Stale source detected: /home/ubutnu/code/AI4LocalKnowledgeBase/backend/src/main/java/com/ai4kb/backend/engine/model/Message.java
[[1;34mINFO[m] 	Stale source detected: /home/ubutnu/code/AI4LocalKnowledgeBase/backend/src/main/java/com/ai4kb/backend/rag/processor/impl/RagDirectProcessor.java
[[1;34mINFO[m] 	Input tree files (+): /home/ubutnu/code/AI4LocalKnowledgeBase/backend/src/main/java/com/ai4kb/backend/BackendApplication.java
[[1;34mINFO[m] 	Input tree files (+): /home/ubutnu/code/AI4LocalKnowledgeBase/backend/src/main/java/com/ai4kb/backend/admin/controller/AdminController.java
[[1;34mINFO[m] 	Input tree files (+): /home/ubutnu/code/AI4LocalKnowledgeBase/backend/src/main/java/com/ai4kb/backend/common/client/RagFlowClient.java
[[1;34mINFO[m] 	Input tree files (+): /home/ubutnu/code/AI4LocalKnowledgeBase/backend/src/main/java/com/ai4kb/backend/common/config/WebClientConfig.java
[[1;34mINFO[m] 	Input tree files (+): /home/ubutnu/code/AI4LocalKnowledgeBase/backend/src/main/java/com/ai4kb/backend/engine/config/LlmConfigProperties.java
[[1;34mINFO[m] 	Input tree files (+): /home/ubutnu/code/AI4LocalKnowledgeBase/backend/src/main/java/com/ai4kb/backend/engine/config/RedisConfig.java
[[1;34mINFO[m] 	Input tree files (+): /home/ubutnu/code/AI4LocalKnowledgeBase/backend/src/main/java/com/ai4kb/backend/engine/controller/AgentController.java
[[1;34mINFO[m] 	Input tree files (+): /home/ubutnu/code/AI4LocalKnowledgeBase/backend/src/main/java/com/ai4kb/backend/engine/entity/Memory.java
[[1;34mINFO[m] 	Input tree files (+): /home/ubutnu/code/AI4LocalKnowledgeBase/backend/src/main/java/com/ai4kb/backend/engine/entity/ToolResult.java
[[1;34mINFO[m] 	Input tree files (+): /home/ubutnu/code/AI4LocalKnowledgeBase/backend/src/main/java/com/ai4kb/backend/engine/mapper/MemoryMapper.java
[[1;34mINFO[m] 	Input tree files (+): /home/ubutnu/code/AI4LocalKnowledgeBase/backend/src/main/java/com/ai4kb/backend/engine/mapper/ToolResultMapper.java
[[1;34mINFO[m] 	Input tree files (+): /home/ubutnu/code/AI4LocalKnowledgeBase/backend/src/main/java/com/ai4kb/backend/engine/model/ConversationState.java
[[1;34mINFO[m] 	Input tree files (+): /home/ubutnu/code/AI4LocalKnowledgeBase/backend/src/main/java/com/ai4kb/backend/engine/model/Message.java
[[1;34mINFO[m] 	Input tree files (+): /home/ubutnu/code/AI4LocalKnowledgeBase/backend/src/main/java/com/ai4kb/backend/engine/model/ToolCallDraft.java
[[1;34mINFO[m] 	Input tree files (+): /home/ubutnu/code/AI4LocalKnowledgeBase/backend/src/main/java/com/ai4kb/backend/engine/model/openai/OpenAiChatRequest.java
[[1;34mINFO[m] 	Input tree files (+): /home/ubutnu/code/AI4LocalKnowledgeBase/backend/src/main/java/com/ai4kb/backend/engine/model/openai/OpenAiChatResponse.java
[[1;34mINFO[m] 	Input tree files (+): /home/ubutnu/code/AI4LocalKnowledgeBase/backend/src/main/java/com/ai4kb/backend/engine/service/ConversationService.java
[[1;34mINFO[m] 	Input tree files (+): /home/ubutnu/code/AI4LocalKnowledgeBase/backend/src/main/java/com/ai4kb/backend/engine/service/EngineOrchestrator.java
[[1;34mINFO[m] 	Input tree files (+): /home/ubutnu/code/AI4LocalKnowledgeBase/backend/src/main/java/com/ai4kb/backend/engine/service/LlmClient.java
[[1;34mINFO[m] 	Input tree files (+): /home/ubutnu/code/AI4LocalKnowledgeBase/backend/src/main/java/com/ai4kb/backend/knowledge/controller/DocumentController.java
[[1;34mINFO[m] 	Input tree files (+): /home/ubutnu/code/AI4LocalKnowledgeBase/backend/src/main/java/com/ai4kb/backend/rag/controller/ChatController.java
[[1;34mINFO[m] 	Input tree files (+): /home/ubutnu/code/AI4LocalKnowledgeBase/backend/src/main/java/com/ai4kb/backend/rag/processor/ChatProcessor.java
[[1;34mINFO[m] 	Input tree files (+): /home/ubutnu/code/AI4LocalKnowledgeBase/backend/src/main/java/com/ai4kb/backend/rag/processor/impl/MockAgentProcessor.java
[[1;34mINFO[m] 	Input tree files (+): /home/ubutnu/code/AI4LocalKnowledgeBase/backend/src/main/java/com/ai4kb/backend/rag/processor/impl/RagDirectProcessor.java
[[1;34mINFO[m] 	Input tree files (+): /home/ubutnu/code/AI4LocalKnowledgeBase/backend/src/main/java/com/ai4kb/backend/user/entity/Permission.java
[[1;34mINFO[m] 	Input tree files (+): /home/ubutnu/code/AI4LocalKnowledgeBase/backend/src/main/java/com/ai4kb/backend/user/entity/User.java
[[1;34mINFO[m] 	Input tree files (+): /home/ubutnu/code/AI4LocalKnowledgeBase/backend/src/main/java/com/ai4kb/backend/user/mapper/PermissionMapper.java
[[1;34mINFO[m] 	Input tree files (+): /home/ubutnu/code/AI4LocalKnowledgeBase/backend/src/main/java/com/ai4kb/backend/user/mapper/UserMapper.java
[[1;34mINFO[m] Recompiling the module because of [1mchanged source code[m.
[[1;36mDEBUG[m] Classpath:
[[1;36mDEBUG[m]  /home/ubutnu/code/AI4LocalKnowledgeBase/backend/target/classes
[[1;36mDEBUG[m]  /home/ubutnu/.m2/repository/org/springframework/boot/spring-boot-starter-web/3.2.2/spring-boot-starter-web-3.2.2.jar
[[1;36mDEBUG[m]  /home/ubutnu/.m2/repository/org/springframework/boot/spring-boot-starter/3.2.2/spring-boot-starter-3.2.2.jar
[[1;36mDEBUG[m]  /home/ubutnu/.m2/repository/org/springframework/boot/spring-boot/3.2.2/spring-boot-3.2.2.jar
[[1;36mDEBUG[m]  /home/ubutnu/.m2/repository/org/springframework/boot/spring-boot-starter-logging/3.2.2/spring-boot-starter-logging-3.2.2.jar
[[1;36mDEBUG[m]  /home/ubutnu/.m2/repository/ch/qos/logback/logback-classic/1.4.14/logback-classic-1.4.14.jar
[[1;36mDEBUG[m]  /home/ubutnu/.m2/repository/ch/qos/logback/logback-core/1.4.14/logback-core-1.4.14.jar
[[1;36mDEBUG[m]  /home/ubutnu/.m2/repository/org/apache/logging/log4j/log4j-to-slf4j/2.21.1/log4j-to-slf4j-2.21.1.jar
[[1;36mDEBUG[m]  /home/ubutnu/.m2/repository/org/apache/logging/log4j/log4j-api/2.21.1/log4j-api-2.21.1.jar
[[1;36mDEBUG[m]  /home/ubutnu/.m2/repository/org/slf4j/jul-to-slf4j/2.0.11/jul-to-slf4j-2.0.11.jar
[[1;36mDEBUG[m]  /home/ubutnu/.m2/repository/jakarta/annotation/jakarta.annotation-api/2.1.1/jakarta.annotation-api-2.1.1.jar
[[1;36mDEBUG[m]  /home/ubutnu/.m2/repository/org/yaml/snakeyaml/2.2/snakeyaml-2.2.jar
[[1;36mDEBUG[m]  /home/ubutnu/.m2/repository/org/springframework/boot/spring-boot-starter-json/3.2.2/spring-boot-starter-json-3.2.2.jar
[[1;36mDEBUG[m]  /home/ubutnu/.m2/repository/com/fasterxml/jackson/core/jackson-databind/2.15.3/jackson-databind-2.15.3.jar
[[1;36mDEBUG[m]  /home/ubutnu/.m2/repository/com/fasterxml/jackson/core/jackson-annotations/2.15.3/jackson-annotations-2.15.3.jar
[[1;36mDEBUG[m]  /home/ubutnu/.m2/repository/com/fasterxml/jackson/core/jackson-core/2.15.3/jackson-core-2.15.3.jar
[[1;36mDEBUG[m]  /home/ubutnu/.m2/repository/com/fasterxml/jackson/datatype/jackson-datatype-jdk8/2.15.3/jackson-datatype-jdk8-2.15.3.jar
[[1;36mDEBUG[m]  /home/ubutnu/.m2/repository/com/fasterxml/jackson/datatype/jackson-datatype-jsr310/2.15.3/jackson-datatype-jsr310-2.15.3.jar
[[1;36mDEBUG[m]  /home/ubutnu/.m2/repository/com/fasterxml/jackson/module/jackson-module-parameter-names/2.15.3/jackson-module-parameter-names-2.15.3.jar
[[1;36mDEBUG[m]  /home/ubutnu/.m2/repository/org/springframework/boot/spring-boot-starter-tomcat/3.2.2/spring-boot-starter-tomcat-3.2.2.jar
[[1;36mDEBUG[m]  /home/ubutnu/.m2/repository/org/apache/tomcat/embed/tomcat-embed-core/10.1.18/tomcat-embed-core-10.1.18.jar
[[1;36mDEBUG[m]  /home/ubutnu/.m2/repository/org/apache/tomcat/embed/tomcat-embed-el/10.1.18/tomcat-embed-el-10.1.18.jar
[[1;36mDEBUG[m]  /home/ubutnu/.m2/repository/org/apache/tomcat/embed/tomcat-embed-websocket/10.1.18/tomcat-embed-websocket-10.1.18.jar
[[1;36mDEBUG[m]  /home/ubutnu/.m2/repository/org/springframework/spring-web/6.1.3/spring-web-6.1.3.jar
[[1;36mDEBUG[m]  /home/ubutnu/.m2/repository/org/springframework/spring-beans/6.1.3/spring-beans-6.1.3.jar
[[1;36mDEBUG[m]  /home/ubutnu/.m2/repository/io/micrometer/micrometer-observation/1.12.2/micrometer-observation-1.12.2.jar
[[1;36mDEBUG[m]  /home/ubutnu/.m2/repository/io/micrometer/micrometer-commons/1.12.2/micrometer-commons-1.12.2.jar
[[1;36mDEBUG[m]  /home/ubutnu/.m2/repository/org/springframework/spring-webmvc/6.1.3/spring-webmvc-6.1.3.jar
[[1;36mDEBUG[m]  /home/ubutnu/.m2/repository/org/springframework/spring-aop/6.1.3/spring-aop-6.1.3.jar
[[1;36mDEBUG[m]  /home/ubutnu/.m2/repository/org/springframework/spring-context/6.1.3/spring-context-6.1.3.jar
[[1;36mDEBUG[m]  /home/ubutnu/.m2/repository/org/springframework/spring-expression/6.1.3/spring-expression-6.1.3.jar
[[1;36mDEBUG[m]  /home/ubutnu/.m2/repository/org/springframework/boot/spring-boot-starter-webflux/3.2.2/spring-boot-starter-webflux-3.2.2.jar
[[1;36mDEBUG[m]  /home/ubutnu/.m2/repository/org/springframework/boot/spring-boot-starter-reactor-netty/3.2.2/spring-boot-starter-reactor-netty-3.2.2.jar
[[1;36mDEBUG[m]  /home/ubutnu/.m2/repository/io/projectreactor/netty/reactor-netty-http/1.1.15/reactor-netty-http-1.1.15.jar
[[1;36mDEBUG[m]  /home/ubutnu/.m2/repository/io/netty/netty-codec-http/4.1.105.Final/netty-codec-http-4.1.105.Final.jar
[[1;36mDEBUG[m]  /home/ubutnu/.m2/repository/io/netty/netty-codec-http2/4.1.105.Final/netty-codec-http2-4.1.105.Final.jar
[[1;36mDEBUG[m]  /home/ubutnu/.m2/repository/io/netty/netty-resolver-dns/4.1.105.Final/netty-resolver-dns-4.1.105.Final.jar
[[1;36mDEBUG[m]  /home/ubutnu/.m2/repository/io/netty/netty-codec-dns/4.1.105.Final/netty-codec-dns-4.1.105.Final.jar
[[1;36mDEBUG[m]  /home/ubutnu/.m2/repository/io/netty/netty-resolver-dns-native-macos/4.1.105.Final/netty-resolver-dns-native-macos-4.1.105.Final-osx-x86_64.jar
[[1;36mDEBUG[m]  /home/ubutnu/.m2/repository/io/netty/netty-resolver-dns-classes-macos/4.1.105.Final/netty-resolver-dns-classes-macos-4.1.105.Final.jar
[[1;36mDEBUG[m]  /home/ubutnu/.m2/repository/io/netty/netty-transport-native-epoll/4.1.105.Final/netty-transport-native-epoll-4.1.105.Final-linux-x86_64.jar
[[1;36mDEBUG[m]  /home/ubutnu/.m2/repository/io/netty/netty-transport-classes-epoll/4.1.105.Final/netty-transport-classes-epoll-4.1.105.Final.jar
[[1;36mDEBUG[m]  /home/ubutnu/.m2/repository/io/projectreactor/netty/reactor-netty-core/1.1.15/reactor-netty-core-1.1.15.jar
[[1;36mDEBUG[m]  /home/ubutnu/.m2/repository/io/netty/netty-handler-proxy/4.1.105.Final/netty-handler-proxy-4.1.105.Final.jar
[[1;36mDEBUG[m]  /home/ubutnu/.m2/repository/io/netty/netty-codec-socks/4.1.105.Final/netty-codec-socks-4.1.105.Final.jar
[[1;36mDEBUG[m]  /home/ubutnu/.m2/repository/org/springframework/spring-webflux/6.1.3/spring-webflux-6.1.3.jar
[[1;36mDEBUG[m]  /home/ubutnu/.m2/repository/com/baomidou/mybatis-plus-spring-boot3-starter/3.5.5/mybatis-plus-spring-boot3-starter-3.5.5.jar
[[1;36mDEBUG[m]  /home/ubutnu/.m2/repository/com/baomidou/mybatis-plus/3.5.5/mybatis-plus-3.5.5.jar
[[1;36mDEBUG[m]  /home/ubutnu/.m2/repository/com/baomidou/mybatis-plus-core/3.5.5/mybatis-plus-core-3.5.5.jar
[[1;36mDEBUG[m]  /home/ubutnu/.m2/repository/com/baomidou/mybatis-plus-annotation/3.5.5/mybatis-plus-annotation-3.5.5.jar
[[1;36mDEBUG[m]  /home/ubutnu/.m2/repository/com/baomidou/mybatis-plus-extension/3.5.5/mybatis-plus-extension-3.5.5.jar
[[1;36mDEBUG[m]  /home/ubutnu/.m2/repository/org/mybatis/mybatis/3.5.15/mybatis-3.5.15.jar
[[1;36mDEBUG[m]  /home/ubutnu/.m2/repository/com/github/jsqlparser/jsqlparser/4.6/jsqlparser-4.6.jar
[[1;36mDEBUG[m]  /home/ubutnu/.m2/repository/org/mybatis/mybatis-spring/3.0.3/mybatis-spring-3.0.3.jar
[[1;36mDEBUG[m]  /home/ubutnu/.m2/repository/com/baomidou/mybatis-plus-spring-boot-autoconfigure/3.5.5/mybatis-plus-spring-boot-autoconfigure-3.5.5.jar
[[1;36mDEBUG[m]  /home/ubutnu/.m2/repository/org/springframework/boot/spring-boot-autoconfigure/3.2.2/spring-boot-autoconfigure-3.2.2.jar
[[1;36mDEBUG[m]  /home/ubutnu/.m2/repository/org/springframework/boot/spring-boot-starter-jdbc/3.2.2/spring-boot-starter-jdbc-3.2.2.jar
[[1;36mDEBUG[m]  /home/ubutnu/.m2/repository/com/zaxxer/HikariCP/5.0.1/HikariCP-5.0.1.jar
[[1;36mDEBUG[m]  /home/ubutnu/.m2/repository/org/springframework/spring-jdbc/6.1.3/spring-jdbc-6.1.3.jar
[[1;36mDEBUG[m]  /home/ubutnu/.m2/repository/org/projectlombok/lombok/1.18.32/lombok-1.18.32.jar
[[1;36mDEBUG[m]  /home/ubutnu/.m2/repository/cn/hutool/hutool-all/5.8.25/hutool-all-5.8.25.jar
[[1;36mDEBUG[m]  /home/ubutnu/.m2/repository/org/springframework/boot/spring-boot-starter-data-redis/3.2.2/spring-boot-starter-data-redis-3.2.2.jar
[[1;36mDEBUG[m]  /home/ubutnu/.m2/repository/io/lettuce/lettuce-core/6.3.1.RELEASE/lettuce-core-6.3.1.RELEASE.jar
[[1;36mDEBUG[m]  /home/ubutnu/.m2/repository/io/netty/netty-common/4.1.105.Final/netty-common-4.1.105.Final.jar
[[1;36mDEBUG[m]  /home/ubutnu/.m2/repository/io/netty/netty-handler/4.1.105.Final/netty-handler-4.1.105.Final.jar
[[1;36mDEBUG[m]  /home/ubutnu/.m2/repository/io/netty/netty-resolver/4.1.105.Final/netty-resolver-4.1.105.Final.jar
[[1;36mDEBUG[m]  /home/ubutnu/.m2/repository/io/netty/netty-buffer/4.1.105.Final/netty-buffer-4.1.105.Final.jar
[[1;36mDEBUG[m]  /home/ubutnu/.m2/repository/io/netty/netty-transport-native-unix-common/4.1.105.Final/netty-transport-native-unix-common-4.1.105.Final.jar
[[1;36mDEBUG[m]  /home/ubutnu/.m2/repository/io/netty/netty-codec/4.1.105.Final/netty-codec-4.1.105.Final.jar
[[1;36mDEBUG[m]  /home/ubutnu/.m2/repository/io/netty/netty-transport/4.1.105.Final/netty-transport-4.1.105.Final.jar
[[1;36mDEBUG[m]  /home/ubutnu/.m2/repository/org/springframework/data/spring-data-redis/3.2.2/spring-data-redis-3.2.2.jar
[[1;36mDEBUG[m]  /home/ubutnu/.m2/repository/org/springframework/data/spring-data-keyvalue/3.2.2/spring-data-keyvalue-3.2.2.jar
[[1;36mDEBUG[m]  /home/ubutnu/.m2/repository/org/springframework/data/spring-data-commons/3.2.2/spring-data-commons-3.2.2.jar
[[1;36mDEBUG[m]  /home/ubutnu/.m2/repository/org/springframework/spring-tx/6.1.3/spring-tx-6.1.3.jar
[[1;36mDEBUG[m]  /home/ubutnu/.m2/repository/org/springframework/spring-oxm/6.1.3/spring-oxm-6.1.3.jar
[[1;36mDEBUG[m]  /home/ubutnu/.m2/repository/org/springframework/spring-context-support/6.1.3/spring-context-support-6.1.3.jar
[[1;36mDEBUG[m]  /home/ubutnu/.m2/repository/org/slf4j/slf4j-api/2.0.11/slf4j-api-2.0.11.jar
[[1;36mDEBUG[m]  /home/ubutnu/.m2/repository/org/springframework/spring-core/6.1.3/spring-core-6.1.3.jar
[[1;36mDEBUG[m]  /home/ubutnu/.m2/repository/org/springframework/spring-jcl/6.1.3/spring-jcl-6.1.3.jar
[[1;36mDEBUG[m]  /home/ubutnu/.m2/repository/io/projectreactor/reactor-core/3.6.2/reactor-core-3.6.2.jar
[[1;36mDEBUG[m]  /home/ubutnu/.m2/repository/org/reactivestreams/reactive-streams/1.0.4/reactive-streams-1.0.4.jar
[[1;36mDEBUG[m] Source roots:
[[1;36mDEBUG[m]  /home/ubutnu/code/AI4LocalKnowledgeBase/backend/src/main/java
[[1;36mDEBUG[m]  /home/ubutnu/code/AI4LocalKnowledgeBase/backend/target/generated-sources/annotations
[[1;36mDEBUG[m] Command line options:
[[1;36mDEBUG[m] -d /home/ubutnu/code/AI4LocalKnowledgeBase/backend/target/classes -classpath /home/ubutnu/code/AI4LocalKnowledgeBase/backend/target/classes:/home/ubutnu/.m2/repository/org/springframework/boot/spring-boot-starter-web/3.2.2/spring-boot-starter-web-3.2.2.jar:/home/ubutnu/.m2/repository/org/springframework/boot/spring-boot-starter/3.2.2/spring-boot-starter-3.2.2.jar:/home/ubutnu/.m2/repository/org/springframework/boot/spring-boot/3.2.2/spring-boot-3.2.2.jar:/home/ubutnu/.m2/repository/org/springframework/boot/spring-boot-starter-logging/3.2.2/spring-boot-starter-logging-3.2.2.jar:/home/ubutnu/.m2/repository/ch/qos/logback/logback-classic/1.4.14/logback-classic-1.4.14.jar:/home/ubutnu/.m2/repository/ch/qos/logback/logback-core/1.4.14/logback-core-1.4.14.jar:/home/ubutnu/.m2/repository/org/apache/logging/log4j/log4j-to-slf4j/2.21.1/log4j-to-slf4j-2.21.1.jar:/home/ubutnu/.m2/repository/org/apache/logging/log4j/log4j-api/2.21.1/log4j-api-2.21.1.jar:/home/ubutnu/.m2/repository/org/slf4j/jul-to-slf4j/2.0.11/jul-to-slf4j-2.0.11.jar:/home/ubutnu/.m2/repository/jakarta/annotation/jakarta.annotation-api/2.1.1/jakarta.annotation-api-2.1.1.jar:/home/ubutnu/.m2/repository/org/yaml/snakeyaml/2.2/snakeyaml-2.2.jar:/home/ubutnu/.m2/repository/org/springframework/boot/spring-boot-starter-json/3.2.2/spring-boot-starter-json-3.2.2.jar:/home/ubutnu/.m2/repository/com/fasterxml/jackson/core/jackson-databind/2.15.3/jackson-databind-2.15.3.jar:/home/ubutnu/.m2/repository/com/fasterxml/jackson/core/jackson-annotations/2.15.3/jackson-annotations-2.15.3.jar:/home/ubutnu/.m2/repository/com/fasterxml/jackson/core/jackson-core/2.15.3/jackson-core-2.15.3.jar:/home/ubutnu/.m2/repository/com/fasterxml/jackson/datatype/jackson-datatype-jdk8/2.15.3/jackson-datatype-jdk8-2.15.3.jar:/home/ubutnu/.m2/repository/com/fasterxml/jackson/datatype/jackson-datatype-jsr310/2.15.3/jackson-datatype-jsr310-2.15.3.jar:/home/ubutnu/.m2/repository/com/fasterxml/jackson/module/jackson-module-parameter-names/2.15.3/jackson-module-parameter-names-2.15.3.jar:/home/ubutnu/.m2/repository/org/springframework/boot/spring-boot-starter-tomcat/3.2.2/spring-boot-starter-tomcat-3.2.2.jar:/home/ubutnu/.m2/repository/org/apache/tomcat/embed/tomcat-embed-core/10.1.18/tomcat-embed-core-10.1.18.jar:/home/ubutnu/.m2/repository/org/apache/tomcat/embed/tomcat-embed-el/10.1.18/tomcat-embed-el-10.1.18.jar:/home/ubutnu/.m2/repository/org/apache/tomcat/embed/tomcat-embed-websocket/10.1.18/tomcat-embed-websocket-10.1.18.jar:/home/ubutnu/.m2/repository/org/springframework/spring-web/6.1.3/spring-web-6.1.3.jar:/home/ubutnu/.m2/repository/org/springframework/spring-beans/6.1.3/spring-beans-6.1.3.jar:/home/ubutnu/.m2/repository/io/micrometer/micrometer-observation/1.12.2/micrometer-observation-1.12.2.jar:/home/ubutnu/.m2/repository/io/micrometer/micrometer-commons/1.12.2/micrometer-commons-1.12.2.jar:/home/ubutnu/.m2/repository/org/springframework/spring-webmvc/6.1.3/spring-webmvc-6.1.3.jar:/home/ubutnu/.m2/repository/org/springframework/spring-aop/6.1.3/spring-aop-6.1.3.jar:/home/ubutnu/.m2/repository/org/springframework/spring-context/6.1.3/spring-context-6.1.3.jar:/home/ubutnu/.m2/repository/org/springframework/spring-expression/6.1.3/spring-expression-6.1.3.jar:/home/ubutnu/.m2/repository/org/springframework/boot/spring-boot-starter-webflux/3.2.2/spring-boot-starter-webflux-3.2.2.jar:/home/ubutnu/.m2/repository/org/springframework/boot/spring-boot-starter-reactor-netty/3.2.2/spring-boot-starter-reactor-netty-3.2.2.jar:/home/ubutnu/.m2/repository/io/projectreactor/netty/reactor-netty-http/1.1.15/reactor-netty-http-1.1.15.jar:/home/ubutnu/.m2/repository/io/netty/netty-codec-http/4.1.105.Final/netty-codec-http-4.1.105.Final.jar:/home/ubutnu/.m2/repository/io/netty/netty-codec-http2/4.1.105.Final/netty-codec-http2-4.1.105.Final.jar:/home/ubutnu/.m2/repository/io/netty/netty-resolver-dns/4.1.105.Final/netty-resolver-dns-4.1.105.Final.jar:/home/ubutnu/.m2/repository/io/netty/netty-codec-dns/4.1.105.Final/netty-codec-dns-4.1.105.Final.jar:/home/ubutnu/.m2/repository/io/netty/netty-resolver-dns-native-macos/4.1.105.Final/netty-resolver-dns-native-macos-4.1.105.Final-osx-x86_64.jar:/home/ubutnu/.m2/repository/io/netty/netty-resolver-dns-classes-macos/4.1.105.Final/netty-resolver-dns-classes-macos-4.1.105.Final.jar:/home/ubutnu/.m2/repository/io/netty/netty-transport-native-epoll/4.1.105.Final/netty-transport-native-epoll-4.1.105.Final-linux-x86_64.jar:/home/ubutnu/.m2/repository/io/netty/netty-transport-classes-epoll/4.1.105.Final/netty-transport-classes-epoll-4.1.105.Final.jar:/home/ubutnu/.m2/repository/io/projectreactor/netty/reactor-netty-core/1.1.15/reactor-netty-core-1.1.15.jar:/home/ubutnu/.m2/repository/io/netty/netty-handler-proxy/4.1.105.Final/netty-handler-proxy-4.1.105.Final.jar:/home/ubutnu/.m2/repository/io/netty/netty-codec-socks/4.1.105.Final/netty-codec-socks-4.1.105.Final.jar:/home/ubutnu/.m2/repository/org/springframework/spring-webflux/6.1.3/spring-webflux-6.1.3.jar:/home/ubutnu/.m2/repository/com/baomidou/mybatis-plus-spring-boot3-starter/3.5.5/mybatis-plus-spring-boot3-starter-3.5.5.jar:/home/ubutnu/.m2/repository/com/baomidou/mybatis-plus/3.5.5/mybatis-plus-3.5.5.jar:/home/ubutnu/.m2/repository/com/baomidou/mybatis-plus-core/3.5.5/mybatis-plus-core-3.5.5.jar:/home/ubutnu/.m2/repository/com/baomidou/mybatis-plus-annotation/3.5.5/mybatis-plus-annotation-3.5.5.jar:/home/ubutnu/.m2/repository/com/baomidou/mybatis-plus-extension/3.5.5/mybatis-plus-extension-3.5.5.jar:/home/ubutnu/.m2/repository/org/mybatis/mybatis/3.5.15/mybatis-3.5.15.jar:/home/ubutnu/.m2/repository/com/github/jsqlparser/jsqlparser/4.6/jsqlparser-4.6.jar:/home/ubutnu/.m2/repository/org/mybatis/mybatis-spring/3.0.3/mybatis-spring-3.0.3.jar:/home/ubutnu/.m2/repository/com/baomidou/mybatis-plus-spring-boot-autoconfigure/3.5.5/mybatis-plus-spring-boot-autoconfigure-3.5.5.jar:/home/ubutnu/.m2/repository/org/springframework/boot/spring-boot-autoconfigure/3.2.2/spring-boot-autoconfigure-3.2.2.jar:/home/ubutnu/.m2/repository/org/springframework/boot/spring-boot-starter-jdbc/3.2.2/spring-boot-starter-jdbc-3.2.2.jar:/home/ubutnu/.m2/repository/com/zaxxer/HikariCP/5.0.1/HikariCP-5.0.1.jar:/home/ubutnu/.m2/repository/org/springframework/spring-jdbc/6.1.3/spring-jdbc-6.1.3.jar:/home/ubutnu/.m2/repository/org/projectlombok/lombok/1.18.32/lombok-1.18.32.jar:/home/ubutnu/.m2/repository/cn/hutool/hutool-all/5.8.25/hutool-all-5.8.25.jar:/home/ubutnu/.m2/repository/org/springframework/boot/spring-boot-starter-data-redis/3.2.2/spring-boot-starter-data-redis-3.2.2.jar:/home/ubutnu/.m2/repository/io/lettuce/lettuce-core/6.3.1.RELEASE/lettuce-core-6.3.1.RELEASE.jar:/home/ubutnu/.m2/repository/io/netty/netty-common/4.1.105.Final/netty-common-4.1.105.Final.jar:/home/ubutnu/.m2/repository/io/netty/netty-handler/4.1.105.Final/netty-handler-4.1.105.Final.jar:/home/ubutnu/.m2/repository/io/netty/netty-resolver/4.1.105.Final/netty-resolver-4.1.105.Final.jar:/home/ubutnu/.m2/repository/io/netty/netty-buffer/4.1.105.Final/netty-buffer-4.1.105.Final.jar:/home/ubutnu/.m2/repository/io/netty/netty-transport-native-unix-common/4.1.105.Final/netty-transport-native-unix-common-4.1.105.Final.jar:/home/ubutnu/.m2/repository/io/netty/netty-codec/4.1.105.Final/netty-codec-4.1.105.Final.jar:/home/ubutnu/.m2/repository/io/netty/netty-transport/4.1.105.Final/netty-transport-4.1.105.Final.jar:/home/ubutnu/.m2/repository/org/springframework/data/spring-data-redis/3.2.2/spring-data-redis-3.2.2.jar:/home/ubutnu/.m2/repository/org/springframework/data/spring-data-keyvalue/3.2.2/spring-data-keyvalue-3.2.2.jar:/home/ubutnu/.m2/repository/org/springframework/data/spring-data-commons/3.2.2/spring-data-commons-3.2.2.jar:/home/ubutnu/.m2/repository/org/springframework/spring-tx/6.1.3/spring-tx-6.1.3.jar:/home/ubutnu/.m2/repository/org/springframework/spring-oxm/6.1.3/spring-oxm-6.1.3.jar:/home/ubutnu/.m2/repository/org/springframework/spring-context-support/6.1.3/spring-context-support-6.1.3.jar:/home/ubutnu/.m2/repository/org/slf4j/slf4j-api/2.0.11/slf4j-api-2.0.11.jar:/home/ubutnu/.m2/repository/org/springframework/spring-core/6.1.3/spring-core-6.1.3.jar:/home/ubutnu/.m2/repository/org/springframework/spring-jcl/6.1.3/spring-jcl-6.1.3.jar:/home/ubutnu/.m2/repository/io/projectreactor/reactor-core/3.6.2/reactor-core-3.6.2.jar:/home/ubutnu/.m2/repository/org/reactivestreams/reactive-streams/1.0.4/reactive-streams-1.0.4.jar: -sourcepath /home/ubutnu/code/AI4LocalKnowledgeBase/backend/src/main/java:/home/ubutnu/code/AI4LocalKnowledgeBase/backend/target/generated-sources/annotations: -s /home/ubutnu/code/AI4LocalKnowledgeBase/backend/target/generated-sources/annotations -processorpath /home/ubutnu/.m2/repository/org/projectlombok/lombok/1.18.32/lombok-1.18.32.jar: -g -parameters --release 21 -encoding UTF-8 -XDuseUnsharedTable=true
[[1;36mDEBUG[m] incrementalBuildHelper#beforeRebuildExecution
[[1;34mINFO[m] Compiling 28 source files with javac [debug parameters release 21] to target/classes
[[1;36mDEBUG[m] incrementalBuildHelper#afterRebuildExecution
[[1;34mINFO[m] /home/ubutnu/code/AI4LocalKnowledgeBase/backend/src/main/java/com/ai4kb/backend/admin/controller/AdminController.java: Some input files use unchecked or unsafe operations.
[[1;34mINFO[m] /home/ubutnu/code/AI4LocalKnowledgeBase/backend/src/main/java/com/ai4kb/backend/admin/controller/AdminController.java: Recompile with -Xlint:unchecked for details.
[[1;34mINFO[m] -------------------------------------------------------------
[[1;31mERROR[m] COMPILATION ERROR : 
[[1;34mINFO[m] -------------------------------------------------------------
[[1;31mERROR[m] /home/ubutnu/code/AI4LocalKnowledgeBase/backend/src/main/java/com/ai4kb/backend/admin/controller/AdminController.java:[3,39] cannot access com.ai4kb.backend.common.client.RagFlowClient
  bad source file: /home/ubutnu/code/AI4LocalKnowledgeBase/backend/src/main/java/com/ai4kb/backend/common/client/RagFlowClient.java
    file does not contain class com.ai4kb.backend.common.client.RagFlowClient
    Please remove or make sure it appears in the correct subdirectory of the sourcepath.
[[1;31mERROR[m] /home/ubutnu/code/AI4LocalKnowledgeBase/backend/src/main/java/com/ai4kb/backend/admin/controller/AdminController.java:[6,37] cannot access com.ai4kb.backend.user.mapper.PermissionMapper
  bad source file: /home/ubutnu/code/AI4LocalKnowledgeBase/backend/src/main/java/com/ai4kb/backend/user/mapper/PermissionMapper.java
    file does not contain class com.ai4kb.backend.user.mapper.PermissionMapper
    Please remove or make sure it appears in the correct subdirectory of the sourcepath.
[[1;31mERROR[m] /home/ubutnu/code/AI4LocalKnowledgeBase/backend/src/main/java/com/ai4kb/backend/admin/controller/AdminController.java:[7,37] cannot access com.ai4kb.backend.user.mapper.UserMapper
  bad source file: /home/ubutnu/code/AI4LocalKnowledgeBase/backend/src/main/java/com/ai4kb/backend/user/mapper/UserMapper.java
    file does not contain class com.ai4kb.backend.user.mapper.UserMapper
    Please remove or make sure it appears in the correct subdirectory of the sourcepath.
[[1;31mERROR[m] /home/ubutnu/code/AI4LocalKnowledgeBase/backend/src/main/java/com/ai4kb/backend/common/client/RagFlowClient.java:[22,8] duplicate class: com.ai4kb.backend.client.RagFlowClient
[[1;31mERROR[m] /home/ubutnu/code/AI4LocalKnowledgeBase/backend/src/main/java/com/ai4kb/backend/user/mapper/PermissionMapper.java:[8,8] duplicate class: com.ai4kb.backend.mapper.PermissionMapper
[[1;31mERROR[m] /home/ubutnu/code/AI4LocalKnowledgeBase/backend/src/main/java/com/ai4kb/backend/user/mapper/UserMapper.java:[8,8] duplicate class: com.ai4kb.backend.mapper.UserMapper
[[1;31mERROR[m] /home/ubutnu/code/AI4LocalKnowledgeBase/backend/src/main/java/com/ai4kb/backend/admin/controller/AdminController.java:[25,19] cannot find symbol
  symbol:   class RagFlowClient
  location: class com.ai4kb.backend.admin.controller.AdminController
[[1;31mERROR[m] /home/ubutnu/code/AI4LocalKnowledgeBase/backend/src/main/java/com/ai4kb/backend/admin/controller/AdminController.java:[26,19] cannot find symbol
  symbol:   class UserMapper
  location: class com.ai4kb.backend.admin.controller.AdminController
[[1;31mERROR[m] /home/ubutnu/code/AI4LocalKnowledgeBase/backend/src/main/java/com/ai4kb/backend/admin/controller/AdminController.java:[27,19] cannot find symbol
  symbol:   class PermissionMapper
  location: class com.ai4kb.backend.admin.controller.AdminController
[[1;31mERROR[m] /home/ubutnu/code/AI4LocalKnowledgeBase/backend/src/main/java/com/ai4kb/backend/knowledge/controller/DocumentController.java:[21,19] cannot find symbol
  symbol:   class RagFlowClient
  location: class com.ai4kb.backend.knowledge.controller.DocumentController
[[1;31mERROR[m] /home/ubutnu/code/AI4LocalKnowledgeBase/backend/src/main/java/com/ai4kb/backend/rag/processor/impl/RagDirectProcessor.java:[32,19] cannot find symbol
  symbol:   class RagFlowClient
  location: class com.ai4kb.backend.rag.processor.impl.RagDirectProcessor
[[1;31mERROR[m] /home/ubutnu/code/AI4LocalKnowledgeBase/backend/src/main/java/com/ai4kb/backend/rag/processor/impl/RagDirectProcessor.java:[33,19] cannot find symbol
  symbol:   class PermissionMapper
  location: class com.ai4kb.backend.rag.processor.impl.RagDirectProcessor
[[1;31mERROR[m] /home/ubutnu/code/AI4LocalKnowledgeBase/backend/src/main/java/com/ai4kb/backend/rag/processor/impl/RagDirectProcessor.java:[34,19] cannot find symbol
  symbol:   class UserMapper
  location: class com.ai4kb.backend.rag.processor.impl.RagDirectProcessor
[[1;31mERROR[m] /home/ubutnu/code/AI4LocalKnowledgeBase/backend/src/main/java/com/ai4kb/backend/common/client/RagFlowClient.java:[134,9] cannot find symbol
  symbol:   variable log
  location: class com.ai4kb.backend.client.RagFlowClient
[[1;31mERROR[m] /home/ubutnu/code/AI4LocalKnowledgeBase/backend/src/main/java/com/ai4kb/backend/common/client/RagFlowClient.java:[143,38] cannot find symbol
  symbol:   variable log
  location: class com.ai4kb.backend.client.RagFlowClient
[[1;31mERROR[m] /home/ubutnu/code/AI4LocalKnowledgeBase/backend/src/main/java/com/ai4kb/backend/common/client/RagFlowClient.java:[144,33] cannot find symbol
  symbol:   variable log
  location: class com.ai4kb.backend.client.RagFlowClient
[[1;31mERROR[m] /home/ubutnu/code/AI4LocalKnowledgeBase/backend/src/main/java/com/ai4kb/backend/common/client/RagFlowClient.java:[309,9] cannot find symbol
  symbol:   variable log
  location: class com.ai4kb.backend.client.RagFlowClient
[[1;31mERROR[m] /home/ubutnu/code/AI4LocalKnowledgeBase/backend/src/main/java/com/ai4kb/backend/common/client/RagFlowClient.java:[316,21] cannot find symbol
  symbol:   variable log
  location: class com.ai4kb.backend.client.RagFlowClient
[[1;31mERROR[m] /home/ubutnu/code/AI4LocalKnowledgeBase/backend/src/main/java/com/ai4kb/backend/common/client/RagFlowClient.java:[318,25] cannot find symbol
  symbol:   variable log
  location: class com.ai4kb.backend.client.RagFlowClient
[[1;31mERROR[m] /home/ubutnu/code/AI4LocalKnowledgeBase/backend/src/main/java/com/ai4kb/backend/common/client/RagFlowClient.java:[323,39] cannot find symbol
  symbol:   variable log
  location: class com.ai4kb.backend.client.RagFlowClient
[[1;31mERROR[m] /home/ubutnu/code/AI4LocalKnowledgeBase/backend/src/main/java/com/ai4kb/backend/engine/controller/AgentController.java:[22,50] cannot find symbol
  symbol:   method getConversationId()
  location: variable request of type com.ai4kb.backend.engine.controller.AgentController.ChatRequest
[[1;31mERROR[m] /home/ubutnu/code/AI4LocalKnowledgeBase/backend/src/main/java/com/ai4kb/backend/engine/controller/AgentController.java:[22,87] cannot find symbol
  symbol:   method getQuery()
  location: variable request of type com.ai4kb.backend.engine.controller.AgentController.ChatRequest
[[1;31mERROR[m] /home/ubutnu/code/AI4LocalKnowledgeBase/backend/src/main/java/com/ai4kb/backend/engine/controller/AgentController.java:[28,24] cannot find symbol
  symbol:   method getConversationId()
  location: variable request of type com.ai4kb.backend.engine.controller.AgentController.ToolApproveRequest
[[1;31mERROR[m] /home/ubutnu/code/AI4LocalKnowledgeBase/backend/src/main/java/com/ai4kb/backend/engine/controller/AgentController.java:[29,24] cannot find symbol
  symbol:   method getToolCallId()
  location: variable request of type com.ai4kb.backend.engine.controller.AgentController.ToolApproveRequest
[[1;31mERROR[m] /home/ubutnu/code/AI4LocalKnowledgeBase/backend/src/main/java/com/ai4kb/backend/engine/controller/AgentController.java:[30,24] cannot find symbol
  symbol:   method getReviewedArgs()
  location: variable request of type com.ai4kb.backend.engine.controller.AgentController.ToolApproveRequest
[[1;31mERROR[m] /home/ubutnu/code/AI4LocalKnowledgeBase/backend/src/main/java/com/ai4kb/backend/engine/service/EngineOrchestrator.java:[30,38] cannot find symbol
  symbol:   method builder()
  location: class com.ai4kb.backend.engine.model.ConversationState
[[1;31mERROR[m] /home/ubutnu/code/AI4LocalKnowledgeBase/backend/src/main/java/com/ai4kb/backend/engine/service/EngineOrchestrator.java:[39,14] cannot find symbol
  symbol:   method getMemoryWindow()
  location: variable state of type com.ai4kb.backend.engine.model.ConversationState
[[1;31mERROR[m] /home/ubutnu/code/AI4LocalKnowledgeBase/backend/src/main/java/com/ai4kb/backend/engine/service/EngineOrchestrator.java:[39,44] cannot find symbol
  symbol:   method builder()
  location: class com.ai4kb.backend.engine.model.Message
[[1;31mERROR[m] /home/ubutnu/code/AI4LocalKnowledgeBase/backend/src/main/java/com/ai4kb/backend/engine/service/EngineOrchestrator.java:[58,14] cannot find symbol
  symbol:   method setReviewedArgs(java.lang.String)
  location: variable draft of type com.ai4kb.backend.engine.model.ToolCallDraft
[[1;31mERROR[m] /home/ubutnu/code/AI4LocalKnowledgeBase/backend/src/main/java/com/ai4kb/backend/engine/service/EngineOrchestrator.java:[59,14] cannot find symbol
  symbol:   method setApprovalStatus(java.lang.String)
  location: variable draft of type com.ai4kb.backend.engine.model.ToolCallDraft
[[1;31mERROR[m] /home/ubutnu/code/AI4LocalKnowledgeBase/backend/src/main/java/com/ai4kb/backend/engine/service/EngineOrchestrator.java:[62,14] cannot find symbol
  symbol:   method setStatus(java.lang.String)
  location: variable state of type com.ai4kb.backend.engine.model.ConversationState
[[1;31mERROR[m] /home/ubutnu/code/AI4LocalKnowledgeBase/backend/src/main/java/com/ai4kb/backend/engine/service/EngineOrchestrator.java:[63,14] cannot find symbol
  symbol:   method getMemoryWindow()
  location: variable state of type com.ai4kb.backend.engine.model.ConversationState
[[1;31mERROR[m] /home/ubutnu/code/AI4LocalKnowledgeBase/backend/src/main/java/com/ai4kb/backend/engine/service/EngineOrchestrator.java:[63,44] cannot find symbol
  symbol:   method builder()
  location: class com.ai4kb.backend.engine.model.Message
[[1;31mERROR[m] /home/ubutnu/code/AI4LocalKnowledgeBase/backend/src/main/java/com/ai4kb/backend/engine/service/EngineOrchestrator.java:[65,28] cannot find symbol
  symbol:   method getToolName()
  location: variable draft of type com.ai4kb.backend.engine.model.ToolCallDraft
[[1;31mERROR[m] /home/ubutnu/code/AI4LocalKnowledgeBase/backend/src/main/java/com/ai4kb/backend/engine/service/EngineOrchestrator.java:[85,41] cannot find symbol
  symbol:   method builder()
  location: class com.ai4kb.backend.engine.model.openai.OpenAiChatRequest.Tool
[[1;31mERROR[m] /home/ubutnu/code/AI4LocalKnowledgeBase/backend/src/main/java/com/ai4kb/backend/engine/service/EngineOrchestrator.java:[87,53] cannot find symbol
  symbol:   method builder()
  location: class com.ai4kb.backend.engine.model.openai.OpenAiChatRequest.Function
[[1;31mERROR[m] /home/ubutnu/code/AI4LocalKnowledgeBase/backend/src/main/java/com/ai4kb/backend/engine/service/EngineOrchestrator.java:[94,54] cannot find symbol
  symbol:   method builder()
  location: class com.ai4kb.backend.engine.model.openai.OpenAiChatRequest
[[1;31mERROR[m] /home/ubutnu/code/AI4LocalKnowledgeBase/backend/src/main/java/com/ai4kb/backend/engine/service/EngineOrchestrator.java:[95,32] cannot find symbol
  symbol:   method getMemoryWindow()
  location: variable state of type com.ai4kb.backend.engine.model.ConversationState
[[1;31mERROR[m] /home/ubutnu/code/AI4LocalKnowledgeBase/backend/src/main/java/com/ai4kb/backend/engine/service/EngineOrchestrator.java:[106,33] cannot find symbol
  symbol:   method getChoices()
  location: variable response of type com.ai4kb.backend.engine.model.openai.OpenAiChatResponse
[[1;31mERROR[m] /home/ubutnu/code/AI4LocalKnowledgeBase/backend/src/main/java/com/ai4kb/backend/engine/service/EngineOrchestrator.java:[106,67] cannot find symbol
  symbol:   method getChoices()
  location: variable response of type com.ai4kb.backend.engine.model.openai.OpenAiChatResponse
[[1;31mERROR[m] /home/ubutnu/code/AI4LocalKnowledgeBase/backend/src/main/java/com/ai4kb/backend/engine/service/EngineOrchestrator.java:[107,68] cannot find symbol
  symbol:   method getChoices()
  location: variable response of type com.ai4kb.backend.engine.model.openai.OpenAiChatResponse
[[1;31mERROR[m] /home/ubutnu/code/AI4LocalKnowledgeBase/backend/src/main/java/com/ai4kb/backend/engine/service/EngineOrchestrator.java:[108,64] cannot find symbol
  symbol:   method getDelta()
  location: variable choice of type com.ai4kb.backend.engine.model.openai.OpenAiChatResponse.Choice
[[1;31mERROR[m] /home/ubutnu/code/AI4LocalKnowledgeBase/backend/src/main/java/com/ai4kb/backend/engine/service/EngineOrchestrator.java:[111,38] cannot find symbol
  symbol:   method getToolCalls()
  location: variable delta of type com.ai4kb.backend.engine.model.openai.OpenAiChatResponse.Delta
[[1;31mERROR[m] /home/ubutnu/code/AI4LocalKnowledgeBase/backend/src/main/java/com/ai4kb/backend/engine/service/EngineOrchestrator.java:[111,71] cannot find symbol
  symbol:   method getToolCalls()
  location: variable delta of type com.ai4kb.backend.engine.model.openai.OpenAiChatResponse.Delta
[[1;31mERROR[m] /home/ubutnu/code/AI4LocalKnowledgeBase/backend/src/main/java/com/ai4kb/backend/engine/service/EngineOrchestrator.java:[112,71] cannot find symbol
  symbol:   method getToolCalls()
  location: variable delta of type com.ai4kb.backend.engine.model.openai.OpenAiChatResponse.Delta
[[1;31mERROR[m] /home/ubutnu/code/AI4LocalKnowledgeBase/backend/src/main/java/com/ai4kb/backend/engine/service/EngineOrchestrator.java:[113,39] cannot find symbol
  symbol:   method getId()
  location: variable tc of type com.ai4kb.backend.engine.model.openai.OpenAiChatResponse.ToolCall
[[1;31mERROR[m] /home/ubutnu/code/AI4LocalKnowledgeBase/backend/src/main/java/com/ai4kb/backend/engine/service/EngineOrchestrator.java:[114,58] cannot find symbol
  symbol:   method getId()
  location: variable tc of type com.ai4kb.backend.engine.model.openai.OpenAiChatResponse.ToolCall
[[1;31mERROR[m] /home/ubutnu/code/AI4LocalKnowledgeBase/backend/src/main/java/com/ai4kb/backend/engine/service/EngineOrchestrator.java:[116,39] cannot find symbol
  symbol:   method getFunction()
  location: variable tc of type com.ai4kb.backend.engine.model.openai.OpenAiChatResponse.ToolCall
[[1;31mERROR[m] /home/ubutnu/code/AI4LocalKnowledgeBase/backend/src/main/java/com/ai4kb/backend/engine/service/EngineOrchestrator.java:[117,43] cannot find symbol
  symbol:   method getFunction()
  location: variable tc of type com.ai4kb.backend.engine.model.openai.OpenAiChatResponse.ToolCall
[[1;31mERROR[m] /home/ubutnu/code/AI4LocalKnowledgeBase/backend/src/main/java/com/ai4kb/backend/engine/service/EngineOrchestrator.java:[118,59] cannot find symbol
  symbol:   method getFunction()
  location: variable tc of type com.ai4kb.backend.engine.model.openai.OpenAiChatResponse.ToolCall
[[1;31mERROR[m] /home/ubutnu/code/AI4LocalKnowledgeBase/backend/src/main/java/com/ai4kb/backend/engine/service/EngineOrchestrator.java:[120,43] cannot find symbol
  symbol:   method getFunction()
  location: variable tc of type com.ai4kb.backend.engine.model.openai.OpenAiChatResponse.ToolCall
[[1;31mERROR[m] /home/ubutnu/code/AI4LocalKnowledgeBase/backend/src/main/java/com/ai4kb/backend/engine/service/EngineOrchestrator.java:[121,59] cannot find symbol
  symbol:   method getFunction()
  location: variable tc of type com.ai4kb.backend.engine.model.openai.OpenAiChatResponse.ToolCall
[[1;31mERROR[m] /home/ubutnu/code/AI4LocalKnowledgeBase/backend/src/main/java/com/ai4kb/backend/engine/service/EngineOrchestrator.java:[127,38] cannot find symbol
  symbol:   method getContent()
  location: variable delta of type com.ai4kb.backend.engine.model.openai.OpenAiChatResponse.Delta
[[1;31mERROR[m] /home/ubutnu/code/AI4LocalKnowledgeBase/backend/src/main/java/com/ai4kb/backend/engine/service/EngineOrchestrator.java:[128,60] cannot find symbol
  symbol:   method getContent()
  location: variable delta of type com.ai4kb.backend.engine.model.openai.OpenAiChatResponse.Delta
[[1;31mERROR[m] /home/ubutnu/code/AI4LocalKnowledgeBase/backend/src/main/java/com/ai4kb/backend/engine/service/EngineOrchestrator.java:[131,52] cannot find symbol
  symbol:   method getContent()
  location: variable delta of type com.ai4kb.backend.engine.model.openai.OpenAiChatResponse.Delta
[[1;31mERROR[m] /home/ubutnu/code/AI4LocalKnowledgeBase/backend/src/main/java/com/ai4kb/backend/engine/service/EngineOrchestrator.java:[148,63] cannot find symbol
  symbol:   method builder()
  location: class com.ai4kb.backend.engine.model.Message.ToolCall
[[1;31mERROR[m] /home/ubutnu/code/AI4LocalKnowledgeBase/backend/src/main/java/com/ai4kb/backend/engine/service/EngineOrchestrator.java:[151,59] cannot find symbol
  symbol:   method builder()
  location: class com.ai4kb.backend.engine.model.Message.Function
[[1;31mERROR[m] /home/ubutnu/code/AI4LocalKnowledgeBase/backend/src/main/java/com/ai4kb/backend/engine/service/EngineOrchestrator.java:[157,50] cannot find symbol
  symbol:   method builder()
  location: class com.ai4kb.backend.engine.model.Message
[[1;31mERROR[m] /home/ubutnu/code/AI4LocalKnowledgeBase/backend/src/main/java/com/ai4kb/backend/engine/service/EngineOrchestrator.java:[161,30] cannot find symbol
  symbol:   method getMemoryWindow()
  location: variable state of type com.ai4kb.backend.engine.model.ConversationState
[[1;31mERROR[m] /home/ubutnu/code/AI4LocalKnowledgeBase/backend/src/main/java/com/ai4kb/backend/engine/service/EngineOrchestrator.java:[162,30] cannot find symbol
  symbol:   method setStatus(java.lang.String)
  location: variable state of type com.ai4kb.backend.engine.model.ConversationState
[[1;31mERROR[m] /home/ubutnu/code/AI4LocalKnowledgeBase/backend/src/main/java/com/ai4kb/backend/engine/service/EngineOrchestrator.java:[163,30] cannot find symbol
  symbol:   method setPendingToolCallId(java.lang.String)
  location: variable state of type com.ai4kb.backend.engine.model.ConversationState
[[1;31mERROR[m] /home/ubutnu/code/AI4LocalKnowledgeBase/backend/src/main/java/com/ai4kb/backend/engine/service/EngineOrchestrator.java:[166,60] cannot find symbol
  symbol:   method builder()
  location: class com.ai4kb.backend.engine.model.ToolCallDraft
[[1;31mERROR[m] /home/ubutnu/code/AI4LocalKnowledgeBase/backend/src/main/java/com/ai4kb/backend/engine/service/EngineOrchestrator.java:[184,29] cannot find symbol
  symbol:   variable log
  location: class com.ai4kb.backend.engine.service.EngineOrchestrator
[[1;31mERROR[m] /home/ubutnu/code/AI4LocalKnowledgeBase/backend/src/main/java/com/ai4kb/backend/engine/service/EngineOrchestrator.java:[188,30] cannot find symbol
  symbol:   method getMemoryWindow()
  location: variable state of type com.ai4kb.backend.engine.model.ConversationState
[[1;31mERROR[m] /home/ubutnu/code/AI4LocalKnowledgeBase/backend/src/main/java/com/ai4kb/backend/engine/service/EngineOrchestrator.java:[188,60] cannot find symbol
  symbol:   method builder()
  location: class com.ai4kb.backend.engine.model.Message
[[1;31mERROR[m] /home/ubutnu/code/AI4LocalKnowledgeBase/backend/src/main/java/com/ai4kb/backend/engine/service/EngineOrchestrator.java:[192,30] cannot find symbol
  symbol:   method setStatus(java.lang.String)
  location: variable state of type com.ai4kb.backend.engine.model.ConversationState
[[1;31mERROR[m] /home/ubutnu/code/AI4LocalKnowledgeBase/backend/src/main/java/com/ai4kb/backend/engine/service/LlmClient.java:[26,32] cannot find symbol
  symbol:   method getModel()
  location: variable config of type com.ai4kb.backend.engine.config.LlmConfigProperties
[[1;31mERROR[m] /home/ubutnu/code/AI4LocalKnowledgeBase/backend/src/main/java/com/ai4kb/backend/engine/service/LlmClient.java:[27,16] cannot find symbol
  symbol:   method setStream(boolean)
  location: variable request of type com.ai4kb.backend.engine.model.openai.OpenAiChatRequest
[[1;31mERROR[m] /home/ubutnu/code/AI4LocalKnowledgeBase/backend/src/main/java/com/ai4kb/backend/engine/service/LlmClient.java:[29,62] cannot find symbol
  symbol:   method getBaseUrl()
  location: variable config of type com.ai4kb.backend.engine.config.LlmConfigProperties
[[1;31mERROR[m] /home/ubutnu/code/AI4LocalKnowledgeBase/backend/src/main/java/com/ai4kb/backend/engine/service/LlmClient.java:[33,60] cannot find symbol
  symbol:   method getApiKey()
  location: variable config of type com.ai4kb.backend.engine.config.LlmConfigProperties
[[1;31mERROR[m] /home/ubutnu/code/AI4LocalKnowledgeBase/backend/src/main/java/com/ai4kb/backend/engine/service/LlmClient.java:[44,25] cannot find symbol
  symbol:   variable log
  location: class com.ai4kb.backend.engine.service.LlmClient
[[1;31mERROR[m] /home/ubutnu/code/AI4LocalKnowledgeBase/backend/src/main/java/com/ai4kb/backend/engine/service/ConversationService.java:[22,42] cannot find symbol
  symbol:   method getConversationId()
  location: variable state of type com.ai4kb.backend.engine.model.ConversationState
[[1;31mERROR[m] /home/ubutnu/code/AI4LocalKnowledgeBase/backend/src/main/java/com/ai4kb/backend/engine/service/ConversationService.java:[32,42] cannot find symbol
  symbol:   method getToolCallId()
  location: variable draft of type com.ai4kb.backend.engine.model.ToolCallDraft
[[1;31mERROR[m] /home/ubutnu/code/AI4LocalKnowledgeBase/backend/src/main/java/com/ai4kb/backend/knowledge/controller/DocumentController.java:[29,33] cannot find symbol
  symbol:   variable log
  location: class com.ai4kb.backend.knowledge.controller.DocumentController
[[1;31mERROR[m] /home/ubutnu/code/AI4LocalKnowledgeBase/backend/src/main/java/com/ai4kb/backend/knowledge/controller/DocumentController.java:[35,9] cannot find symbol
  symbol:   variable log
  location: class com.ai4kb.backend.knowledge.controller.DocumentController
[[1;31mERROR[m] /home/ubutnu/code/AI4LocalKnowledgeBase/backend/src/main/java/com/ai4kb/backend/knowledge/controller/DocumentController.java:[38,21] cannot find symbol
  symbol:   variable log
  location: class com.ai4kb.backend.knowledge.controller.DocumentController
[[1;31mERROR[m] /home/ubutnu/code/AI4LocalKnowledgeBase/backend/src/main/java/com/ai4kb/backend/knowledge/controller/DocumentController.java:[45,21] cannot find symbol
  symbol:   variable log
  location: class com.ai4kb.backend.knowledge.controller.DocumentController
[[1;31mERROR[m] /home/ubutnu/code/AI4LocalKnowledgeBase/backend/src/main/java/com/ai4kb/backend/rag/processor/impl/MockAgentProcessor.java:[16,9] cannot find symbol
  symbol:   variable log
  location: class com.ai4kb.backend.rag.processor.impl.MockAgentProcessor
[[1;31mERROR[m] /home/ubutnu/code/AI4LocalKnowledgeBase/backend/src/main/java/com/ai4kb/backend/rag/processor/impl/RagDirectProcessor.java:[111,33] cannot find symbol
  symbol:   variable log
  location: class com.ai4kb.backend.rag.processor.impl.RagDirectProcessor
[[1;31mERROR[m] /home/ubutnu/code/AI4LocalKnowledgeBase/backend/src/main/java/com/ai4kb/backend/rag/processor/impl/RagDirectProcessor.java:[130,21] cannot find symbol
  symbol:   variable log
  location: class com.ai4kb.backend.rag.processor.impl.RagDirectProcessor
[[1;34mINFO[m] 80 errors 
[[1;34mINFO[m] -------------------------------------------------------------
[[1;34mINFO[m] [1m------------------------------------------------------------------------[m
[[1;34mINFO[m] [1;31mBUILD FAILURE[m
[[1;34mINFO[m] [1m------------------------------------------------------------------------[m
[[1;34mINFO[m] Total time:  1.513 s
[[1;34mINFO[m] Finished at: 2026-03-20T18:10:09+08:00
[[1;34mINFO[m] [1m------------------------------------------------------------------------[m
[[1;31mERROR[m] Failed to execute goal [32morg.apache.maven.plugins:maven-compiler-plugin:3.13.0:compile[m [1m(default-compile)[m on project [36mbackend[m: [1;31mCompilation failure[m: Compilation failure: 
[[1;31mERROR[m] /home/ubutnu/code/AI4LocalKnowledgeBase/backend/src/main/java/com/ai4kb/backend/admin/controller/AdminController.java:[3,39] cannot access com.ai4kb.backend.common.client.RagFlowClient
[[1;31mERROR[m]   bad source file: /home/ubutnu/code/AI4LocalKnowledgeBase/backend/src/main/java/com/ai4kb/backend/common/client/RagFlowClient.java
[[1;31mERROR[m]     file does not contain class com.ai4kb.backend.common.client.RagFlowClient
[[1;31mERROR[m]     Please remove or make sure it appears in the correct subdirectory of the sourcepath.
[[1;31mERROR[m] /home/ubutnu/code/AI4LocalKnowledgeBase/backend/src/main/java/com/ai4kb/backend/admin/controller/AdminController.java:[6,37] cannot access com.ai4kb.backend.user.mapper.PermissionMapper
[[1;31mERROR[m]   bad source file: /home/ubutnu/code/AI4LocalKnowledgeBase/backend/src/main/java/com/ai4kb/backend/user/mapper/PermissionMapper.java
[[1;31mERROR[m]     file does not contain class com.ai4kb.backend.user.mapper.PermissionMapper
[[1;31mERROR[m]     Please remove or make sure it appears in the correct subdirectory of the sourcepath.
[[1;31mERROR[m] /home/ubutnu/code/AI4LocalKnowledgeBase/backend/src/main/java/com/ai4kb/backend/admin/controller/AdminController.java:[7,37] cannot access com.ai4kb.backend.user.mapper.UserMapper
[[1;31mERROR[m]   bad source file: /home/ubutnu/code/AI4LocalKnowledgeBase/backend/src/main/java/com/ai4kb/backend/user/mapper/UserMapper.java
[[1;31mERROR[m]     file does not contain class com.ai4kb.backend.user.mapper.UserMapper
[[1;31mERROR[m]     Please remove or make sure it appears in the correct subdirectory of the sourcepath.
[[1;31mERROR[m] /home/ubutnu/code/AI4LocalKnowledgeBase/backend/src/main/java/com/ai4kb/backend/common/client/RagFlowClient.java:[22,8] duplicate class: com.ai4kb.backend.client.RagFlowClient
[[1;31mERROR[m] /home/ubutnu/code/AI4LocalKnowledgeBase/backend/src/main/java/com/ai4kb/backend/user/mapper/PermissionMapper.java:[8,8] duplicate class: com.ai4kb.backend.mapper.PermissionMapper
[[1;31mERROR[m] /home/ubutnu/code/AI4LocalKnowledgeBase/backend/src/main/java/com/ai4kb/backend/user/mapper/UserMapper.java:[8,8] duplicate class: com.ai4kb.backend.mapper.UserMapper
[[1;31mERROR[m] /home/ubutnu/code/AI4LocalKnowledgeBase/backend/src/main/java/com/ai4kb/backend/admin/controller/AdminController.java:[25,19] cannot find symbol
[[1;31mERROR[m]   symbol:   class RagFlowClient
[[1;31mERROR[m]   location: class com.ai4kb.backend.admin.controller.AdminController
[[1;31mERROR[m] /home/ubutnu/code/AI4LocalKnowledgeBase/backend/src/main/java/com/ai4kb/backend/admin/controller/AdminController.java:[26,19] cannot find symbol
[[1;31mERROR[m]   symbol:   class UserMapper
[[1;31mERROR[m]   location: class com.ai4kb.backend.admin.controller.AdminController
[[1;31mERROR[m] /home/ubutnu/code/AI4LocalKnowledgeBase/backend/src/main/java/com/ai4kb/backend/admin/controller/AdminController.java:[27,19] cannot find symbol
[[1;31mERROR[m]   symbol:   class PermissionMapper
[[1;31mERROR[m]   location: class com.ai4kb.backend.admin.controller.AdminController
[[1;31mERROR[m] /home/ubutnu/code/AI4LocalKnowledgeBase/backend/src/main/java/com/ai4kb/backend/knowledge/controller/DocumentController.java:[21,19] cannot find symbol
[[1;31mERROR[m]   symbol:   class RagFlowClient
[[1;31mERROR[m]   location: class com.ai4kb.backend.knowledge.controller.DocumentController
[[1;31mERROR[m] /home/ubutnu/code/AI4LocalKnowledgeBase/backend/src/main/java/com/ai4kb/backend/rag/processor/impl/RagDirectProcessor.java:[32,19] cannot find symbol
[[1;31mERROR[m]   symbol:   class RagFlowClient
[[1;31mERROR[m]   location: class com.ai4kb.backend.rag.processor.impl.RagDirectProcessor
[[1;31mERROR[m] /home/ubutnu/code/AI4LocalKnowledgeBase/backend/src/main/java/com/ai4kb/backend/rag/processor/impl/RagDirectProcessor.java:[33,19] cannot find symbol
[[1;31mERROR[m]   symbol:   class PermissionMapper
[[1;31mERROR[m]   location: class com.ai4kb.backend.rag.processor.impl.RagDirectProcessor
[[1;31mERROR[m] /home/ubutnu/code/AI4LocalKnowledgeBase/backend/src/main/java/com/ai4kb/backend/rag/processor/impl/RagDirectProcessor.java:[34,19] cannot find symbol
[[1;31mERROR[m]   symbol:   class UserMapper
[[1;31mERROR[m]   location: class com.ai4kb.backend.rag.processor.impl.RagDirectProcessor
[[1;31mERROR[m] /home/ubutnu/code/AI4LocalKnowledgeBase/backend/src/main/java/com/ai4kb/backend/common/client/RagFlowClient.java:[134,9] cannot find symbol
[[1;31mERROR[m]   symbol:   variable log
[[1;31mERROR[m]   location: class com.ai4kb.backend.client.RagFlowClient
[[1;31mERROR[m] /home/ubutnu/code/AI4LocalKnowledgeBase/backend/src/main/java/com/ai4kb/backend/common/client/RagFlowClient.java:[143,38] cannot find symbol
[[1;31mERROR[m]   symbol:   variable log
[[1;31mERROR[m]   location: class com.ai4kb.backend.client.RagFlowClient
[[1;31mERROR[m] /home/ubutnu/code/AI4LocalKnowledgeBase/backend/src/main/java/com/ai4kb/backend/common/client/RagFlowClient.java:[144,33] cannot find symbol
[[1;31mERROR[m]   symbol:   variable log
[[1;31mERROR[m]   location: class com.ai4kb.backend.client.RagFlowClient
[[1;31mERROR[m] /home/ubutnu/code/AI4LocalKnowledgeBase/backend/src/main/java/com/ai4kb/backend/common/client/RagFlowClient.java:[309,9] cannot find symbol
[[1;31mERROR[m]   symbol:   variable log
[[1;31mERROR[m]   location: class com.ai4kb.backend.client.RagFlowClient
[[1;31mERROR[m] /home/ubutnu/code/AI4LocalKnowledgeBase/backend/src/main/java/com/ai4kb/backend/common/client/RagFlowClient.java:[316,21] cannot find symbol
[[1;31mERROR[m]   symbol:   variable log
[[1;31mERROR[m]   location: class com.ai4kb.backend.client.RagFlowClient
[[1;31mERROR[m] /home/ubutnu/code/AI4LocalKnowledgeBase/backend/src/main/java/com/ai4kb/backend/common/client/RagFlowClient.java:[318,25] cannot find symbol
[[1;31mERROR[m]   symbol:   variable log
[[1;31mERROR[m]   location: class com.ai4kb.backend.client.RagFlowClient
[[1;31mERROR[m] /home/ubutnu/code/AI4LocalKnowledgeBase/backend/src/main/java/com/ai4kb/backend/common/client/RagFlowClient.java:[323,39] cannot find symbol
[[1;31mERROR[m]   symbol:   variable log
[[1;31mERROR[m]   location: class com.ai4kb.backend.client.RagFlowClient
[[1;31mERROR[m] /home/ubutnu/code/AI4LocalKnowledgeBase/backend/src/main/java/com/ai4kb/backend/engine/controller/AgentController.java:[22,50] cannot find symbol
[[1;31mERROR[m]   symbol:   method getConversationId()
[[1;31mERROR[m]   location: variable request of type com.ai4kb.backend.engine.controller.AgentController.ChatRequest
[[1;31mERROR[m] /home/ubutnu/code/AI4LocalKnowledgeBase/backend/src/main/java/com/ai4kb/backend/engine/controller/AgentController.java:[22,87] cannot find symbol
[[1;31mERROR[m]   symbol:   method getQuery()
[[1;31mERROR[m]   location: variable request of type com.ai4kb.backend.engine.controller.AgentController.ChatRequest
[[1;31mERROR[m] /home/ubutnu/code/AI4LocalKnowledgeBase/backend/src/main/java/com/ai4kb/backend/engine/controller/AgentController.java:[28,24] cannot find symbol
[[1;31mERROR[m]   symbol:   method getConversationId()
[[1;31mERROR[m]   location: variable request of type com.ai4kb.backend.engine.controller.AgentController.ToolApproveRequest
[[1;31mERROR[m] /home/ubutnu/code/AI4LocalKnowledgeBase/backend/src/main/java/com/ai4kb/backend/engine/controller/AgentController.java:[29,24] cannot find symbol
[[1;31mERROR[m]   symbol:   method getToolCallId()
[[1;31mERROR[m]   location: variable request of type com.ai4kb.backend.engine.controller.AgentController.ToolApproveRequest
[[1;31mERROR[m] /home/ubutnu/code/AI4LocalKnowledgeBase/backend/src/main/java/com/ai4kb/backend/engine/controller/AgentController.java:[30,24] cannot find symbol
[[1;31mERROR[m]   symbol:   method getReviewedArgs()
[[1;31mERROR[m]   location: variable request of type com.ai4kb.backend.engine.controller.AgentController.ToolApproveRequest
[[1;31mERROR[m] /home/ubutnu/code/AI4LocalKnowledgeBase/backend/src/main/java/com/ai4kb/backend/engine/service/EngineOrchestrator.java:[30,38] cannot find symbol
[[1;31mERROR[m]   symbol:   method builder()
[[1;31mERROR[m]   location: class com.ai4kb.backend.engine.model.ConversationState
[[1;31mERROR[m] /home/ubutnu/code/AI4LocalKnowledgeBase/backend/src/main/java/com/ai4kb/backend/engine/service/EngineOrchestrator.java:[39,14] cannot find symbol
[[1;31mERROR[m]   symbol:   method getMemoryWindow()
[[1;31mERROR[m]   location: variable state of type com.ai4kb.backend.engine.model.ConversationState
[[1;31mERROR[m] /home/ubutnu/code/AI4LocalKnowledgeBase/backend/src/main/java/com/ai4kb/backend/engine/service/EngineOrchestrator.java:[39,44] cannot find symbol
[[1;31mERROR[m]   symbol:   method builder()
[[1;31mERROR[m]   location: class com.ai4kb.backend.engine.model.Message
[[1;31mERROR[m] /home/ubutnu/code/AI4LocalKnowledgeBase/backend/src/main/java/com/ai4kb/backend/engine/service/EngineOrchestrator.java:[58,14] cannot find symbol
[[1;31mERROR[m]   symbol:   method setReviewedArgs(java.lang.String)
[[1;31mERROR[m]   location: variable draft of type com.ai4kb.backend.engine.model.ToolCallDraft
[[1;31mERROR[m] /home/ubutnu/code/AI4LocalKnowledgeBase/backend/src/main/java/com/ai4kb/backend/engine/service/EngineOrchestrator.java:[59,14] cannot find symbol
[[1;31mERROR[m]   symbol:   method setApprovalStatus(java.lang.String)
[[1;31mERROR[m]   location: variable draft of type com.ai4kb.backend.engine.model.ToolCallDraft
[[1;31mERROR[m] /home/ubutnu/code/AI4LocalKnowledgeBase/backend/src/main/java/com/ai4kb/backend/engine/service/EngineOrchestrator.java:[62,14] cannot find symbol
[[1;31mERROR[m]   symbol:   method setStatus(java.lang.String)
[[1;31mERROR[m]   location: variable state of type com.ai4kb.backend.engine.model.ConversationState
[[1;31mERROR[m] /home/ubutnu/code/AI4LocalKnowledgeBase/backend/src/main/java/com/ai4kb/backend/engine/service/EngineOrchestrator.java:[63,14] cannot find symbol
[[1;31mERROR[m]   symbol:   method getMemoryWindow()
[[1;31mERROR[m]   location: variable state of type com.ai4kb.backend.engine.model.ConversationState
[[1;31mERROR[m] /home/ubutnu/code/AI4LocalKnowledgeBase/backend/src/main/java/com/ai4kb/backend/engine/service/EngineOrchestrator.java:[63,44] cannot find symbol
[[1;31mERROR[m]   symbol:   method builder()
[[1;31mERROR[m]   location: class com.ai4kb.backend.engine.model.Message
[[1;31mERROR[m] /home/ubutnu/code/AI4LocalKnowledgeBase/backend/src/main/java/com/ai4kb/backend/engine/service/EngineOrchestrator.java:[65,28] cannot find symbol
[[1;31mERROR[m]   symbol:   method getToolName()
[[1;31mERROR[m]   location: variable draft of type com.ai4kb.backend.engine.model.ToolCallDraft
[[1;31mERROR[m] /home/ubutnu/code/AI4LocalKnowledgeBase/backend/src/main/java/com/ai4kb/backend/engine/service/EngineOrchestrator.java:[85,41] cannot find symbol
[[1;31mERROR[m]   symbol:   method builder()
[[1;31mERROR[m]   location: class com.ai4kb.backend.engine.model.openai.OpenAiChatRequest.Tool
[[1;31mERROR[m] /home/ubutnu/code/AI4LocalKnowledgeBase/backend/src/main/java/com/ai4kb/backend/engine/service/EngineOrchestrator.java:[87,53] cannot find symbol
[[1;31mERROR[m]   symbol:   method builder()
[[1;31mERROR[m]   location: class com.ai4kb.backend.engine.model.openai.OpenAiChatRequest.Function
[[1;31mERROR[m] /home/ubutnu/code/AI4LocalKnowledgeBase/backend/src/main/java/com/ai4kb/backend/engine/service/EngineOrchestrator.java:[94,54] cannot find symbol
[[1;31mERROR[m]   symbol:   method builder()
[[1;31mERROR[m]   location: class com.ai4kb.backend.engine.model.openai.OpenAiChatRequest
[[1;31mERROR[m] /home/ubutnu/code/AI4LocalKnowledgeBase/backend/src/main/java/com/ai4kb/backend/engine/service/EngineOrchestrator.java:[95,32] cannot find symbol
[[1;31mERROR[m]   symbol:   method getMemoryWindow()
[[1;31mERROR[m]   location: variable state of type com.ai4kb.backend.engine.model.ConversationState
[[1;31mERROR[m] /home/ubutnu/code/AI4LocalKnowledgeBase/backend/src/main/java/com/ai4kb/backend/engine/service/EngineOrchestrator.java:[106,33] cannot find symbol
[[1;31mERROR[m]   symbol:   method getChoices()
[[1;31mERROR[m]   location: variable response of type com.ai4kb.backend.engine.model.openai.OpenAiChatResponse
[[1;31mERROR[m] /home/ubutnu/code/AI4LocalKnowledgeBase/backend/src/main/java/com/ai4kb/backend/engine/service/EngineOrchestrator.java:[106,67] cannot find symbol
[[1;31mERROR[m]   symbol:   method getChoices()
[[1;31mERROR[m]   location: variable response of type com.ai4kb.backend.engine.model.openai.OpenAiChatResponse
[[1;31mERROR[m] /home/ubutnu/code/AI4LocalKnowledgeBase/backend/src/main/java/com/ai4kb/backend/engine/service/EngineOrchestrator.java:[107,68] cannot find symbol
[[1;31mERROR[m]   symbol:   method getChoices()
[[1;31mERROR[m]   location: variable response of type com.ai4kb.backend.engine.model.openai.OpenAiChatResponse
[[1;31mERROR[m] /home/ubutnu/code/AI4LocalKnowledgeBase/backend/src/main/java/com/ai4kb/backend/engine/service/EngineOrchestrator.java:[108,64] cannot find symbol
[[1;31mERROR[m]   symbol:   method getDelta()
[[1;31mERROR[m]   location: variable choice of type com.ai4kb.backend.engine.model.openai.OpenAiChatResponse.Choice
[[1;31mERROR[m] /home/ubutnu/code/AI4LocalKnowledgeBase/backend/src/main/java/com/ai4kb/backend/engine/service/EngineOrchestrator.java:[111,38] cannot find symbol
[[1;31mERROR[m]   symbol:   method getToolCalls()
[[1;31mERROR[m]   location: variable delta of type com.ai4kb.backend.engine.model.openai.OpenAiChatResponse.Delta
[[1;31mERROR[m] /home/ubutnu/code/AI4LocalKnowledgeBase/backend/src/main/java/com/ai4kb/backend/engine/service/EngineOrchestrator.java:[111,71] cannot find symbol
[[1;31mERROR[m]   symbol:   method getToolCalls()
[[1;31mERROR[m]   location: variable delta of type com.ai4kb.backend.engine.model.openai.OpenAiChatResponse.Delta
[[1;31mERROR[m] /home/ubutnu/code/AI4LocalKnowledgeBase/backend/src/main/java/com/ai4kb/backend/engine/service/EngineOrchestrator.java:[112,71] cannot find symbol
[[1;31mERROR[m]   symbol:   method getToolCalls()
[[1;31mERROR[m]   location: variable delta of type com.ai4kb.backend.engine.model.openai.OpenAiChatResponse.Delta
[[1;31mERROR[m] /home/ubutnu/code/AI4LocalKnowledgeBase/backend/src/main/java/com/ai4kb/backend/engine/service/EngineOrchestrator.java:[113,39] cannot find symbol
[[1;31mERROR[m]   symbol:   method getId()
[[1;31mERROR[m]   location: variable tc of type com.ai4kb.backend.engine.model.openai.OpenAiChatResponse.ToolCall
[[1;31mERROR[m] /home/ubutnu/code/AI4LocalKnowledgeBase/backend/src/main/java/com/ai4kb/backend/engine/service/EngineOrchestrator.java:[114,58] cannot find symbol
[[1;31mERROR[m]   symbol:   method getId()
[[1;31mERROR[m]   location: variable tc of type com.ai4kb.backend.engine.model.openai.OpenAiChatResponse.ToolCall
[[1;31mERROR[m] /home/ubutnu/code/AI4LocalKnowledgeBase/backend/src/main/java/com/ai4kb/backend/engine/service/EngineOrchestrator.java:[116,39] cannot find symbol
[[1;31mERROR[m]   symbol:   method getFunction()
[[1;31mERROR[m]   location: variable tc of type com.ai4kb.backend.engine.model.openai.OpenAiChatResponse.ToolCall
[[1;31mERROR[m] /home/ubutnu/code/AI4LocalKnowledgeBase/backend/src/main/java/com/ai4kb/backend/engine/service/EngineOrchestrator.java:[117,43] cannot find symbol
[[1;31mERROR[m]   symbol:   method getFunction()
[[1;31mERROR[m]   location: variable tc of type com.ai4kb.backend.engine.model.openai.OpenAiChatResponse.ToolCall
[[1;31mERROR[m] /home/ubutnu/code/AI4LocalKnowledgeBase/backend/src/main/java/com/ai4kb/backend/engine/service/EngineOrchestrator.java:[118,59] cannot find symbol
[[1;31mERROR[m]   symbol:   method getFunction()
[[1;31mERROR[m]   location: variable tc of type com.ai4kb.backend.engine.model.openai.OpenAiChatResponse.ToolCall
[[1;31mERROR[m] /home/ubutnu/code/AI4LocalKnowledgeBase/backend/src/main/java/com/ai4kb/backend/engine/service/EngineOrchestrator.java:[120,43] cannot find symbol
[[1;31mERROR[m]   symbol:   method getFunction()
[[1;31mERROR[m]   location: variable tc of type com.ai4kb.backend.engine.model.openai.OpenAiChatResponse.ToolCall
[[1;31mERROR[m] /home/ubutnu/code/AI4LocalKnowledgeBase/backend/src/main/java/com/ai4kb/backend/engine/service/EngineOrchestrator.java:[121,59] cannot find symbol
[[1;31mERROR[m]   symbol:   method getFunction()
[[1;31mERROR[m]   location: variable tc of type com.ai4kb.backend.engine.model.openai.OpenAiChatResponse.ToolCall
[[1;31mERROR[m] /home/ubutnu/code/AI4LocalKnowledgeBase/backend/src/main/java/com/ai4kb/backend/engine/service/EngineOrchestrator.java:[127,38] cannot find symbol
[[1;31mERROR[m]   symbol:   method getContent()
[[1;31mERROR[m]   location: variable delta of type com.ai4kb.backend.engine.model.openai.OpenAiChatResponse.Delta
[[1;31mERROR[m] /home/ubutnu/code/AI4LocalKnowledgeBase/backend/src/main/java/com/ai4kb/backend/engine/service/EngineOrchestrator.java:[128,60] cannot find symbol
[[1;31mERROR[m]   symbol:   method getContent()
[[1;31mERROR[m]   location: variable delta of type com.ai4kb.backend.engine.model.openai.OpenAiChatResponse.Delta
[[1;31mERROR[m] /home/ubutnu/code/AI4LocalKnowledgeBase/backend/src/main/java/com/ai4kb/backend/engine/service/EngineOrchestrator.java:[131,52] cannot find symbol
[[1;31mERROR[m]   symbol:   method getContent()
[[1;31mERROR[m]   location: variable delta of type com.ai4kb.backend.engine.model.openai.OpenAiChatResponse.Delta
[[1;31mERROR[m] /home/ubutnu/code/AI4LocalKnowledgeBase/backend/src/main/java/com/ai4kb/backend/engine/service/EngineOrchestrator.java:[148,63] cannot find symbol
[[1;31mERROR[m]   symbol:   method builder()
[[1;31mERROR[m]   location: class com.ai4kb.backend.engine.model.Message.ToolCall
[[1;31mERROR[m] /home/ubutnu/code/AI4LocalKnowledgeBase/backend/src/main/java/com/ai4kb/backend/engine/service/EngineOrchestrator.java:[151,59] cannot find symbol
[[1;31mERROR[m]   symbol:   method builder()
[[1;31mERROR[m]   location: class com.ai4kb.backend.engine.model.Message.Function
[[1;31mERROR[m] /home/ubutnu/code/AI4LocalKnowledgeBase/backend/src/main/java/com/ai4kb/backend/engine/service/EngineOrchestrator.java:[157,50] cannot find symbol
[[1;31mERROR[m]   symbol:   method builder()
[[1;31mERROR[m]   location: class com.ai4kb.backend.engine.model.Message
[[1;31mERROR[m] /home/ubutnu/code/AI4LocalKnowledgeBase/backend/src/main/java/com/ai4kb/backend/engine/service/EngineOrchestrator.java:[161,30] cannot find symbol
[[1;31mERROR[m]   symbol:   method getMemoryWindow()
[[1;31mERROR[m]   location: variable state of type com.ai4kb.backend.engine.model.ConversationState
[[1;31mERROR[m] /home/ubutnu/code/AI4LocalKnowledgeBase/backend/src/main/java/com/ai4kb/backend/engine/service/EngineOrchestrator.java:[162,30] cannot find symbol
[[1;31mERROR[m]   symbol:   method setStatus(java.lang.String)
[[1;31mERROR[m]   location: variable state of type com.ai4kb.backend.engine.model.ConversationState
[[1;31mERROR[m] /home/ubutnu/code/AI4LocalKnowledgeBase/backend/src/main/java/com/ai4kb/backend/engine/service/EngineOrchestrator.java:[163,30] cannot find symbol
[[1;31mERROR[m]   symbol:   method setPendingToolCallId(java.lang.String)
[[1;31mERROR[m]   location: variable state of type com.ai4kb.backend.engine.model.ConversationState
[[1;31mERROR[m] /home/ubutnu/code/AI4LocalKnowledgeBase/backend/src/main/java/com/ai4kb/backend/engine/service/EngineOrchestrator.java:[166,60] cannot find symbol
[[1;31mERROR[m]   symbol:   method builder()
[[1;31mERROR[m]   location: class com.ai4kb.backend.engine.model.ToolCallDraft
[[1;31mERROR[m] /home/ubutnu/code/AI4LocalKnowledgeBase/backend/src/main/java/com/ai4kb/backend/engine/service/EngineOrchestrator.java:[184,29] cannot find symbol
[[1;31mERROR[m]   symbol:   variable log
[[1;31mERROR[m]   location: class com.ai4kb.backend.engine.service.EngineOrchestrator
[[1;31mERROR[m] /home/ubutnu/code/AI4LocalKnowledgeBase/backend/src/main/java/com/ai4kb/backend/engine/service/EngineOrchestrator.java:[188,30] cannot find symbol
[[1;31mERROR[m]   symbol:   method getMemoryWindow()
[[1;31mERROR[m]   location: variable state of type com.ai4kb.backend.engine.model.ConversationState
[[1;31mERROR[m] /home/ubutnu/code/AI4LocalKnowledgeBase/backend/src/main/java/com/ai4kb/backend/engine/service/EngineOrchestrator.java:[188,60] cannot find symbol
[[1;31mERROR[m]   symbol:   method builder()
[[1;31mERROR[m]   location: class com.ai4kb.backend.engine.model.Message
[[1;31mERROR[m] /home/ubutnu/code/AI4LocalKnowledgeBase/backend/src/main/java/com/ai4kb/backend/engine/service/EngineOrchestrator.java:[192,30] cannot find symbol
[[1;31mERROR[m]   symbol:   method setStatus(java.lang.String)
[[1;31mERROR[m]   location: variable state of type com.ai4kb.backend.engine.model.ConversationState
[[1;31mERROR[m] /home/ubutnu/code/AI4LocalKnowledgeBase/backend/src/main/java/com/ai4kb/backend/engine/service/LlmClient.java:[26,32] cannot find symbol
[[1;31mERROR[m]   symbol:   method getModel()
[[1;31mERROR[m]   location: variable config of type com.ai4kb.backend.engine.config.LlmConfigProperties
[[1;31mERROR[m] /home/ubutnu/code/AI4LocalKnowledgeBase/backend/src/main/java/com/ai4kb/backend/engine/service/LlmClient.java:[27,16] cannot find symbol
[[1;31mERROR[m]   symbol:   method setStream(boolean)
[[1;31mERROR[m]   location: variable request of type com.ai4kb.backend.engine.model.openai.OpenAiChatRequest
[[1;31mERROR[m] /home/ubutnu/code/AI4LocalKnowledgeBase/backend/src/main/java/com/ai4kb/backend/engine/service/LlmClient.java:[29,62] cannot find symbol
[[1;31mERROR[m]   symbol:   method getBaseUrl()
[[1;31mERROR[m]   location: variable config of type com.ai4kb.backend.engine.config.LlmConfigProperties
[[1;31mERROR[m] /home/ubutnu/code/AI4LocalKnowledgeBase/backend/src/main/java/com/ai4kb/backend/engine/service/LlmClient.java:[33,60] cannot find symbol
[[1;31mERROR[m]   symbol:   method getApiKey()
[[1;31mERROR[m]   location: variable config of type com.ai4kb.backend.engine.config.LlmConfigProperties
[[1;31mERROR[m] /home/ubutnu/code/AI4LocalKnowledgeBase/backend/src/main/java/com/ai4kb/backend/engine/service/LlmClient.java:[44,25] cannot find symbol
[[1;31mERROR[m]   symbol:   variable log
[[1;31mERROR[m]   location: class com.ai4kb.backend.engine.service.LlmClient
[[1;31mERROR[m] /home/ubutnu/code/AI4LocalKnowledgeBase/backend/src/main/java/com/ai4kb/backend/engine/service/ConversationService.java:[22,42] cannot find symbol
[[1;31mERROR[m]   symbol:   method getConversationId()
[[1;31mERROR[m]   location: variable state of type com.ai4kb.backend.engine.model.ConversationState
[[1;31mERROR[m] /home/ubutnu/code/AI4LocalKnowledgeBase/backend/src/main/java/com/ai4kb/backend/engine/service/ConversationService.java:[32,42] cannot find symbol
[[1;31mERROR[m]   symbol:   method getToolCallId()
[[1;31mERROR[m]   location: variable draft of type com.ai4kb.backend.engine.model.ToolCallDraft
[[1;31mERROR[m] /home/ubutnu/code/AI4LocalKnowledgeBase/backend/src/main/java/com/ai4kb/backend/knowledge/controller/DocumentController.java:[29,33] cannot find symbol
[[1;31mERROR[m]   symbol:   variable log
[[1;31mERROR[m]   location: class com.ai4kb.backend.knowledge.controller.DocumentController
[[1;31mERROR[m] /home/ubutnu/code/AI4LocalKnowledgeBase/backend/src/main/java/com/ai4kb/backend/knowledge/controller/DocumentController.java:[35,9] cannot find symbol
[[1;31mERROR[m]   symbol:   variable log
[[1;31mERROR[m]   location: class com.ai4kb.backend.knowledge.controller.DocumentController
[[1;31mERROR[m] /home/ubutnu/code/AI4LocalKnowledgeBase/backend/src/main/java/com/ai4kb/backend/knowledge/controller/DocumentController.java:[38,21] cannot find symbol
[[1;31mERROR[m]   symbol:   variable log
[[1;31mERROR[m]   location: class com.ai4kb.backend.knowledge.controller.DocumentController
[[1;31mERROR[m] /home/ubutnu/code/AI4LocalKnowledgeBase/backend/src/main/java/com/ai4kb/backend/knowledge/controller/DocumentController.java:[45,21] cannot find symbol
[[1;31mERROR[m]   symbol:   variable log
[[1;31mERROR[m]   location: class com.ai4kb.backend.knowledge.controller.DocumentController
[[1;31mERROR[m] /home/ubutnu/code/AI4LocalKnowledgeBase/backend/src/main/java/com/ai4kb/backend/rag/processor/impl/MockAgentProcessor.java:[16,9] cannot find symbol
[[1;31mERROR[m]   symbol:   variable log
[[1;31mERROR[m]   location: class com.ai4kb.backend.rag.processor.impl.MockAgentProcessor
[[1;31mERROR[m] /home/ubutnu/code/AI4LocalKnowledgeBase/backend/src/main/java/com/ai4kb/backend/rag/processor/impl/RagDirectProcessor.java:[111,33] cannot find symbol
[[1;31mERROR[m]   symbol:   variable log
[[1;31mERROR[m]   location: class com.ai4kb.backend.rag.processor.impl.RagDirectProcessor
[[1;31mERROR[m] /home/ubutnu/code/AI4LocalKnowledgeBase/backend/src/main/java/com/ai4kb/backend/rag/processor/impl/RagDirectProcessor.java:[130,21] cannot find symbol
[[1;31mERROR[m]   symbol:   variable log
[[1;31mERROR[m]   location: class com.ai4kb.backend.rag.processor.impl.RagDirectProcessor
[[1;31mERROR[m] -> [1m[Help 1][m
[1;31morg.apache.maven.lifecycle.LifecycleExecutionException[m: [1;31mFailed to execute goal [32morg.apache.maven.plugins:maven-compiler-plugin:3.13.0:compile[m [1m(default-compile)[m on project [36mbackend[m: [1;31mCompilation failure[m[m
    [1mat[m org.apache.maven.lifecycle.internal.MojoExecutor.doExecute2 ([1mMojoExecutor.java:375[m)
    [1mat[m org.apache.maven.lifecycle.internal.MojoExecutor.doExecute ([1mMojoExecutor.java:351[m)
    [1mat[m org.apache.maven.lifecycle.internal.MojoExecutor.execute ([1mMojoExecutor.java:215[m)
    [1mat[m org.apache.maven.lifecycle.internal.MojoExecutor.execute ([1mMojoExecutor.java:171[m)
    [1mat[m org.apache.maven.lifecycle.internal.MojoExecutor.execute ([1mMojoExecutor.java:163[m)
    [1mat[m org.apache.maven.lifecycle.internal.LifecycleModuleBuilder.buildProject ([1mLifecycleModuleBuilder.java:117[m)
    [1mat[m org.apache.maven.lifecycle.internal.LifecycleModuleBuilder.buildProject ([1mLifecycleModuleBuilder.java:81[m)
    [1mat[m org.apache.maven.lifecycle.internal.builder.singlethreaded.SingleThreadedBuilder.build ([1mSingleThreadedBuilder.java:56[m)
    [1mat[m org.apache.maven.lifecycle.internal.LifecycleStarter.execute ([1mLifecycleStarter.java:128[m)
    [1mat[m org.apache.maven.DefaultMaven.doExecute ([1mDefaultMaven.java:298[m)
    [1mat[m org.apache.maven.DefaultMaven.doExecute ([1mDefaultMaven.java:192[m)
    [1mat[m org.apache.maven.DefaultMaven.execute ([1mDefaultMaven.java:105[m)
    [1mat[m org.apache.maven.cli.MavenCli.execute ([1mMavenCli.java:960[m)
    [1mat[m org.apache.maven.cli.MavenCli.doMain ([1mMavenCli.java:293[m)
    [1mat[m org.apache.maven.cli.MavenCli.main ([1mMavenCli.java:196[m)
    [1mat[m jdk.internal.reflect.DirectMethodHandleAccessor.invoke ([1mDirectMethodHandleAccessor.java:103[m)
    [1mat[m java.lang.reflect.Method.invoke ([1mMethod.java:580[m)
    [1mat[m org.codehaus.plexus.classworlds.launcher.Launcher.launchEnhanced ([1mLauncher.java:283[m)
    [1mat[m org.codehaus.plexus.classworlds.launcher.Launcher.launch ([1mLauncher.java:226[m)
    [1mat[m org.codehaus.plexus.classworlds.launcher.Launcher.mainWithExitCode ([1mLauncher.java:407[m)
    [1mat[m org.codehaus.plexus.classworlds.launcher.Launcher.main ([1mLauncher.java:348[m)
[1mCaused by[m: org.apache.maven.plugin.compiler.CompilationFailureException: [1;31mCompilation failure[m
    [1mat[m org.apache.maven.plugin.compiler.AbstractCompilerMojo.execute ([1mAbstractCompilerMojo.java:1309[m)
    [1mat[m org.apache.maven.plugin.compiler.CompilerMojo.execute ([1mCompilerMojo.java:215[m)
    [1mat[m org.apache.maven.plugin.DefaultBuildPluginManager.executeMojo ([1mDefaultBuildPluginManager.java:137[m)
    [1mat[m org.apache.maven.lifecycle.internal.MojoExecutor.doExecute2 ([1mMojoExecutor.java:370[m)
    [1mat[m org.apache.maven.lifecycle.internal.MojoExecutor.doExecute ([1mMojoExecutor.java:351[m)
    [1mat[m org.apache.maven.lifecycle.internal.MojoExecutor.execute ([1mMojoExecutor.java:215[m)
    [1mat[m org.apache.maven.lifecycle.internal.MojoExecutor.execute ([1mMojoExecutor.java:171[m)
    [1mat[m org.apache.maven.lifecycle.internal.MojoExecutor.execute ([1mMojoExecutor.java:163[m)
    [1mat[m org.apache.maven.lifecycle.internal.LifecycleModuleBuilder.buildProject ([1mLifecycleModuleBuilder.java:117[m)
    [1mat[m org.apache.maven.lifecycle.internal.LifecycleModuleBuilder.buildProject ([1mLifecycleModuleBuilder.java:81[m)
    [1mat[m org.apache.maven.lifecycle.internal.builder.singlethreaded.SingleThreadedBuilder.build ([1mSingleThreadedBuilder.java:56[m)
    [1mat[m org.apache.maven.lifecycle.internal.LifecycleStarter.execute ([1mLifecycleStarter.java:128[m)
    [1mat[m org.apache.maven.DefaultMaven.doExecute ([1mDefaultMaven.java:298[m)
    [1mat[m org.apache.maven.DefaultMaven.doExecute ([1mDefaultMaven.java:192[m)
    [1mat[m org.apache.maven.DefaultMaven.execute ([1mDefaultMaven.java:105[m)
    [1mat[m org.apache.maven.cli.MavenCli.execute ([1mMavenCli.java:960[m)
    [1mat[m org.apache.maven.cli.MavenCli.doMain ([1mMavenCli.java:293[m)
    [1mat[m org.apache.maven.cli.MavenCli.main ([1mMavenCli.java:196[m)
    [1mat[m jdk.internal.reflect.DirectMethodHandleAccessor.invoke ([1mDirectMethodHandleAccessor.java:103[m)
    [1mat[m java.lang.reflect.Method.invoke ([1mMethod.java:580[m)
    [1mat[m org.codehaus.plexus.classworlds.launcher.Launcher.launchEnhanced ([1mLauncher.java:283[m)
    [1mat[m org.codehaus.plexus.classworlds.launcher.Launcher.launch ([1mLauncher.java:226[m)
    [1mat[m org.codehaus.plexus.classworlds.launcher.Launcher.mainWithExitCode ([1mLauncher.java:407[m)
    [1mat[m org.codehaus.plexus.classworlds.launcher.Launcher.main ([1mLauncher.java:348[m)
[[1;31mERROR[m] 
[[1;31mERROR[m] 
[[1;31mERROR[m] For more information about the errors and possible solutions, please read the following articles:
[[1;31mERROR[m] [1m[Help 1][m http://cwiki.apache.org/confluence/display/MAVEN/MojoFailureException
