[[1;34mINFO[m] Scanning for projects...
[[1;34mINFO[m] 
[[1;34mINFO[m] [1m-------------------------< [0;36mcom.ai4kb:backend[0;1m >--------------------------[m
[[1;34mINFO[m] [1mBuilding backend 0.0.1-SNAPSHOT[m
[[1;34mINFO[m] [1m--------------------------------[ jar ]---------------------------------[m
[[1;34mINFO[m] 
[[1;34mINFO[m] [1m--- [0;32mmaven-clean-plugin:3.3.2:clean[m [1m(default-clean)[m @ [36mbackend[0;1m ---[m
[[1;34mINFO[m] Deleting /home/ubutnu/code/AI4LocalKnowledgeBase/backend/target
[[1;34mINFO[m] 
[[1;34mINFO[m] [1m--- [0;32mmaven-resources-plugin:3.3.1:resources[m [1m(default-resources)[m @ [36mbackend[0;1m ---[m
[[1;34mINFO[m] Copying 1 resource from src/main/resources to target/classes
[[1;34mINFO[m] Copying 0 resource from src/main/resources to target/classes
[[1;34mINFO[m] 
[[1;34mINFO[m] [1m--- [0;32mmaven-compiler-plugin:3.11.0:compile[m [1m(default-compile)[m @ [36mbackend[0;1m ---[m
[[1;34mINFO[m] Changes detected - recompiling the module! :source
[[1;34mINFO[m] Compiling 28 source files with javac [debug release 17] to target/classes
[[1;34mINFO[m] /home/ubutnu/code/AI4LocalKnowledgeBase/backend/src/main/java/com/ai4kb/backend/engine/service/EngineOrchestrator.java: Some input files use unchecked or unsafe operations.
[[1;34mINFO[m] /home/ubutnu/code/AI4LocalKnowledgeBase/backend/src/main/java/com/ai4kb/backend/engine/service/EngineOrchestrator.java: Recompile with -Xlint:unchecked for details.
[[1;34mINFO[m] -------------------------------------------------------------
[[1;31mERROR[m] COMPILATION ERROR : 
[[1;34mINFO[m] -------------------------------------------------------------
[[1;31mERROR[m] /home/ubutnu/code/AI4LocalKnowledgeBase/backend/src/main/java/com/ai4kb/backend/engine/service/EngineOrchestrator.java:[58,14] cannot find symbol
  symbol:   method setReviewedArgs(java.lang.String)
  location: variable draft of type com.ai4kb.backend.engine.model.ToolCallDraft
[[1;34mINFO[m] 1 error
[[1;34mINFO[m] -------------------------------------------------------------
[[1;34mINFO[m] [1m------------------------------------------------------------------------[m
[[1;34mINFO[m] [1;31mBUILD FAILURE[m
[[1;34mINFO[m] [1m------------------------------------------------------------------------[m
[[1;34mINFO[m] Total time:  2.113 s
[[1;34mINFO[m] Finished at: 2026-03-20T18:15:32+08:00
[[1;34mINFO[m] [1m------------------------------------------------------------------------[m
[[1;31mERROR[m] Failed to execute goal [32morg.apache.maven.plugins:maven-compiler-plugin:3.11.0:compile[m [1m(default-compile)[m on project [36mbackend[m: [1;31mCompilation failure[m
[[1;31mERROR[m] [1;31m/home/ubutnu/code/AI4LocalKnowledgeBase/backend/src/main/java/com/ai4kb/backend/engine/service/EngineOrchestrator.java:[58,14] cannot find symbol[m
[[1;31mERROR[m] [1;31m  symbol:   method setReviewedArgs(java.lang.String)[m
[[1;31mERROR[m] [1;31m  location: variable draft of type com.ai4kb.backend.engine.model.ToolCallDraft[m
[[1;31mERROR[m] [1;31m[m
[[1;31mERROR[m] -> [1m[Help 1][m
[[1;31mERROR[m] 
[[1;31mERROR[m] To see the full stack trace of the errors, re-run Maven with the [1m-e[m switch.
[[1;31mERROR[m] Re-run Maven using the [1m-X[m switch to enable full debug logging.
[[1;31mERROR[m] 
[[1;31mERROR[m] For more information about the errors and possible solutions, please read the following articles:
[[1;31mERROR[m] [1m[Help 1][m http://cwiki.apache.org/confluence/display/MAVEN/MojoFailureException
